03-08 17:13:44.157  3720  3720 D io_stats: !@   8,0 r 5544635 196756756 w 3473056 59887408 d 228586 22813892 f 1310852 1316049 iot 5261250 2943704 th 51200 0 0 pt 0 inp 0 0 645943.263
03-08 17:13:44.715 22672 22672 D CycledLeScannerForLollipop: Waiting to start full Bluetooth scan for another 19985 milliseconds
03-08 17:13:44.716 22672 22672 D CycledLeScannerForLollipop: Waiting to start full Bluetooth scan for another 19983 milliseconds
03-08 17:13:45.719 22672 22672 D CycledLeScannerForLollipop: Waiting to start full Bluetooth scan for another 18981 milliseconds
03-08 17:13:45.720 22672 22672 D CycledLeScannerForLollipop: Waiting to start full Bluetooth scan for another 18979 milliseconds
03-08 17:13:46.725 22672 22672 D CycledLeScannerForLollipop: Waiting to start full Bluetooth scan for another 17976 milliseconds
03-08 17:13:46.726 22672 22672 D CycledLeScannerForLollipop: Waiting to start full Bluetooth scan for another 17973 milliseconds
03-08 17:13:47.685  1440  8038 I ActivityManager: KPU : put [com.samsung.android.communicationservice] : 6623 K
03-08 17:13:47.687  1440  8038 I ActivityManager: Killing 23155:com.samsung.android.communicationservice/5002 (adj 906): DHA:empty #25
03-08 17:13:47.691  1440  8038 I ActivityManager: KPU : put [com.samsung.vvm] : 12094 K
03-08 17:13:47.692  1440  8038 I ActivityManager: Killing 28759:com.samsung.vvm/u0a174 (adj 906): DHA:empty #25
03-08 17:13:47.727 22672 22672 D CycledLeScannerForLollipop: Waiting to start full Bluetooth scan for another 16973 milliseconds
03-08 17:13:47.727 22672 22672 D CycledLeScannerForLollipop: Waiting to start full Bluetooth scan for another 16972 milliseconds
03-08 17:13:47.743  2986  3016 D ForegroundUtils: could not check pending caller
03-08 17:13:47.756  1440  7589 W ActivityManager: Scheduling restart of crashed service com.samsung.android.communicationservice/.ITransactionManagerService in 1000ms
03-08 17:13:47.758 23084 23084 D Mms/MmsApp: CommunicationService Disconnected
03-08 17:13:47.766  2986  3016 D ForegroundUtils: could not check pending caller
03-08 17:13:48.731 22672 22672 D CycledLeScannerForLollipop: Waiting to start full Bluetooth scan for another 15970 milliseconds
03-08 17:13:48.732 22672 22672 D CycledLeScannerForLollipop: Waiting to start full Bluetooth scan for another 15967 milliseconds
03-08 17:13:49.164  3720  3720 D io_stats: !@   8,0 r 5544658 196757824 w 3473058 59887456 d 228587 22813896 f 1310853 1316050 iot 5261270 2943713 th 51200 0 0 pt 0 inp 0 0 645948.270
03-08 17:13:49.531  1440  1857 W StorageManager: getStorageFullBytes DEFAULT_FULL_THRESHOLD_BYTES : 20971520, threadhold : 20971520
03-08 17:13:49.532  1440  1857 W StorageManager: getStorageLowBytes lowPercent : 5, lowBytes : 1225677414, maxLowBytes : 524288000
03-08 17:13:49.536  1440  1857 W DeviceStorageMonitorService: updateBroadcasts(/data) oldLevel:0, newLevel:0, seq:1
03-08 17:13:49.537  1440  1857 W DeviceStorageMonitorService: updateBroadcasts_filenode(/data) fn_oldLevel:0, fn_newLevel:0, seq:1
03-08 17:13:49.735 22672 22672 D CycledLeScannerForLollipop: Waiting to start full Bluetooth scan for another 14965 milliseconds
03-08 17:13:49.736 22672 22672 D CycledLeScannerForLollipop: Waiting to start full Bluetooth scan for another 14963 milliseconds
03-08 17:13:50.739 22672 22672 D CycledLeScannerForLollipop: Waiting to start full Bluetooth scan for another 13961 milliseconds
03-08 17:13:50.740 22672 22672 D CycledLeScannerForLollipop: Waiting to start full Bluetooth scan for another 13959 milliseconds
03-08 17:13:51.744 22672 22672 D CycledLeScannerForLollipop: Waiting to start full Bluetooth scan for another 12956 milliseconds
03-08 17:13:51.745 22672 22672 D CycledLeScannerForLollipop: Waiting to start full Bluetooth scan for another 12954 milliseconds
03-08 17:13:52.277   735   900 I qti_sensors_hal: processReportInd: Accel - X: -0.160 Y: 2.031 Z: 9.398
03-08 17:13:52.406  1440  5872 D SSRM:g  : SIOP:: AP = 220, PST = 223 (W:14), BAT = 253, CHG = 244
03-08 17:13:52.748 22672 22672 D CycledLeScannerForLollipop: Waiting to start full Bluetooth scan for another 11952 milliseconds
03-08 17:13:52.749 22672 22672 D CycledLeScannerForLollipop: Waiting to start full Bluetooth scan for another 11950 milliseconds
03-08 17:13:53.752 22672 22672 D CycledLeScannerForLollipop: Waiting to start full Bluetooth scan for another 10949 milliseconds
03-08 17:13:53.753 22672 22672 D CycledLeScannerForLollipop: Waiting to start full Bluetooth scan for another 10946 milliseconds
03-08 17:13:54.171  3720  3720 D io_stats: !@   8,0 r 5544658 196757824 w 3473066 59887492 d 228587 22813896 f 1310853 1316050 iot 5261270 2943715 th 51200 0 0 pt 0 inp 0 0 645953.276
03-08 17:13:54.754 22672 22672 D CycledLeScannerForLollipop: Waiting to start full Bluetooth scan for another 9946 milliseconds
03-08 17:13:54.755 22672 22672 D CycledLeScannerForLollipop: Waiting to start full Bluetooth scan for another 9944 milliseconds
03-08 17:13:55.757 22672 22672 D CycledLeScannerForLollipop: Waiting to start full Bluetooth scan for another 8943 milliseconds
03-08 17:13:55.758 22672 22672 D CycledLeScannerForLollipop: Waiting to start full Bluetooth scan for another 8941 milliseconds
03-08 17:13:56.760 22672 22672 D CycledLeScannerForLollipop: Waiting to start full Bluetooth scan for another 7941 milliseconds
03-08 17:13:56.760 22672 22672 D CycledLeScannerForLollipop: Waiting to start full Bluetooth scan for another 7938 milliseconds
03-08 17:13:57.762 22672 22672 D CycledLeScannerForLollipop: Waiting to start full Bluetooth scan for another 6938 milliseconds
03-08 17:13:57.763 22672 22672 D CycledLeScannerForLollipop: Waiting to start full Bluetooth scan for another 6936 milliseconds
03-08 17:13:58.764 22672 22672 D CycledLeScannerForLollipop: Waiting to start full Bluetooth scan for another 5936 milliseconds
03-08 17:13:58.765 22672 22672 D CycledLeScannerForLollipop: Waiting to start full Bluetooth scan for another 5934 milliseconds
03-08 17:13:59.179  3720  3720 D io_stats: !@   8,0 r 5544658 196757824 w 3473069 59887520 d 228588 22813900 f 1310854 1316051 iot 5261280 2943717 th 51200 0 0 pt 0 inp 0 0 645958.285
03-08 17:13:59.768 22672 22672 D CycledLeScannerForLollipop: Waiting to start full Bluetooth scan for another 4932 milliseconds
03-08 17:13:59.769 22672 22672 D CycledLeScannerForLollipop: Waiting to start full Bluetooth scan for another 4930 milliseconds
03-08 17:14:00.302  1440  2399 D GameManagerService: identifyGamePackage. android
03-08 17:14:00.303  1440  2399 D GamePkgDataHelper: getGamePkgData(). android
03-08 17:14:00.771 22672 22672 D CycledLeScannerForLollipop: Waiting to start full Bluetooth scan for another 3930 milliseconds
03-08 17:14:00.772 22672 22672 D CycledLeScannerForLollipop: Waiting to start full Bluetooth scan for another 3927 milliseconds
03-08 17:14:01.775 22672 22672 D CycledLeScannerForLollipop: Waiting to start full Bluetooth scan for another 2925 milliseconds
03-08 17:14:01.776 22672 22672 D CycledLeScannerForLollipop: Waiting to start full Bluetooth scan for another 2923 milliseconds
03-08 17:14:01.894   735   900 I qti_sensors_hal: processReportInd: Accel - X: -0.165 Y: 2.026 Z: 9.398
03-08 17:14:02.470  1440  5872 D SSRM:g  : SIOP:: AP = 220, PST = 223 (W:14), BAT = 253, CHG = 244
03-08 17:14:02.780 22672 22672 D CycledLeScannerForLollipop: Waiting to start full Bluetooth scan for another 1921 milliseconds
03-08 17:14:02.781 22672 22672 D CycledLeScannerForLollipop: Waiting to start full Bluetooth scan for another 1918 milliseconds
03-08 17:14:03.782 22672 22672 D CycledLeScannerForLollipop: Waiting to start full Bluetooth scan for another 918 milliseconds
03-08 17:14:03.783 22672 22672 D CycledLeScannerForLollipop: Waiting to start full Bluetooth scan for another 916 milliseconds
03-08 17:14:03.799  1440  2398 D SamsungAlarmManager: Expired : 4
03-08 17:14:03.808  1440  2398 D SamsungAlarmManager: setInexact Intent (T:1/F:0/AC:false) 20190308T171503 - CU:1000/CP:1440
03-08 17:14:03.809  1440  2398 I SamsungAlarmManager: setLocked to kernel - T:2 / 20190308T171504, SetElapsed=1051263844, nowELAPSED=1051203611
03-08 17:14:03.810  1440  2398 E AlarmManager: Set nextNonWakeup as mNextNonWakeupDeliveryTime=1052490346 , orig nextNonWakeup=0
03-08 17:14:03.810  1440  2398 E AlarmManager: Set nextNonWakeup as mNextNonWakeupDeliveryTime=1052490346 , orig nextNonWakeup=0
03-08 17:14:03.817  1440  2398 V SamsungAlarmManager: Sending to uid : 1000 action=android.intent.action.TIME_TICK alarm=Alarm{3200710 type 3 when 1051140344 android}
03-08 17:14:03.826  1440  2398 V SamsungAlarmManager: Sending to uid : 1000 listener=android.app.AlarmManager$ListenerWrapper@933bc03 alarm=Alarm{85e9c0e type 2 when 1051203601 android}
03-08 17:14:03.827  1440  2398 V SamsungAlarmManager: Sending to uid : 10066 action=com.samsung.action.EVERY_MINUTE_CLOCK_UPDATE alarm=Alarm{4a8e62f type 1 when 1552083180000 com.sec.android.app.launcher}
03-08 17:14:03.835  1440  2398 V SamsungAlarmManager: Sending to uid : 10016 action=null alarm=Alarm{f58c5c5 type 3 when 1051140568 com.google.android.gms}
03-08 17:14:03.836  4247  4247 I Launcher: onReceive: com.samsung.action.EVERY_MINUTE_CLOCK_UPDATE
03-08 17:14:03.837  1440  2398 V SamsungAlarmManager: Sending to uid : 10016 action=com.google.android.location.reporting.collectors.ULR_BAROMETER_READ_ALARM alarm=Alarm{6c6b1a type 1 when 1552083183243 com.google.android.gms}
03-08 17:14:03.842  1440  1440 D SamsungAlarmManager: setExact Intent (T:3/F:1/AC:false) 20190308T171500 - CU:1000/CP:1440
03-08 17:14:03.842  1440  1440 I SamsungAlarmManager: setLocked to kernel - T:3 / 20190308T171459, SetElapsed=1051259802, nowELAPSED=1051203645
03-08 17:14:03.842  1440  1440 V AlarmManager: ___SyncScheduler (v3) ACTIVATED___
03-08 17:14:03.843  1440  1440 V AlarmManagerEXT: <AppSync3 Whitelist>
03-08 17:14:03.843  1440  1440 V AlarmManagerEXT: (AppSync) com.cequint.ecid : 900(1420)
03-08 17:14:03.843  1440  1440 V AlarmManagerEXT: (AppSync) ### 1 added ###
03-08 17:14:03.845  1440  1816 D SamsungAlarmManager: setInexact Listener (T:2/F:8/AC:false) 20190308T171903 - CU:1000/CP:1440
03-08 17:14:03.848  2734  2898 D KeyguardUpdateMonitor: received broadcast android.intent.action.TIME_TICK
03-08 17:14:03.848  2734  2734 D KeyguardServiceBoxContainer: refreshTime() 1
03-08 17:14:03.852  1440  8038 D SamsungAlarmManager: setInexact Intent (T:1/F:0/AC:false) 20190308T171500 - CU:10066/CP:4247
03-08 17:14:03.854  4247  4247 I IconView: applyFromShortcutInfo - start GetLive : com.sec.android.app.clockpackage
03-08 17:14:03.870  1440  1440 D JobServiceContext: sendStopMessageLocked stop reason: cancelled due to doze
03-08 17:14:03.871  3110  3110 E rs$DefaultThreadFactory: ===== Detect pool-thread leak =====
03-08 17:14:03.871  3110  3110 E rs$DefaultThreadFactory: dalvik.system.VMStack.getThreadStackTrace(Native Method)
03-08 17:14:03.871  3110  3110 E rs$DefaultThreadFactory: java.lang.Thread.getStackTrace(Thread.java:1536)
03-08 17:14:03.871  3110  3110 E rs$DefaultThreadFactory: java.util.concurrent.Executors$DefaultThreadFactory.newThread(Executors.java:568)
03-08 17:14:03.872  3110  3110 E rs$DefaultThreadFactory: rxn.newThread(Unknown Source:9)
03-08 17:14:03.872  3110  3110 E rs$DefaultThreadFactory: java.util.concurrent.ThreadPoolExecutor$Worker.<init>(ThreadPoolExecutor.java:631)
03-08 17:14:03.872  3110  3110 E rs$DefaultThreadFactory: java.util.concurrent.ThreadPoolExecutor.addWorker(ThreadPoolExecutor.java:945)
03-08 17:14:03.872  3110  3110 E rs$DefaultThreadFactory: java.util.concurrent.ThreadPoolExecutor.execute(ThreadPoolExecutor.java:1388)
03-08 17:14:03.872  3110  3110 E rs$DefaultThreadFactory: rrk.execute(:com.google.android.gms@15090019@15.0.90 (040400-231259764):14)
03-08 17:14:03.872  3110  3110 E rs$DefaultThreadFactory: zlo.b(:com.google.android.gms@15090019@15.0.90 (040400-231259764):2)
03-08 17:14:03.872  3110  3110 E rs$DefaultThreadFactory: com.google.android.gms.gcm.DozeChangeReceiver.a(Unknown Source:42)
03-08 17:14:03.872  3110  3110 E rs$DefaultThreadFactory: zbg.onReceive(:com.google.android.gms@15090019@15.0.90 (040400-231259764):1)
03-08 17:14:03.872  3110  3110 E rs$DefaultThreadFactory: android.app.LoadedApk$ReceiverDispatcher$Args.lambda$-android_app_LoadedApk$ReceiverDispatcher$Args_52226(LoadedApk.java:1319)
03-08 17:14:03.872  3110  3110 E rs$DefaultThreadFactory: android.app.-$Lambda$FilBqgnXJrN9Mgyks1XHeAxzSTk.$m$0(Unknown Source:4)
03-08 17:14:03.872  3110  3110 E rs$DefaultThreadFactory: android.app.-$Lambda$FilBqgnXJrN9Mgyks1XHeAxzSTk.run(Unknown Source:0)
03-08 17:14:03.872  3110  3110 E rs$DefaultThreadFactory: android.os.Handler.handleCallback(Handler.java:789)
03-08 17:14:03.872  3110  3110 E rs$DefaultThreadFactory: android.os.Handler.dispatchMessage(Handler.java:98)
03-08 17:14:03.872  3110  3110 E rs$DefaultThreadFactory: android.os.Looper.loop(Looper.java:164)
03-08 17:14:03.872  3110  3110 E rs$DefaultThreadFactory: android.app.ActivityThread.main(ActivityThread.java:6944)
03-08 17:14:03.872  3110  3110 E rs$DefaultThreadFactory: java.lang.reflect.Method.invoke(Native Method)
03-08 17:14:03.872  3110  3110 E rs$DefaultThreadFactory: com.android.internal.os.Zygote$MethodAndArgsCaller.run(Zygote.java:327)
03-08 17:14:03.872  3110  3110 E rs$DefaultThreadFactory: com.android.internal.os.ZygoteInit.main(ZygoteInit.java:1374)
03-08 17:14:03.876 22672 22672 I ScanJob : Using periodicScanJobId from manifest: 208352940
03-08 17:14:03.876 22672 22672 I ScanJob : onStopJob called for immediate scan org.altbeacon.beacon.service.ScanJob@c68da96
03-08 17:14:03.876  4247  4247 D ApplicationPackageManager: we has com.sec.android.app.clockpackage class. reuse it 
03-08 17:14:03.876  4247  4247 D LiveIconLoader: getLiveIcon was called in ClockPackage
03-08 17:14:03.877  4247  4247 D LiveIconLoader: getLiveIcon res = com.sec.android.app.clockpackage
03-08 17:14:03.881  4247  4247 D LiveIconLoader: stdIconSize : 192 , targetIconSize : 216
03-08 17:14:03.881  4247  4247 D LiveIconLoader: mIconDpi : 640 , mTargetIconDpi : 640
03-08 17:14:03.882 22672 22672 D BluetoothAdapter: STATE_ON
03-08 17:14:03.888 22672 22672 I chatty  : uid=10000(u0_a0) org.altbeacon.beaconreference identical 2 lines
03-08 17:14:03.889 22672 22672 D BluetoothAdapter: STATE_ON
03-08 17:14:03.889 22672 22672 D BluetoothLeScanner: Stop Scan with callback intent
03-08 17:14:03.899  1440  3069 D ConnectivityService: filterNetworkStateForUid() uid: 10016 networkInfo: [type: WIFI[] - WIFI, state: CONNECTED/CONNECTED, reason: (unspecified), extra: "Rebellious Amish Couple", failover: false, available: true, roaming: false, metered: false]
03-08 17:14:03.901  2701  4702 D BtGatt.GattService: stopScan() - pi: creator: org.altbeacon.beaconreference(10000), act: null, data: null, type: null, pkg: null, comp: ComponentInfo{org.altbeacon.beaconreference/org.altbeacon.beacon.startup.StartupBroadcastReceiver}, categ: null, flag: 0
03-08 17:14:03.903  1156  7247 E IptablesRestoreController: [iptables debug]iptables-restore execute *filter
03-08 17:14:03.903  1156  7247 E IptablesRestoreController: :fw_dozable -
03-08 17:14:03.903  1156  7247 E IptablesRestoreController: -A fw_dozable -m owner --uid-owner 1000 -j RETURN
03-08 17:14:03.903  1156  7247 E IptablesRestoreController: -A fw_dozable -m owner --uid-owner 1001 -j RETURN
03-08 17:14:03.903  1156  7247 E IptablesRestoreController: -A fw_dozable -m owner --uid-owner 1027 -j RETURN
03-08 17:14:03.903  1156  7247 E IptablesRestoreController: -A fw_dozable -m owner --uid-owner 1201 -j RETURN
03-08 17:14:03.903  1156  7247 E IptablesRestoreController: -A fw_dozable -m owner --uid-owner 1250 -j RETURN
03-08 17:14:03.903  1156  7247 E IptablesRestoreController: -A fw_dozable -m owner --uid-owner 2000 -j RETURN
03-08 17:14:03.903  1156  7247 E IptablesRestoreController: -A fw_dozable -m owner --uid-owner 5002 -j RETURN
03-08 17:14:03.903  1156  7247 E IptablesRestoreController: -A fw_dozable -m owner --uid-owner 5003 -j RETURN
03-08 17:14:03.903  1156  7247 E IptablesRestoreController: -A fw_dozable -m owner --uid-owner 10000 -j RETURN
03-08 17:14:03.903  1156  7247 E IptablesRestoreController: -A fw_dozable -m owner --uid-owner 10001 -j RETURN
03-08 17:14:03.903  1156  7247 E IptablesRestoreController: -A fw_dozable -m owner --uid-owner 10005 -j RETURN
03-08 17:14:03.903  1156  7247 E IptablesRestoreController: -A fw_dozable -m owner --uid-owner 10008 -j RETURN
03-08 17:14:03.903  1156  7247 E IptablesRestoreController: -A fw_dozable -m owner --uid-owner 10012 -j RETURN
03-08 17:14:03.903  1156  7247 E IptablesRestoreController: -A fw_dozable -m owner --uid-owner 10013 -j RETURN
03-08 17:14:03.903  1156  7247 E IptablesRestoreController: -A fw_dozable -m owner --uid-owner 10014 -j RETURN
03-08 17:14:03.903  1156  7247 E IptablesRestoreController: -A fw_dozable -m owner --uid-owner 10016 -j RETURN
03-08 17:14:03.903  1156  7247 E IptablesRestoreController: -A fw_dozable -m owner --uid-owner 10025 -j RETURN
03-08 17:14:03.903  1156  7247 E IptablesRestoreController: -A fw_dozable -m owner --uid-owner 10026 -j RETURN
03-08 17:14:03.903  1156  7247 E IptablesRestoreController: -A fw_dozable -m owner --uid-owner 10032 -j RETURN
03-08 17:14:03.905  4247  4247 I ApplicationPackageManager: load= live icon for com.sec.android.app.clockpackage, from overlay = false
03-08 17:14:03.905  2701  4702 E BtGatt.ContextMap: Context not found for info creator: org.altbeacon.beaconreference(10000), act: null, data: null, type: null, pkg: null, comp: ComponentInfo{org.altbeacon.beaconreference/org.altbeacon.beacon.startup.StartupBroadcastReceiver}, categ: null, flag: 0
03-08 17:14:03.906 22672 22672 D CycledLeScanner: stop called
03-08 17:14:03.906 22672 22672 D CycledLeScanner: disabling scan
03-08 17:14:03.907  4247  4247 I LiveIconManager: getLiveIcon: complete(sync_created)
03-08 17:14:03.907  4247  4247 I IconView: applyFromShortcutInfo - end GetLive : com.sec.android.app.clockpackage
03-08 17:14:03.908  4247  4247 I IconView: applyFromApplicationInfo - start GetLive : com.samsung.android.calendar
03-08 17:14:03.908  4247  4247 I BitmapCacheContainer: getBitmapCache: BitmapCache expired com.samsung.android.calendar/UserHandle{0}
03-08 17:14:03.908 22672 22672 D CycledLeScanner: Done with scan cycle
03-08 17:14:03.908 22672 22672 D ScanHelper: Beacon simulator not enabled
03-08 17:14:03.908 22672 30781 D CycledLeScannerForLollipop: Stopping LE scan on scan handler
03-08 17:14:03.909 22672 22672 D CycledLeScanner: Scanning disabled. 
03-08 17:14:03.909 22672 22672 D CycledLeScanner: cancel wakeup alarm: PendingIntent{1500a22: android.os.BinderProxy@241018d}
03-08 17:14:03.909  1440  7589 D ConnectivityService: filterNetworkStateForUid() uid: 10016 networkInfo: [type: WIFI[] - WIFI, state: CONNECTED/CONNECTED, reason: (unspecified), extra: "Rebellious Amish Couple", failover: false, available: true, roaming: false, metered: false]
03-08 17:14:03.910  1156  7247 E IptablesRestoreController: [iptables debug]iptables-restore execute done *filter
03-08 17:14:03.910  1156  7247 E IptablesRestoreController: :fw_dozable -
03-08 17:14:03.910  1156  7247 E IptablesRestoreController: -A fw_dozable -m owner --uid-owner 1000 -j RETURN
03-08 17:14:03.910  1156  7247 E IptablesRestoreController: -A fw_dozable -m owner --uid-owner 1001 -j RETURN
03-08 17:14:03.910  1156  7247 E IptablesRestoreController: -A fw_dozable -m owner --uid-owner 1027 -j RETURN
03-08 17:14:03.910  1156  7247 E IptablesRestoreController: -A fw_dozable -m owner --uid-owner 1201 -j RETURN
03-08 17:14:03.910  1156  7247 E IptablesRestoreController: -A fw_dozable -m owner --uid-owner 1250 -j RETURN
03-08 17:14:03.910  1156  7247 E IptablesRestoreController: -A fw_dozable -m owner --uid-owner 2000 -j RETURN
03-08 17:14:03.910  1156  7247 E IptablesRestoreController: -A fw_dozable -m owner --uid-owner 5002 -j RETURN
03-08 17:14:03.910  1156  7247 E IptablesRestoreController: -A fw_dozable -m owner --uid-owner 5003 -j RETURN
03-08 17:14:03.910  1156  7247 E IptablesRestoreController: -A fw_dozable -m owner --uid-owner 10000 -j RETURN
03-08 17:14:03.910  1156  7247 E IptablesRestoreController: -A fw_dozable -m owner --uid-owner 10001 -j RETURN
03-08 17:14:03.910  1156  7247 E IptablesRestoreController: -A fw_dozable -m owner --uid-owner 10005 -j RETURN
03-08 17:14:03.910  1156  7247 E IptablesRestoreController: -A fw_dozable -m owner --uid-owner 10008 -j RETURN
03-08 17:14:03.910  1156  7247 E IptablesRestoreController: -A fw_dozable -m owner --uid-owner 10012 -j RETURN
03-08 17:14:03.910  1156  7247 E IptablesRestoreController: -A fw_dozable -m owner --uid-owner 10013 -j RETURN
03-08 17:14:03.910  1156  7247 E IptablesRestoreController: -A fw_dozable -m owner --uid-owner 10014 -j RETURN
03-08 17:14:03.910  1156  7247 E IptablesRestoreController: -A fw_dozable -m owner --uid-owner 10016 -j RETURN
03-08 17:14:03.910  1156  7247 E IptablesRestoreController: -A fw_dozable -m owner --uid-owner 10025 -j RETURN
03-08 17:14:03.910  1156  7247 E IptablesRestoreController: -A fw_dozable -m owner --uid-owner 10026 -j RETURN
03-08 17:14:03.910  1156  7247 E IptablesRestoreController: -A fw_dozable -m owner --uid-owner 10032 -j R
03-08 17:14:03.910  1156  7247 E IptablesRestoreController: [iptables debug]iptables-restore execute *filter
03-08 17:14:03.910  1156  7247 E IptablesRestoreController: :fw_dozable -
03-08 17:14:03.910  1156  7247 E IptablesRestoreController: -A fw_dozable -m owner --uid-owner 1000 -j RETURN
03-08 17:14:03.910  1156  7247 E IptablesRestoreController: -A fw_dozable -m owner --uid-owner 1001 -j RETURN
03-08 17:14:03.910  1156  7247 E IptablesRestoreController: -A fw_dozable -m owner --uid-owner 1027 -j RETURN
03-08 17:14:03.910  1156  7247 E IptablesRestoreController: -A fw_dozable -m owner --uid-owner 1201 -j RETURN
03-08 17:14:03.910  1156  7247 E IptablesRestoreController: -A fw_dozable -m owner --uid-owner 1250 -j RETURN
03-08 17:14:03.910  1156  7247 E IptablesRestoreController: -A fw_dozable -m owner --uid-owner 2000 -j RETURN
03-08 17:14:03.910  1156  7247 E IptablesRestoreController: -A fw_dozable -m owner --uid-owner 5002 -j RETURN
03-08 17:14:03.910  1156  7247 E IptablesRestoreController: -A fw_dozable -m owner --uid-owner 5003 -j RETURN
03-08 17:14:03.910  1156  7247 E IptablesRestoreController: -A fw_dozable -m owner --uid-owner 10000 -j RETURN
03-08 17:14:03.910  1156  7247 E IptablesRestoreController: -A fw_dozable -m owner --uid-owner 10001 -j RETURN
03-08 17:14:03.910  1156  7247 E IptablesRestoreController: -A fw_dozable -m owner --uid-owner 10005 -j RETURN
03-08 17:14:03.910  1156  7247 E IptablesRestoreController: -A fw_dozable -m owner --uid-owner 10008 -j RETURN
03-08 17:14:03.910  1156  7247 E IptablesRestoreController: -A fw_dozable -m owner --uid-owner 10012 -j RETURN
03-08 17:14:03.910  1156  7247 E IptablesRestoreController: -A fw_dozable -m owner --uid-owner 10013 -j RETURN
03-08 17:14:03.910  1156  7247 E IptablesRestoreController: -A fw_dozable -m owner --uid-owner 10014 -j RETURN
03-08 17:14:03.910  1156  7247 E IptablesRestoreController: -A fw_dozable -m owner --uid-owner 10016 -j RETURN
03-08 17:14:03.910  1156  7247 E IptablesRestoreController: -A fw_dozable -m owner --uid-owner 10025 -j RETURN
03-08 17:14:03.910  1156  7247 E IptablesRestoreController: -A fw_dozable -m owner --uid-owner 10026 -j RETURN
03-08 17:14:03.910  1156  7247 E IptablesRestoreController: -A fw_dozable -m owner --uid-owner 10032 -j RETURN
03-08 17:14:03.911 22672 30781 D BluetoothAdapter: STATE_ON
03-08 17:14:03.912 22672 30781 D BluetoothAdapter: STATE_ON
03-08 17:14:03.912 22672 30781 D BluetoothLeScanner: Stop Scan with callback
03-08 17:14:03.913  4247  4247 D ApplicationPackageManager: we has com.samsung.android.calendar class. reuse it 
03-08 17:14:03.914  1440  3069 D SamsungAlarmManager: setInexact Intent (T:2/F:0/AC:false) 19301216T070713 - CU:10000/CP:22672
03-08 17:14:03.915 22672 22672 D CycledLeScanner: Set a wakeup alarm to go off in 9223372035803572090 ms: PendingIntent{1500a22: android.os.BinderProxy@241018d}
03-08 17:14:03.915 22672 22672 D CycledLeScanner: Destroying
03-08 17:14:03.915 22672 22672 D ScanJob : Scanning stopped
03-08 17:14:03.915 22672 22672 D ScanJob : Checking to see if we need to start a passive scan
03-08 17:14:03.915 22672 30781 D CycledLeScanner: Quitting scan thread
03-08 17:14:03.916 22672 22672 D ScanFilterUtils: Set up a scan filter: BluetoothLeScanFilter [mDeviceName=null, mDeviceAddress=null, mUuid=null, mUuidMask=null, mServiceDataUuid=null, mServiceData=null, mServiceDataMask=null, mManufacturerId=118, mManufacturerData=BE AC, mManufacturerDataMask=FF FF]
03-08 17:14:03.916 22672 22672 D ScanFilterUtils: Set up a scan filter: BluetoothLeScanFilter [mDeviceName=null, mDeviceAddress=null, mUuid=null, mUuidMask=null, mServiceDataUuid=null, mServiceData=null, mServiceDataMask=null, mManufacturerId=4c, mManufacturerData=02 15, mManufacturerDataMask=FF FF]
03-08 17:14:03.917  1440  8038 D SamsungAlarmManager: Cancel Alarm calling from uid:10016 pid :3110 / op:PendingIntent{335a828: PendingIntentRecord{818ca5f com.google.android.gms broadcastIntent}}
03-08 17:14:03.919  1156  7247 E IptablesRestoreController: [iptables debug]iptables-restore execute done *filter
03-08 17:14:03.919  1156  7247 E IptablesRestoreController: :fw_dozable -
03-08 17:14:03.919  1156  7247 E IptablesRestoreController: -A fw_dozable -m owner --uid-owner 1000 -j RETURN
03-08 17:14:03.919  1156  7247 E IptablesRestoreController: -A fw_dozable -m owner --uid-owner 1001 -j RETURN
03-08 17:14:03.919  1156  7247 E IptablesRestoreController: -A fw_dozable -m owner --uid-owner 1027 -j RETURN
03-08 17:14:03.919  1156  7247 E IptablesRestoreController: -A fw_dozable -m owner --uid-owner 1201 -j RETURN
03-08 17:14:03.919  1156  7247 E IptablesRestoreController: -A fw_dozable -m owner --uid-owner 1250 -j RETURN
03-08 17:14:03.919  1156  7247 E IptablesRestoreController: -A fw_dozable -m owner --uid-owner 2000 -j RETURN
03-08 17:14:03.919  1156  7247 E IptablesRestoreController: -A fw_dozable -m owner --uid-owner 5002 -j RETURN
03-08 17:14:03.919  1156  7247 E IptablesRestoreController: -A fw_dozable -m owner --uid-owner 5003 -j RETURN
03-08 17:14:03.919  1156  7247 E IptablesRestoreController: -A fw_dozable -m owner --uid-owner 10000 -j RETURN
03-08 17:14:03.919  1156  7247 E IptablesRestoreController: -A fw_dozable -m owner --uid-owner 10001 -j RETURN
03-08 17:14:03.919  1156  7247 E IptablesRestoreController: -A fw_dozable -m owner --uid-owner 10005 -j RETURN
03-08 17:14:03.919  1156  7247 E IptablesRestoreController: -A fw_dozable -m owner --uid-owner 10008 -j RETURN
03-08 17:14:03.919  1156  7247 E IptablesRestoreController: -A fw_dozable -m owner --uid-owner 10012 -j RETURN
03-08 17:14:03.919  1156  7247 E IptablesRestoreController: -A fw_dozable -m owner --uid-owner 10013 -j RETURN
03-08 17:14:03.919  1156  7247 E IptablesRestoreController: -A fw_dozable -m owner --uid-owner 10014 -j RETURN
03-08 17:14:03.919  1156  7247 E IptablesRestoreController: -A fw_dozable -m owner --uid-owner 10016 -j RETURN
03-08 17:14:03.919  1156  7247 E IptablesRestoreController: -A fw_dozable -m owner --uid-owner 10025 -j RETURN
03-08 17:14:03.919  1156  7247 E IptablesRestoreController: -A fw_dozable -m owner --uid-owner 10026 -j RETURN
03-08 17:14:03.919  1156  7247 E IptablesRestoreController: -A fw_dozable -m owner --uid-owner 10032 -j R
03-08 17:14:03.920  1156  1579 E IptablesRestoreController: [iptables debug]iptables-restore execute *filter
03-08 17:14:03.920  1156  1579 E IptablesRestoreController: -A fw_INPUT -j fw_dozable
03-08 17:14:03.920  1156  1579 E IptablesRestoreController: -A fw_OUTPUT -j fw_dozable
03-08 17:14:03.920  1156  1579 E IptablesRestoreController: COMMIT
03-08 17:14:03.921 22672 22672 D BluetoothAdapter: STATE_ON
03-08 17:14:03.921 22672 22672 D BluetoothAdapter: STATE_ON
03-08 17:14:03.927  4247  4247 I ApplicationPackageManager: load= live icon for com.samsung.android.calendar, from overlay = false
03-08 17:14:03.928  4247  4247 I LiveIconManager: getLiveIcon: complete(sync_created)
03-08 17:14:03.928  4247  4247 I IconView: applyFromApplicationInfo - end GetLive : com.samsung.android.calendar
03-08 17:14:03.929  4247  4247 I IconView: applyFromApplicationInfo - start GetLive : com.sec.android.app.clockpackage
03-08 17:14:03.929  4247  4247 I IconView: applyFromApplicationInfo - end GetLive : com.sec.android.app.clockpackage
03-08 17:14:03.931 22672 22672 D BluetoothAdapter: STATE_ON
03-08 17:14:03.932  1156  1579 E IptablesRestoreController: [iptables debug]iptables-restore execute done *filter
03-08 17:14:03.932  1156  1579 E IptablesRestoreController: -A fw_INPUT -j fw_dozable
03-08 17:14:03.932  1156  1579 E IptablesRestoreController: -A fw_OUTPUT -j fw_dozable
03-08 17:14:03.932  1156  1579 E IptablesRestoreController: COMMIT
03-08 17:14:03.932  1156  1579 E IptablesRestoreController: , res : 0
03-08 17:14:03.932 22672 22672 D BluetoothAdapter: STATE_ON
03-08 17:14:03.935  1440  2490 D NetworkPolicy: MSG_SET_FIREWALL_RULES size of uidRules is null 
03-08 17:14:03.936  2701  3154 E BtGatt.ScanManager: default value of curScanSetting 0 is choosen
03-08 17:14:03.936  2701  3154 D BtGatt.ScanManager: configureRegularScanParams() scan param set to 800 / 8000 (units)
03-08 17:14:03.937  2701  3246 W bt_btm  : btm_ble_disable_resolving_list() rl_state = 0x1b, rl_mask = 0x2, to_resume = 1
03-08 17:14:03.937  2701  3246 W bt_btm  : btm_ble_enable_resolving_list() rl_state = 0x19, rl_mask = 0x2
03-08 17:14:03.937  2701  3155 E BtGatt.GattService: [GSIM LOG]: gsimLogHandler, msg: MESSAGE_SCAN_STOP, appName: org.altbeacon.beaconreference, scannerId: 7, reportDelayMillis=0
03-08 17:14:03.939  1440  2490 D ConnectivityService: filterNetworkStateForUid() uid: 10065 networkInfo: [type: WIFI[] - WIFI, state: DISCONNECTED/BLOCKED, reason: (unspecified), extra: (none), failover: false, available: true, roaming: false, metered: false]
03-08 17:14:03.943  1440  2490 D ConnectivityService: filterNetworkStateForUid() uid: 10071 networkInfo: [type: WIFI[] - WIFI, state: CONNECTED/CONNECTED, reason: (unspecified), extra: "Rebellious Amish Couple", failover: false, available: true, roaming: false, metered: false]
03-08 17:14:03.944 22672 22672 D BluetoothAdapter: STATE_ON
03-08 17:14:03.947 22672 22672 D BluetoothAdapter: STATE_ON
03-08 17:14:03.948 22672 22672 D BluetoothLeScanner: Start Scan with callback intent
03-08 17:14:03.949  1440  8038 I SensorService: createSensorEventConnection package name com.google.android.location.reporting.collectors.BarometerReporter$BarometerWatcher
03-08 17:14:03.951  1440  8038 D SensorService: Calling batch handle==9 flags=0 rate=38461000 timeout== 0
03-08 17:14:03.951   735  2374 I qti_sensors_hal: batch:sensor(android.sensor.pressure) handle:4 flags:0x0 period_ns 38461000
03-08 17:14:03.951   735  2374 I qti_sensors_hal: batch: current sample rate, report rate & buffering are equal to requested (26.000000,0.000000,0)
03-08 17:14:03.955   735  2374 I qti_sensors_hal: read_pressure_cal cal data - 390
03-08 17:14:03.955   735  2374 I qti_sensors_hal: enable: pressure_cal = 3.900000
03-08 17:14:03.955   735  2374 I qti_sensors_hal: SMGRReportAdd:sensor(android.sensor.pressure) handle=4, sample_rate=26.000000 report_rate=0 buffer=0
03-08 17:14:03.956  2701  4702 D BtGatt.GattService: stopScan() - pi: creator: org.altbeacon.beaconreference(10000), act: null, data: null, type: null, pkg: null, comp: ComponentInfo{org.altbeacon.beaconreference/org.altbeacon.beacon.startup.StartupBroadcastReceiver}, categ: null, flag: 0
03-08 17:14:03.958  2701  4702 E BtGatt.ContextMap: Context not found for info creator: org.altbeacon.beaconreference(10000), act: null, data: null, type: null, pkg: null, comp: ComponentInfo{org.altbeacon.beaconreference/org.altbeacon.beacon.startup.StartupBroadcastReceiver}, categ: null, flag: 0
03-08 17:14:03.962  2701  4702 D BtGatt.GattService: registerPiAndStartScan() - pi: creator: org.altbeacon.beaconreference(10000), act: null, data: null, type: null, pkg: null, comp: ComponentInfo{org.altbeacon.beaconreference/org.altbeacon.beacon.startup.StartupBroadcastReceiver}, categ: null, flag: 0
03-08 17:14:03.963  3110  3110 D SensorManager: registerListener :: 9, BMP280 Barometer, 0, 0,  
03-08 17:14:03.969 22672 22672 D ScanHelper: Started passive beacon scan
03-08 17:14:03.972  2701  3154 D BluetoothAdapter: STATE_ON
03-08 17:14:03.973  2701  3154 D BluetoothAdapter: STATE_ON
03-08 17:14:03.973  2701  3155 E BtGatt.GattService: [GSIM LOG]: gsimLogHandler, msg: MESSAGE_SCAN_START, appName: org.altbeacon.beaconreference, scannerId: 7, reportDelayMillis=0
03-08 17:14:03.974  2701  3154 D BluetoothAdapter: STATE_ON
03-08 17:14:03.976  2701  3154 I chatty  : uid=1002(bluetooth) BluetoothScanMa identical 2 lines
03-08 17:14:03.977  2701  3154 D BluetoothAdapter: STATE_ON
03-08 17:14:03.985  2701  3154 D BtGatt.ScanManager: configureFilterParamter() : onFoundTimeout | onLostTimeout | onFoundCount | numOfTrackingEntries | scanFilterRssiThreshold | trackableScanFilterRssiThreshold | matchMode
03-08 17:14:03.985  2701  3154 D BtGatt.ScanManager: configureFilterParamter() : __________500__|________10000__|___________1__|___________________0__|___________________-128__|____________________________-128__|________1_
03-08 17:14:03.987  1440  2490 D ConnectivityService: filterNetworkStateForUid() uid: 10333 networkInfo: [type: WIFI[] - WIFI, state: DISCONNECTED/BLOCKED, reason: (unspecified), extra: (none), failover: false, available: true, roaming: false, metered: false]
03-08 17:14:03.989  1440  2490 D ConnectivityService: filterNetworkStateForUid() uid: 10046 networkInfo: [type: WIFI[] - WIFI, state: CONNECTED/CONNECTED, reason: (unspecified), extra: "Rebellious Amish Couple", failover: false, available: true, roaming: false, metered: false]
03-08 17:14:03.992  2701  3154 D BtGatt.ScanManager: configureFilterParamter() : onFoundTimeout | onLostTimeout | onFoundCount | numOfTrackingEntries | scanFilterRssiThreshold | trackableScanFilterRssiThreshold | matchMode
03-08 17:14:03.992  2701  3154 D BtGatt.ScanManager: configureFilterParamter() : __________500__|________10000__|___________1__|___________________0__|___________________-128__|____________________________-128__|________1_
03-08 17:14:03.994  2701  3154 E BtGatt.ScanManager: default value of curScanSetting 0 is choosen
03-08 17:14:03.994  2701  3154 D BtGatt.ScanManager: configureRegularScanParams() scan param set to 800 / 8000 (units)
03-08 17:14:03.995  2701  3246 W bt_btm  : btm_ble_disable_resolving_list() rl_state = 0x1b, rl_mask = 0x2, to_resume = 1
03-08 17:14:03.995  2701  3246 W bt_btm  : btm_ble_enable_resolving_list() rl_state = 0x19, rl_mask = 0x2
03-08 17:14:04.000  1440  2490 D ConnectivityService: filterNetworkStateForUid() uid: 10033 networkInfo: [type: WIFI[] - WIFI, state: DISCONNECTED/BLOCKED, reason: (unspecified), extra: (none), failover: false, available: true, roaming: false, metered: false]
03-08 17:14:04.002  1440  2490 D ConnectivityService: filterNetworkStateForUid() uid: 10033 networkInfo: [type: WIFI[] - WIFI, state: DISCONNECTED/BLOCKED, reason: (unspecified), extra: (none), failover: false, available: true, roaming: false, metered: false]
03-08 17:14:04.007  1440  2490 D ConnectivityService: filterNetworkStateForUid() uid: 10115 networkInfo: [type: WIFI[] - WIFI, state: CONNECTED/CONNECTED, reason: (unspecified), extra: "Rebellious Amish Couple", failover: false, available: true, roaming: false, metered: false]
03-08 17:14:04.011  1440  2490 D ConnectivityService: filterNetworkStateForUid() uid: 10152 networkInfo: [type: WIFI[] - WIFI, state: CONNECTED/CONNECTED, reason: (unspecified), extra: "Rebellious Amish Couple", failover: false, available: true, roaming: false, metered: false]
03-08 17:14:04.014  1440  2490 D ConnectivityService: filterNetworkStateForUid() uid: 10129 networkInfo: [type: WIFI[] - WIFI, state: DISCONNECTED/BLOCKED, reason: (unspecified), extra: (none), failover: false, available: true, roaming: false, metered: false]
03-08 17:14:04.017  1440  2490 D ConnectivityService: filterNetworkStateForUid() uid: 10118 networkInfo: [type: WIFI[] - WIFI, state: DISCONNECTED/BLOCKED, reason: (unspecified), extra: (none), failover: false, available: true, roaming: false, metered: false]
03-08 17:14:04.021  1440  2490 D ConnectivityService: filterNetworkStateForUid() uid: 10016 networkInfo: [type: WIFI[] - WIFI, state: CONNECTED/CONNECTED, reason: (unspecified), extra: "Rebellious Amish Couple", failover: false, available: true, roaming: false, metered: false]
03-08 17:14:04.024   735   900 I qti_sensors_hal: processReportInd: Pressure - 1008.571
03-08 17:14:04.025  1440  8038 D SensorService: Calling activate off 9
03-08 17:14:04.029  3110  3110 D SensorManager: unregisterListener ::   
03-08 17:14:04.030  1440  2490 D ConnectivityService: filterNetworkStateForUid() uid: 10016 networkInfo: [type: WIFI[] - WIFI, state: CONNECTED/CONNECTED, reason: (unspecified), extra: "Rebellious Amish Couple", failover: false, available: true, roaming: false, metered: false]
03-08 17:14:04.037  1440  2490 D ConnectivityService: filterNetworkStateForUid() uid: 10025 networkInfo: [type: WIFI[] - WIFI, state: CONNECTED/CONNECTED, reason: (unspecified), extra: "Rebellious Amish Couple", failover: false, available: true, roaming: false, metered: false]
03-08 17:14:04.040  1440  2490 D ConnectivityService: filterNetworkStateForUid() uid: 10025 networkInfo: [type: WIFI[] - WIFI, state: CONNECTED/CONNECTED, reason: (unspecified), extra: "Rebellious Amish Couple", failover: false, available: true, roaming: false, metered: false]
03-08 17:14:04.042  1440  2490 D ConnectivityService: filterNetworkStateForUid() uid: 10192 networkInfo: [type: WIFI[] - WIFI, state: DISCONNECTED/BLOCKED, reason: (unspecified), extra: (none), failover: false, available: true, roaming: false, metered: false]
03-08 17:14:04.061  1440  8038 D SamsungAlarmManager: setInexact Intent (T:3/F:0/AC:false) 20190308T171504 - CU:10016/CP:3110
03-08 17:14:04.063  1440  8038 D ConnectivityService: filterNetworkStateForUid() uid: 10016 networkInfo: [type: WIFI[] - WIFI, state: CONNECTED/CONNECTED, reason: (unspecified), extra: "Rebellious Amish Couple", failover: false, available: true, roaming: false, metered: false]
03-08 17:14:04.090  1440  3069 D BatteryService: !@BatteryListener : batteryPropertiesChanged!
03-08 17:14:04.090  1440  3069 D BatteryService: level:97, scale:100, status:3, health:2, present:true, voltage: 4169, temperature: 252, technology: Li-ion, AC powered:false, USB powered:false, POGO powered:false, Wireless powered:false, icon:17303837, invalid charger:0, maxChargingCurrent:0, maxChargingVoltage:0, chargeCounter:0
03-08 17:14:04.091  1440  3069 D BatteryService: online:1, current avg:-99, charge type:0, power sharing:false, high voltage charger:false, capacity:280000, batterySWSelfDischarging:false, misc_event:0, current_event:0, current_now:-388
03-08 17:14:04.091  1440  1440 D BatteryService: Sending ACTION_BATTERY_CHANGED.
03-08 17:14:04.092  1440  1440 I MotionRecognitionService: On Battery, 0
03-08 17:14:04.093  1440  1440 D MotionRecognitionService:   mCableConnection= 0
03-08 17:14:04.093  1440  1440 D SamsungPhoneWindowManager: ACTION_BATTERY_CHANGED - Level :: 97, battStatus :: 3
03-08 17:14:04.095  1440  1856 D UsbDeviceManager: handleMessage -> MSG_UPDATE_CHARGING_STATE = 0
03-08 17:14:04.096  2734  2734 D KeyguardUpdateMonitor: received broadcast android.intent.action.BATTERY_CHANGED
03-08 17:14:04.098  2734  2734 D BatteryController: onReceive-ACTION_BATTERY_CHANGED : mLevel=97, mBatteryStatus=3
03-08 17:14:04.101  2734  2734 D PowerUI : priorPlugType = 0 mPlugType =  0
03-08 17:14:04.101  3005  3005 D PhoneApp: PhoneAppBroadcastReceiver onReceive android.intent.action.BATTERY_CHANGED
03-08 17:14:04.101  2701  2701 V HeadsetService: Received Intent.ACTION_BATTERY_CHANGED
03-08 17:14:04.101  3005  3005 D TelephonyExtensionManager: lowBatterySound - isLowBatterySoundScheduled: false
03-08 17:14:04.101  3005  3005 D TelephonyExtensionManager: lowBatterySound - isPlayNow: false
03-08 17:14:04.102  2701  3290 D HeadsetStateMachine: Disconnected process message: 10, size: 0
03-08 17:14:04.102  3005  3005 D TelephonyExtensionManager: isSpeakerON - false
03-08 17:14:04.103  3019  3254 D EPDG -- SIM0 [EpdgSubScription]: android.intent.action.BATTERY_CHANGED intent received.
03-08 17:14:04.112  3005  3005 D TelephonyExtensionManager: lowBatterySound - batteryStatus: 3
03-08 17:14:04.112  3005  3005 D TelephonyExtensionManager: lowBatterySound - batteryLevel: 97
03-08 17:14:04.112  3005  3005 D TelephonyExtensionManager: lowBatterySound - cancel
03-08 17:14:04.113  1440  3069 D SamsungAlarmManager: Cancel Alarm calling from uid:1001 pid :3005 / op:PendingIntent{70b5440: PendingIntentRecord{76f4282 com.android.phone broadcastIntent}}
03-08 17:14:04.114  3005  3005 D TelephonyExtension: Not stopping low battery tone
03-08 17:14:04.186  3720  3720 D io_stats: !@   8,0 r 5544658 196757824 w 3473074 59887632 d 228588 22813900 f 1310855 1316052 iot 5261290 2943719 th 51200 0 0 pt 0 inp 0 0 645963.292
03-08 17:14:04.706 22672 22672 D CycledLeScanner: starting a new scan cycle
03-08 17:14:04.706 22672 25146 D CycledLeScannerForLollipop: Stopping LE scan on scan handler
03-08 17:14:04.711 22672 22672 D CycledLeScanner: starting a new bluetooth le scan
03-08 17:14:04.711 22672 25146 D BluetoothAdapter: STATE_ON
03-08 17:14:04.711  5596 32651 D BluetoothAdapter: STATE_ON
03-08 17:14:04.715  5596 32651 D BluetoothAdapter: STATE_ON
03-08 17:14:04.715  5596 32651 D BluetoothLeScanner: Stop Scan with callback
03-08 17:14:04.717 22672 25146 D BluetoothAdapter: STATE_ON
03-08 17:14:04.717 22672 25146 D BluetoothLeScanner: Stop Scan with callback
03-08 17:14:04.722 22672 22672 D CycledLeScannerForLollipop: starting a scan in SCAN_MODE_LOW_LATENCY
03-08 17:14:04.722 22672 22672 D CycledLeScannerForLollipop: Using no scan filter since this is pre-8.1
03-08 17:14:04.723 22672 22672 D CycledLeScanner: Waiting to stop scan cycle for another 4100 milliseconds
03-08 17:14:04.724 22672 22672 D CycledLeScanner: Scan started
03-08 17:14:04.733  5596 32651 D BluetoothAdapter: STATE_ON
03-08 17:14:04.737  5596 32651 D BluetoothAdapter: STATE_ON
03-08 17:14:04.738  2701  3154 E BtGatt.ScanManager: default value of curScanSetting 0 is choosen
03-08 17:14:04.738 22672 25146 D BluetoothAdapter: STATE_ON
03-08 17:14:04.738  2701  3154 D BtGatt.ScanManager: configureRegularScanParams() scan param set to 800 / 8000 (units)
03-08 17:14:04.739  2701  3246 W bt_btm  : btm_ble_disable_resolving_list() rl_state = 0x1b, rl_mask = 0x2, to_resume = 1
03-08 17:14:04.739  5596 32651 D BluetoothAdapter: STATE_ON
03-08 17:14:04.739  2701  2880 E BtGatt.ContextMap: Context not found for ID 6
03-08 17:14:04.740  2701  2880 E BtGatt.GattService: Scan app or callback is null for scannerId = 6
03-08 17:14:04.740  2701  3246 W bt_btm  : btm_ble_enable_resolving_list() rl_state = 0x19, rl_mask = 0x2
03-08 17:14:04.740  2701  3155 E BtGatt.GattService: [GSIM LOG]: gsimLogHandler, msg: MESSAGE_SCAN_STOP, appName: com.simpleinout.android, scannerId: 8, reportDelayMillis=0
03-08 17:14:04.740  5596 32651 D BluetoothAdapter: STATE_ON
03-08 17:14:04.743 22672 25146 D BluetoothAdapter: STATE_ON
03-08 17:14:04.744  5596 32651 D BluetoothLeScanner: Start Scan with callback
03-08 17:14:04.748 22672 25146 D BluetoothAdapter: STATE_ON
03-08 17:14:04.749  5596  3616 D BluetoothLeScanner: onScannerRegistered() - status=0 scannerId=6 mScannerId=0
03-08 17:14:04.752 22672 25146 D BluetoothAdapter: STATE_ON
03-08 17:14:04.755 22672 25146 D BluetoothLeScanner: Start Scan with callback
03-08 17:14:04.755  2701  3154 E BtGatt.ScanManager: default value of curScanSetting 0 is choosen
03-08 17:14:04.756  2701  3154 D BluetoothAdapter: STATE_ON
03-08 17:14:04.757  2701  3154 I chatty  : uid=1002(bluetooth) BluetoothScanMa identical 1 line
03-08 17:14:04.758  2701  3154 D BluetoothAdapter: STATE_ON
03-08 17:14:04.758 22672 22695 D BluetoothLeScanner: onScannerRegistered() - status=0 scannerId=8 mScannerId=0
03-08 17:14:04.759  2701  3154 D BluetoothAdapter: STATE_ON
03-08 17:14:04.760  2701  3154 D BtGatt.ScanManager: configureRegularScanParams() scan param set to 800 / 8000 (units)
03-08 17:14:04.760  2701  2880 E BtGatt.GattService: Scan app or callback is null for scannerId = 7
03-08 17:14:04.760  2701  3246 W bt_btm  : btm_ble_disable_resolving_list() rl_state = 0x1b, rl_mask = 0x2, to_resume = 1
03-08 17:14:04.760  2701  3246 W bt_btm  : btm_ble_enable_resolving_list() rl_state = 0x19, rl_mask = 0x2
03-08 17:14:04.761  2701  3155 E BtGatt.GattService: [GSIM LOG]: gsimLogHandler, msg: MESSAGE_SCAN_STOP, appName: org.altbeacon.beaconreference, scannerId: 6, reportDelayMillis=0
03-08 17:14:04.763  2701  3154 D BluetoothAdapter: STATE_ON
03-08 17:14:04.764  2701  3154 I chatty  : uid=1002(bluetooth) BluetoothScanMa identical 1 line
03-08 17:14:04.766  2701  3154 D BluetoothAdapter: STATE_ON
03-08 17:14:04.766  2701  3155 E BtGatt.GattService: [GSIM LOG]: gsimLogHandler, msg: MESSAGE_SCAN_START, appName: com.simpleinout.android, scannerId: 6, reportDelayMillis=0
03-08 17:14:04.767  2701  3154 D BluetoothAdapter: STATE_ON
03-08 17:14:04.769  2701  3154 I chatty  : uid=1002(bluetooth) BluetoothScanMa identical 1 line
03-08 17:14:04.770  2701  3154 D BluetoothAdapter: STATE_ON
03-08 17:14:04.774  2701  3154 D BtGatt.ScanManager: configureFilterParamter() : onFoundTimeout | onLostTimeout | onFoundCount | numOfTrackingEntries | scanFilterRssiThreshold | trackableScanFilterRssiThreshold | matchMode
03-08 17:14:04.774  2701  3154 D BtGatt.ScanManager: configureFilterParamter() : __________500__|________10000__|___________1__|___________________0__|___________________-128__|____________________________-128__|________1_
03-08 17:14:04.778  2701  3154 E BtGatt.ScanManager: default value of curScanSetting 0 is choosen
03-08 17:14:04.778  2701  3154 D BtGatt.ScanManager: configureRegularScanParams() scan param set to 8000 / 8000 (units)
03-08 17:14:04.778  2701  3246 W bt_btm  : btm_ble_disable_resolving_list() rl_state = 0x1b, rl_mask = 0x2, to_resume = 1
03-08 17:14:04.778  2701  3246 W bt_btm  : btm_ble_enable_resolving_list() rl_state = 0x19, rl_mask = 0x2
03-08 17:14:04.780  2701  3154 D BluetoothAdapter: STATE_ON
03-08 17:14:04.780  2701  3154 D BluetoothAdapter: STATE_ON
03-08 17:14:04.781  2701  3155 E BtGatt.GattService: [GSIM LOG]: gsimLogHandler, msg: MESSAGE_SCAN_START, appName: org.altbeacon.beaconreference, scannerId: 8, reportDelayMillis=0
03-08 17:14:04.782  2701  3154 D BluetoothAdapter: STATE_ON
03-08 17:14:04.784  2701  3154 I chatty  : uid=1002(bluetooth) BluetoothScanMa identical 2 lines
03-08 17:14:04.784  2701  3154 D BluetoothAdapter: STATE_ON
03-08 17:14:04.785  2701  3154 E BtGatt.ScanManager: default value of curScanSetting 0 is choosen
03-08 17:14:04.785  2701  3154 D BtGatt.ScanManager: configureRegularScanParams() scan param set to 8000 / 8000 (units)
03-08 17:14:04.786  2701  3246 W bt_btm  : btm_ble_disable_resolving_list() rl_state = 0x1b, rl_mask = 0x2, to_resume = 1
03-08 17:14:04.786  2701  3246 W bt_btm  : btm_ble_enable_resolving_list() rl_state = 0x19, rl_mask = 0x2
03-08 17:14:04.865  2701  2880 D ScanRecord: Not a Multi Manu data
03-08 17:14:04.866  2701  2880 I chatty  : uid=1002(bluetooth) BT Service Call identical 1 line
03-08 17:14:04.866  2701  2880 D ScanRecord: Not a Multi Manu data
03-08 17:14:04.867  2701  2880 D BtGatt.GattService: onScanResult to scannerId: 6- event_type=0x1b, address_type=1, address=BD:6, primary_phy=1, secondary_phy=0, advertising_sid=0xff, tx_power=127, rssi=-101, periodic_adv_int=0x0
03-08 17:14:04.868  2701  2880 D ScanRecord: Not a Multi Manu data
03-08 17:14:04.869  2701  2880 D ScanRecord: Not a Multi Manu data
03-08 17:14:04.869  2701  2880 D BtGatt.GattService: onScanResult to scannerId: 8- event_type=0x1b, address_type=1, address=BD:6, primary_phy=1, secondary_phy=0, advertising_sid=0xff, tx_power=127, rssi=-101, periodic_adv_int=0x0
03-08 17:14:04.875 22672 22672 D CycledLeScannerForLollipop: got record
03-08 17:14:04.878 22672 25160 D BeaconParser: Ignoring pdu type 01
03-08 17:14:04.879 22672 25160 D BeaconParser: Processing pdu type FF: 02010613ff4c000c0e007237ee6a850b05bd15aee5776a000000000000000000000000000000000000000000000000000000000000000000000000000000 with startIndex: 5, endIndex: 22
03-08 17:14:04.879 22672 25160 D BeaconParser: This is not a matching Beacon advertisement. (Was expecting be ac.  The bytes I see are: 02010613ff4c000c0e007237ee6a850b05bd15aee5776a000000000000000000000000000000000000000000000000000000000000000000000000000000
03-08 17:14:04.879 22672 25160 D BeaconParser: Ignoring pdu type 01
03-08 17:14:04.880 22672 25160 D BeaconParser: Processing pdu type FF: 02010613ff4c000c0e007237ee6a850b05bd15aee5776a000000000000000000000000000000000000000000000000000000000000000000000000000000 with startIndex: 5, endIndex: 22
03-08 17:14:04.880 22672 25160 D BeaconParser: This is not a matching Beacon advertisement. (Was expecting 02 15.  The bytes I see are: 02010613ff4c000c0e007237ee6a850b05bd15aee5776a000000000000000000000000000000000000000000000000000000000000000000000000000000
03-08 17:14:04.979  2701  2880 D ScanRecord: Not a Multi Manu data
03-08 17:14:04.979  2701  2880 I chatty  : uid=1002(bluetooth) BT Service Call identical 1 line
03-08 17:14:04.979  2701  2880 D ScanRecord: Not a Multi Manu data
03-08 17:14:04.980  2701  2880 D BtGatt.GattService: onScanResult to scannerId: 6- event_type=0x1b, address_type=1, address=93:D, primary_phy=1, secondary_phy=0, advertising_sid=0xff, tx_power=127, rssi=-90, periodic_adv_int=0x0
