03-08 17:15:04.335  3110 30936 E rs$DefaultThreadFactory: java.util.concurrent.ThreadPoolExecutor.addWorker(ThreadPoolExecutor.java:945)
03-08 17:15:04.335  3110 30936 E rs$DefaultThreadFactory: java.util.concurrent.ThreadPoolExecutor.execute(ThreadPoolExecutor.java:1388)
03-08 17:15:04.335  3110 30936 E rs$DefaultThreadFactory: rrk.execute(:com.google.android.gms@15090019@15.0.90 (040400-231259764):14)
03-08 17:15:04.335  3110 30936 E rs$DefaultThreadFactory: yzz.run(:com.google.android.gms@15090019@15.0.90 (040400-231259764):33)
03-08 17:15:04.335  3110 30936 E rs$DefaultThreadFactory: bgah.run(:com.google.android.gms@15090019@15.0.90 (040400-231259764):2)
03-08 17:15:04.335  3110 30936 E rs$DefaultThreadFactory: rrm.run(:com.google.android.gms@15090019@15.0.90 (040400-231259764):21)
03-08 17:15:04.335  3110 30936 E rs$DefaultThreadFactory: java.util.concurrent.ThreadPoolExecutor.runWorker(ThreadPoolExecutor.java:1162)
03-08 17:15:04.335  3110 30936 E rs$DefaultThreadFactory: java.util.concurrent.ThreadPoolExecutor$Worker.run(ThreadPoolExecutor.java:636)
03-08 17:15:04.335  3110 30936 E rs$DefaultThreadFactory: rxo.run(Unknown Source:7)
03-08 17:15:04.335  3110 30936 E rs$DefaultThreadFactory: java.lang.Thread.run(Thread.java:764)
03-08 17:15:04.339  2701  3154 D BtGatt.ScanManager: configureFilterParamter() : onFoundTimeout | onLostTimeout | onFoundCount | numOfTrackingEntries | scanFilterRssiThreshold | trackableScanFilterRssiThreshold | matchMode
03-08 17:15:04.339  2701  3154 D BtGatt.ScanManager: configureFilterParamter() : __________500__|________10000__|___________1__|___________________0__|___________________-128__|____________________________-128__|________1_
03-08 17:15:04.340 30916 30916 D GOS:MainIntentService: onCreate
03-08 17:15:04.341 30916 30939 D GOS:MainIntentService: onHandleIntent. begin
03-08 17:15:04.345 30916 30939 I GOS:DatabaseHelper: com.enhance.gameservice.App@8fa5d4e
03-08 17:15:04.345 30916 30939 I GOS:DatabaseHelper: Create a DatabaseHelper
03-08 17:15:04.347  2701  3154 D BtGatt.ScanManager: configureFilterParamter() : onFoundTimeout | onLostTimeout | onFoundCount | numOfTrackingEntries | scanFilterRssiThreshold | trackableScanFilterRssiThreshold | matchMode
03-08 17:15:04.347  2701  3154 D BtGatt.ScanManager: configureFilterParamter() : __________500__|________10000__|___________1__|___________________0__|___________________-128__|____________________________-128__|________1_
03-08 17:15:04.352  2701  3154 D BtGatt.ScanManager: configureFilterParamter() : onFoundTimeout | onLostTimeout | onFoundCount | numOfTrackingEntries | scanFilterRssiThreshold | trackableScanFilterRssiThreshold | matchMode
03-08 17:15:04.352  2701  3154 D BtGatt.ScanManager: configureFilterParamter() : __________500__|________10000__|___________1__|___________________0__|___________________-128__|____________________________-128__|________1_
03-08 17:15:04.355  3110 30936 E rs$DefaultThreadFactory: ===== Detect pool-thread leak =====
03-08 17:15:04.355  2701  3154 E BtGatt.ScanManager: default value of curScanSetting 0 is choosen
03-08 17:15:04.355  2701  3154 D BtGatt.ScanManager: configureRegularScanParams() scan param set to 8000 / 8000 (units)
03-08 17:15:04.356  2701  3246 W bt_btm  : btm_ble_disable_resolving_list() rl_state = 0x1b, rl_mask = 0x2, to_resume = 1
03-08 17:15:04.356  2701  3246 W bt_btm  : btm_ble_enable_resolving_list() rl_state = 0x19, rl_mask = 0x2
03-08 17:15:04.357  3110 30936 E rs$DefaultThreadFactory: dalvik.system.VMStack.getThreadStackTrace(Native Method)
03-08 17:15:04.357  3110 30936 E rs$DefaultThreadFactory: java.lang.Thread.getStackTrace(Thread.java:1536)
03-08 17:15:04.357  3110 30936 E rs$DefaultThreadFactory: java.util.concurrent.Executors$DefaultThreadFactory.newThread(Executors.java:568)
03-08 17:15:04.357  3110 30936 E rs$DefaultThreadFactory: rxn.newThread(Unknown Source:9)
03-08 17:15:04.357  3110 30936 E rs$DefaultThreadFactory: java.util.concurrent.ThreadPoolExecutor$Worker.<init>(ThreadPoolExecutor.java:631)
03-08 17:15:04.357  3110 30936 E rs$DefaultThreadFactory: java.util.concurrent.ThreadPoolExecutor.addWorker(ThreadPoolExecutor.java:945)
03-08 17:15:04.357  3110 30936 E rs$DefaultThreadFactory: java.util.concurrent.ThreadPoolExecutor.execute(ThreadPoolExecutor.java:1388)
03-08 17:15:04.357  3110 30936 E rs$DefaultThreadFactory: rrk.execute(:com.google.android.gms@15090019@15.0.90 (040400-231259764):14)
03-08 17:15:04.357  3110 30936 E rs$DefaultThreadFactory: yzz.run(:com.google.android.gms@15090019@15.0.90 (040400-231259764):33)
03-08 17:15:04.357  3110 30936 E rs$DefaultThreadFactory: bgah.run(:com.google.android.gms@15090019@15.0.90 (040400-231259764):2)
03-08 17:15:04.357  3110 30936 E rs$DefaultThreadFactory: rrl.run(Unknown Source:2)
03-08 17:15:04.357  3110 30936 E rs$DefaultThreadFactory: rrm.run(:com.google.android.gms@15090019@15.0.90 (040400-231259764):21)
03-08 17:15:04.357  3110 30936 E rs$DefaultThreadFactory: java.util.concurrent.ThreadPoolExecutor.runWorker(ThreadPoolExecutor.java:1162)
03-08 17:15:04.358  3110 30936 E rs$DefaultThreadFactory: java.util.concurrent.ThreadPoolExecutor$Worker.run(ThreadPoolExecutor.java:636)
03-08 17:15:04.358  3110 30936 E rs$DefaultThreadFactory: rxo.run(Unknown Source:7)
03-08 17:15:04.358  3110 30936 E rs$DefaultThreadFactory: java.lang.Thread.run(Thread.java:764)
03-08 17:15:04.364 30916 30939 D GOS:MainIntentService: onHandleIntent(). type : 4
03-08 17:15:04.364 30916 30939 D GOS:MainIntentService: received alarm
03-08 17:15:04.372 30916 30939 D GOS:GlobalSettingsContainer: setMode(), 1
03-08 17:15:04.372 30916 30939 D GOS:GlobalSettingsContainer: setDefaultDss(), 75.0
03-08 17:15:04.372 30916 30939 D GOS:GlobalSettingsContainer: setDefaultDss2(), 100.0
03-08 17:15:04.372 30916 30939 D GOS:GlobalSettingsContainer: setDefaultDfs(), 60.0
03-08 17:15:04.372 30916 30939 D GOS:GlobalSettingsContainer: setEachModeDss(), [100.0, 75.0, 50.0, 50.0]
03-08 17:15:04.372 30916 30939 D GOS:GlobalSettingsContainer: setEachModeDss2(), [100.0, 100.0, 75.0, 50.0]
03-08 17:15:04.372 30916 30939 D GOS:GlobalSettingsContainer: setEachModeDfs(), [60.0, 60.0, 60.0, 30.0]
03-08 17:15:04.372 30916 30939 D GOS:GlobalSettingsContainer: setRecommendedMode(), [0, 1, 2, 3]
03-08 17:15:04.372 30916 30939 D GOS:GlobalSettingsContainer: setEnabledFeatureFlag(), src : 342277969731031827, result : 54047593575125779
03-08 17:15:04.372 30916 30939 D GOS:GlobalSettingsContainer: setAvailableFeatureFlag(), 631697030792845075
03-08 17:15:04.372 30916 30939 D GOS:GlobalSettingsContainer: setEnabledFeatureFlag(), src : 54047593575125779, result : 54056389668213523
03-08 17:15:04.372 30916 30939 D GOS:GlobalSettingsContainer: setServerFeatureFlagPolicy(), NNNNN000NNNNNN0N1NN00NN000NN00NNNN0N0NNNN0N1NNNNNNNNNNNN
03-08 17:15:04.372 30916 30939 D GOS:GlobalSettingsContainer: setDefaultFeatureFlag(), 346781844236309267
03-08 17:15:04.372 30916 30939 D GOS:GlobalSettingsContainer: setEnabledFeatureFlag(), src : 54051991621701907, result : 54051991621701907
03-08 17:15:04.372 30916 30939 D GOS:GlobalSettingsContainer: setDefaultDts(), 100
03-08 17:15:04.372 30916 30939 D GOS:GlobalSettingsContainer: setEachModeDts(), [100, 100, 100, 100]
03-08 17:15:04.372 30916 30939 D GOS:GlobalSettingsContainer: setEachModeMdnie(), [0, 0, 0, 0]
03-08 17:15:04.373 30916 30939 D GOS:GlobalSettingsContainer: setDefaultOdtc(), 0
03-08 17:15:04.373 30916 30939 D GOS:GlobalSettingsContainer: setEachModeOdtc(), [0, 0, 0, 0]
03-08 17:15:04.373 30916 30939 D GOS:GlobalSettingsContainer: setIpmMode(), 2
03-08 17:15:04.373 30916 30939 D GOS:GlobalSettingsContainer: setIpmTargetPower(), -1
03-08 17:15:04.373 30916 30939 D GOS:GlobalSettingsContainer: setIpmTargetTemperature(), 480
03-08 17:15:04.381 30916 30939 E GOS:SeDex: failed to getSystemService()
03-08 17:15:04.383 30916 30939 E GOS:SeDex: failed to getSystemService()
03-08 17:15:04.391 30916 30939 D GOS:SeGameManager: succeeded to get requestWithJson
03-08 17:15:04.391 30916 30939 D GOS:SeGameManager: succeeded to get requestDeathRestart
03-08 17:15:04.391 30916 30939 D GOS:SeGameManager: succeeded to get cancelDeathRestart
03-08 17:15:04.394  1440  7589 D GameManagerService: getVersion.
03-08 17:15:04.395 30916 30939 D GOS:SystemHelper: Create a SystemHelper
03-08 17:15:04.395 30916 30939 D GOS:GlobalSettingsContainer: setLauncherMode(), 1
03-08 17:15:04.395 30916 30939 D GOS:GlobalSettingsContainer: LoggingPolicy(). mTestGroupName: null, mMaxSessionInSec: 3600
03-08 17:15:04.395 30916 30939 D GOS:DataManager: load GlobalSettingsContainer values
03-08 17:15:04.395 30916 30939 I GOS:DataManager: checkResolution
03-08 17:15:04.398 30916 30939 D GOS:DisplayInfo: DPI: 640, LongSide: 2560, ShortSide: 1440
03-08 17:15:04.398 30916 30939 D GOS:TSSCore: displayShortSide :  1440, globalDefaultTargetShortSide : 1080, globalEachModeTargetShortSide : [1440, 1080, 720, 720]
03-08 17:15:04.398 30916 30939 D GOS:TSSCore: global target short side is available.
03-08 17:15:04.399 30916 30939 D GOS:DisplayUtil: getResolutionType()
03-08 17:15:04.399 30916 30939 D GOS:DisplayUtil: getResolutionType(), MultiResolution is supported
03-08 17:15:04.400 30916 30939 D GOS:DisplayUtil: getResolutionType(), dpi: 640, shortPixel: 1440, longPixel: 2560
03-08 17:15:04.400 30916 30939 D GOS:DisplayUtil: getResolutionType(), current resolution: WQHD
03-08 17:15:04.402 30916 30939 D GOS:DisplayInfo: DPI: 640, LongSide: 2560, ShortSide: 1440
03-08 17:15:04.402 30916 30939 D GOS:DataManager: Constructor, SOS policy, sosPolicyKeys : [siop, governor_settings, app_start, boost_settings, touch_settings, scheduler_settings]
03-08 17:15:04.402 30916 30939 I GOS:DataManager: Create a DataManager
03-08 17:15:04.402 30916 30939 I GOS:DataManager: inner periodically
03-08 17:15:04.402 30916 30939 D GOS:DataManager: onAlarm()
03-08 17:15:04.406 30916 30939 D GOS:DatabaseHelper: getPkgNameListToBeAppliedAgain() size: 0
03-08 17:15:04.581 30916 30939 D GOS:DataManager: onAlarm(), currentHour: 17
03-08 17:15:04.581 30916 30939 D GOS:DataManager: onAlarm(), random: false
03-08 17:15:04.582 30916 30939 D GOS:RequestHeader: device_name : heroqltevzw
03-08 17:15:04.582 30916 30939 D GOS:RequestHeader: model_name : SM-G930V
03-08 17:15:04.582 30916 30939 D GOS:RequestHeader: version_r : 8.0.0
03-08 17:15:04.582 30916 30939 D GOS:RequestHeader: version_i : G930VVRS9CSB1
03-08 17:15:04.582 30916 30939 D GOS:RequestHeader: app_version_name : 1.4.20
03-08 17:15:04.582 30916 30939 D GOS:RequestHeader: app_version_code : 1420
03-08 17:15:04.592 30916 30939 D GOS:RequestHeader: is_test : false
03-08 17:15:04.592 30916 30939 D GOS:RequestHeader: gms_version : 80.01
03-08 17:15:04.598 30916 30939 D GOS:RequestHeader: appVersionNameFull : 1.4.20.2
03-08 17:15:04.598 30916 30939 D GOS:RequestHeader: appVersionCodeFull : 142000002
03-08 17:15:04.606  1440  7589 D BatteryService: !@BatteryListener : batteryPropertiesChanged!
03-08 17:15:04.606 30916 30939 D GOS:RequestHeader: mcc : 311
03-08 17:15:04.606 30916 30939 D GOS:RequestHeader: mnc : 480
03-08 17:15:04.607  1440  7589 D BatteryService: level:97, scale:100, status:3, health:2, present:true, voltage: 4041, temperature: 252, technology: Li-ion, AC powered:false, USB powered:false, POGO powered:false, Wireless powered:false, icon:17303837, invalid charger:0, maxChargingCurrent:0, maxChargingVoltage:0, chargeCounter:0
03-08 17:15:04.607  1440  7589 D BatteryService: online:1, current avg:-181, charge type:0, power sharing:false, high voltage charger:false, capacity:280000, batterySWSelfDischarging:false, misc_event:0, current_event:0, current_now:-491
03-08 17:15:04.613  1440  1440 D BatteryService: Sending ACTION_BATTERY_CHANGED.
03-08 17:15:04.702  1440  1440 I MotionRecognitionService: On Battery, 0
03-08 17:15:04.703  1440  1440 D MotionRecognitionService:   mCableConnection= 0
03-08 17:15:04.703  1440  1440 D SamsungPhoneWindowManager: ACTION_BATTERY_CHANGED - Level :: 97, battStatus :: 3
03-08 17:15:04.704  1440  1856 D UsbDeviceManager: handleMessage -> MSG_UPDATE_CHARGING_STATE = 0
03-08 17:15:04.708  2734  2734 D KeyguardUpdateMonitor: received broadcast android.intent.action.BATTERY_CHANGED
03-08 17:15:04.711  2734  2734 D BatteryController: onReceive-ACTION_BATTERY_CHANGED : mLevel=97, mBatteryStatus=3
03-08 17:15:04.719  2734  2734 D PowerUI : priorPlugType = 0 mPlugType =  0
03-08 17:15:04.720  2701  2701 V HeadsetService: Received Intent.ACTION_BATTERY_CHANGED
03-08 17:15:04.720  2701  3290 D HeadsetStateMachine: Disconnected process message: 10, size: 0
03-08 17:15:04.721  3019  3254 D EPDG -- SIM0 [EpdgSubScription]: android.intent.action.BATTERY_CHANGED intent received.
03-08 17:15:04.724  3005  3005 D PhoneApp: PhoneAppBroadcastReceiver onReceive android.intent.action.BATTERY_CHANGED
03-08 17:15:04.724  3005  3005 D TelephonyExtensionManager: lowBatterySound - isLowBatterySoundScheduled: false
03-08 17:15:04.725  3005  3005 D TelephonyExtensionManager: lowBatterySound - isPlayNow: false
03-08 17:15:04.725  3005  3005 D TelephonyExtensionManager: isSpeakerON - false
03-08 17:15:04.736  3005  3005 D TelephonyExtensionManager: lowBatterySound - batteryStatus: 3
03-08 17:15:04.736  3005  3005 D TelephonyExtensionManager: lowBatterySound - batteryLevel: 97
03-08 17:15:04.736  3005  3005 D TelephonyExtensionManager: lowBatterySound - cancel
03-08 17:15:04.737  1440  9801 D SamsungAlarmManager: Cancel Alarm calling from uid:1001 pid :3005 / op:PendingIntent{fd77e7a: PendingIntentRecord{76f4282 com.android.phone broadcastIntent}}
03-08 17:15:04.737  3005  3005 D TelephonyExtension: Not stopping low battery tone
03-08 17:15:04.825 30916 30939 D GOS:RequestHeader: installed_sec_game_family : com.samsung.android.game.gamehome:disabled,com.samsung.android.game.gametools:disabled
03-08 17:15:04.826 30916 30939 D GOS:DataManager: getUUID(), UUID: 0f7046167303446ba02e5b8815e838a3
03-08 17:15:04.826 30916 30939 D GOS:RequestHeader: android_id_md5 (The actual value is UUID. android_id_md5 is just the key name for API header) : 0f7046167303446ba02e5b8815e838a3
03-08 17:15:04.832 30916 30939 D GOS:RequestHeader: available_feature_flag : 631697030792845075
03-08 17:15:04.832 30916 30939 D GOS:RequestHeader: server_feature_flag_policy : NNNNN000NNNNNN0N1NN00NN000NN00NNNN0N0NNNN0N1NNNNNNNNNNNN
03-08 17:15:04.833 30916 30939 D GOS:RequestHeader: default_feature_flag : 346781844236309267
03-08 17:15:04.833 30916 30939 D GOS:RequestHeader: enabled_feature_flag : 54051991621701907
03-08 17:15:04.834 30916 30939 D GOS:NetworkConnector: mBaseUrl: https://service.game-mode.net/gamemode
03-08 17:15:04.834 30916 30939 D GOS:NetworkConnector: mBaseUrlForPost: https://c-api.game-mode.net/v3
03-08 17:15:04.837 30916 30939 D GOS:DatabaseHelper: getGameCount() result: 0
03-08 17:15:04.840 30916 30939 D GOS:DatabaseHelper: getGameCount() result: 0
03-08 17:15:04.840 30916 30939 D GOS:DataManager: onAlarm(), too early. skip update. millisFromLastUpdate: 16734708
03-08 17:15:04.840 30916 30939 D GOS:MainIntentService: there is gamemanger. don't start GameService
03-08 17:15:04.844 30916 30916 D GOS:MainIntentService: onDestroy
03-08 17:15:04.847  1440  7589 I ActivityManager: KPU : put [com.vzw.hss.myverizon] : 46842 K
03-08 17:15:04.848  1440  7589 I ActivityManager: Killing 28795:com.vzw.hss.myverizon/u0a32 (adj 906): DHA:empty #25
03-08 17:15:04.848  1440  1455 I zygote64: Background concurrent copying GC freed 320303(16MB) AllocSpace objects, 381(8MB) LOS objects, 29% free, 56MB/80MB, paused 7.126ms total 751.814ms
03-08 17:15:04.893  2986  3016 D ForegroundUtils: could not check pending caller
03-08 17:15:05.036  1440  2829 E Watchdog: !@Sync 21517 [2019-03-08 17:15:05.036]
03-08 17:15:05.097 22672 22672 D CycledLeScannerForLollipop: Waiting to start full Bluetooth scan for another 28005 milliseconds
03-08 17:15:06.101 22672 22672 D CycledLeScannerForLollipop: Waiting to start full Bluetooth scan for another 27001 milliseconds
03-08 17:15:06.268  3110 30890 I GCoreUlr: Starting BLE scan: mode: 3
03-08 17:15:06.270  3110 30890 I GCoreUlr: BLE: collected 0 results
03-08 17:15:06.271  3110  3110 I BeaconBle: Client requested scan, settings=BleSettings [scanMode=ZERO_POWER, callbackType=ALL_MATCHES, reportDelayMillis=0, 2 filters, 0 clients, callingClientName=ULR]
03-08 17:15:06.312  3110  3110 I BeaconBle: Stopping scan on delegate scanner. BT state: 12
03-08 17:15:06.315  3110  3110 D BluetoothAdapter: STATE_ON
03-08 17:15:06.317  3110  3110 D BluetoothAdapter: STATE_ON
03-08 17:15:06.317  3110  3110 D BluetoothLeScanner: Stop Scan with callback
03-08 17:15:06.329  3110  3110 D BluetoothAdapter: STATE_ON
03-08 17:15:06.332  3110  3110 D BluetoothAdapter: STATE_ON
03-08 17:15:06.332  3110  3110 I BeaconBle: Resetting - new scanner available: true
03-08 17:15:06.332  3110  3110 I BeaconBle: ZERO_POWER is disabled.
03-08 17:15:06.332  3110  3110 I BeaconBle: 'L' hardware scan: scan stopped, no powered clients
03-08 17:15:06.337  2701  3154 E BtGatt.ScanManager: default value of curScanSetting 0 is choosen
03-08 17:15:06.337  2701  3154 D BtGatt.ScanManager: configureRegularScanParams() scan param set to 800 / 8000 (units)
03-08 17:15:06.338  2701  3246 W bt_btm  : btm_ble_disable_resolving_list() rl_state = 0x1b, rl_mask = 0x2, to_resume = 1
03-08 17:15:06.338  2701  3246 W bt_btm  : btm_ble_enable_resolving_list() rl_state = 0x19, rl_mask = 0x2
03-08 17:15:06.339  2701  3155 E BtGatt.GattService: [GSIM LOG]: gsimLogHandler, msg: MESSAGE_SCAN_STOP, appName: com.google.uid.shared, scannerId: 9, reportDelayMillis=0
03-08 17:15:07.104 22672 22672 D CycledLeScannerForLollipop: Waiting to start full Bluetooth scan for another 25998 milliseconds
03-08 17:15:07.825  1440  1865 I libsuspend: !@suspend_thread_func: read wakeup_count -
03-08 17:15:07.826  1440  1865 I libsuspend: !@suspend_thread_func: write mem to /sys/power/state +
03-08 17:15:07.992  1440  1865 I libsuspend: !@suspend_thread_func: write mem to /sys/power/state -
03-08 17:15:08.094  1440  1865 I libsuspend: !@suspend_thread_func: read wakeup_count +
03-08 17:15:08.106 22672 22672 D CycledLeScannerForLollipop: Waiting to start full Bluetooth scan for another 24996 milliseconds
03-08 17:15:08.745  1440  1865 I libsuspend: !@suspend_thread_func: read wakeup_count -
03-08 17:15:08.746  1440  1865 I libsuspend: !@suspend_thread_func: write mem to /sys/power/state +
03-08 17:15:08.809  1440  1865 I libsuspend: !@suspend_thread_func: write mem to /sys/power/state -
03-08 17:15:08.911  1440  1865 I libsuspend: !@suspend_thread_func: read wakeup_count +
03-08 17:15:09.109 22672 22672 D CycledLeScannerForLollipop: Waiting to start full Bluetooth scan for another 23993 milliseconds
03-08 17:15:09.210   735   900 I qti_sensors_hal: processReportInd: Accel - X: -0.161 Y: 2.032 Z: 9.407
03-08 17:15:09.294  3720  3720 D io_stats: !@   8,0 r 5544763 196764496 w 3473204 59888880 d 228595 22814016 f 1311033 1316230 iot 5261710 2943843 th 51200 0 0 pt 0 inp 0 0 646028.400
03-08 17:15:09.805  1440  1865 I libsuspend: !@suspend_thread_func: read wakeup_count -
03-08 17:15:09.806  1440  1865 I libsuspend: !@suspend_thread_func: write mem to /sys/power/state +
03-08 17:15:09.962  1440  1865 I libsuspend: !@suspend_thread_func: write mem to /sys/power/state -
03-08 17:15:10.068  1440  1865 I libsuspend: !@suspend_thread_func: read wakeup_count +
03-08 17:15:10.112 22672 22672 D CycledLeScannerForLollipop: Waiting to start full Bluetooth scan for another 22990 milliseconds
03-08 17:15:10.625  1440  1865 I libsuspend: !@suspend_thread_func: read wakeup_count -
03-08 17:15:10.626  1440  1865 I libsuspend: !@suspend_thread_func: write mem to /sys/power/state +
03-08 17:15:10.772  1440  1865 I libsuspend: !@suspend_thread_func: write mem to /sys/power/state -
03-08 17:15:10.874  1440  1865 I libsuspend: !@suspend_thread_func: read wakeup_count +
03-08 17:15:11.000  1440  2398 D SamsungAlarmManager: Expired : 4
03-08 17:15:11.001  1440  2398 I SamsungAlarmManager: setLocked to kernel - T:2 / 20190308T172104, SetElapsed=1051624076, nowELAPSED=1051270804
03-08 17:15:11.002  1440  2398 I SamsungAlarmManager: setLocked to kernel - T:3 / 20190308T171600, SetElapsed=1051319802, nowELAPSED=1051270804
03-08 17:15:11.003  1440  2398 V SamsungAlarmManager: Sending to uid : 10207 action=null alarm=Alarm{3a6362b type 2 when 1051270801 com.verizon.mips.services}
03-08 17:15:11.025  1440  2398 V SamsungAlarmManager: Sending to uid : 10016 action=null alarm=Alarm{cd42c21 type 3 when 1051263861 com.google.android.gms}
03-08 17:15:11.059  1440  9801 D SamsungAlarmManager: setExact Intent (T:2/F:1/AC:false) 20190308T172511 - CU:10207/CP:14711
03-08 17:15:11.117 22672 22672 D CycledLeScannerForLollipop: Waiting to start full Bluetooth scan for another 21986 milliseconds
03-08 17:15:11.173  1440 11346 D SamsungAlarmManager: setInexact Intent (T:3/F:0/AC:false) 20190308T171611 - CU:10016/CP:3110
03-08 17:15:11.685  1440  1865 I libsuspend: !@suspend_thread_func: read wakeup_count -
03-08 17:15:11.686  1440  1865 I libsuspend: !@suspend_thread_func: write mem to /sys/power/state +
03-08 17:15:11.841  1440  1865 I libsuspend: !@suspend_thread_func: write mem to /sys/power/state -
03-08 17:15:11.943  1440  1865 I libsuspend: !@suspend_thread_func: read wakeup_count +
03-08 17:15:12.119 22672 22672 D CycledLeScannerForLollipop: Waiting to start full Bluetooth scan for another 20983 milliseconds
03-08 17:15:12.635  1440  1865 I libsuspend: !@suspend_thread_func: read wakeup_count -
03-08 17:15:12.636  1440  1865 I libsuspend: !@suspend_thread_func: write mem to /sys/power/state +
03-08 17:15:12.701  1440  1865 I libsuspend: !@suspend_thread_func: write mem to /sys/power/state -
03-08 17:15:12.803  1440  1865 I libsuspend: !@suspend_thread_func: read wakeup_count +
03-08 17:15:12.965  1440  5872 D SSRM:g  : SIOP:: AP = 230, PST = 224 (W:14), BAT = 252, CHG = 246
03-08 17:15:13.122 22672 22672 D CycledLeScannerForLollipop: Waiting to start full Bluetooth scan for another 19980 milliseconds
03-08 17:15:13.635  1440  1865 I libsuspend: !@suspend_thread_func: read wakeup_count -
03-08 17:15:13.636  1440  1865 I libsuspend: !@suspend_thread_func: write mem to /sys/power/state +
03-08 17:15:13.701  1440  1865 I libsuspend: !@suspend_thread_func: write mem to /sys/power/state -
03-08 17:15:13.804  1440  1865 I libsuspend: !@suspend_thread_func: read wakeup_count +
03-08 17:15:14.124 22672 22672 D CycledLeScannerForLollipop: Waiting to start full Bluetooth scan for another 18978 milliseconds
03-08 17:15:14.302  3720  3720 D io_stats: !@   8,0 r 5544763 196764496 w 3473222 59889104 d 228596 22814020 f 1311053 1316250 iot 5261750 2943854 th 51200 0 0 pt 0 inp 0 0 646033.408
03-08 17:15:14.884  1440  1865 I libsuspend: !@suspend_thread_func: read wakeup_count -
03-08 17:15:14.885  1440  1865 I libsuspend: !@suspend_thread_func: write mem to /sys/power/state +
03-08 17:15:14.950  1440  1865 I libsuspend: !@suspend_thread_func: write mem to /sys/power/state -
03-08 17:15:15.052  1440  1865 I libsuspend: !@suspend_thread_func: read wakeup_count +
03-08 17:15:15.127 22672 22672 D CycledLeScannerForLollipop: Waiting to start full Bluetooth scan for another 17975 milliseconds
03-08 17:15:15.634  1440  1865 I libsuspend: !@suspend_thread_func: read wakeup_count -
03-08 17:15:15.635  1440  1865 I libsuspend: !@suspend_thread_func: write mem to /sys/power/state +
03-08 17:15:15.703  1440  1865 I libsuspend: !@suspend_thread_func: write mem to /sys/power/state -
03-08 17:15:15.805  1440  1865 I libsuspend: !@suspend_thread_func: read wakeup_count +
03-08 17:15:16.130 22672 22672 D CycledLeScannerForLollipop: Waiting to start full Bluetooth scan for another 16972 milliseconds
03-08 17:15:16.673  1440  1865 I libsuspend: !@suspend_thread_func: read wakeup_count -
03-08 17:15:16.674  1440  1865 I libsuspend: !@suspend_thread_func: write mem to /sys/power/state +
03-08 17:15:16.834  1440  1865 I libsuspend: !@suspend_thread_func: write mem to /sys/power/state -
03-08 17:15:16.935  1440  1865 I libsuspend: !@suspend_thread_func: read wakeup_count +
03-08 17:15:17.132 22672 22672 D CycledLeScannerForLollipop: Waiting to start full Bluetooth scan for another 15970 milliseconds
03-08 17:15:17.644  1440  1865 I libsuspend: !@suspend_thread_func: read wakeup_count -
03-08 17:15:17.644  1440  1865 I libsuspend: !@suspend_thread_func: write mem to /sys/power/state +
03-08 17:15:17.707  1440  1865 I libsuspend: !@suspend_thread_func: write mem to /sys/power/state -
03-08 17:15:17.808  1440  1865 I libsuspend: !@suspend_thread_func: read wakeup_count +
03-08 17:15:18.136 22672 22672 D CycledLeScannerForLollipop: Waiting to start full Bluetooth scan for another 14966 milliseconds
03-08 17:15:18.654  1440  1865 I libsuspend: !@suspend_thread_func: read wakeup_count -
03-08 17:15:18.655  1440  1865 I libsuspend: !@suspend_thread_func: write mem to /sys/power/state +
03-08 17:15:18.723  1440  1865 I libsuspend: !@suspend_thread_func: write mem to /sys/power/state -
03-08 17:15:18.825  1440  1865 I libsuspend: !@suspend_thread_func: read wakeup_count +
03-08 17:15:18.826   735   900 I qti_sensors_hal: processReportInd: Accel - X: -0.156 Y: 2.018 Z: 9.408
03-08 17:15:19.139 22672 22672 D CycledLeScannerForLollipop: Waiting to start full Bluetooth scan for another 13963 milliseconds
03-08 17:15:19.310  3720  3720 D io_stats: !@   8,0 r 5544763 196764496 w 3473222 59889104 d 228596 22814020 f 1311059 1316256 iot 5261760 2943855 th 51200 0 0 pt 0 inp 0 0 646038.416
03-08 17:15:19.825  1440  1865 I libsuspend: !@suspend_thread_func: read wakeup_count -
03-08 17:15:19.826  1440  1865 I libsuspend: !@suspend_thread_func: write mem to /sys/power/state +
03-08 17:15:19.891  1440  1865 I libsuspend: !@suspend_thread_func: write mem to /sys/power/state -
03-08 17:15:19.992  1440  1865 I libsuspend: !@suspend_thread_func: read wakeup_count +
03-08 17:15:20.141 22672 22672 D CycledLeScannerForLollipop: Waiting to start full Bluetooth scan for another 12961 milliseconds
03-08 17:15:20.179 27474 27512 D ContactsProvider_EventLog: contents_sample_state: [CONTACT contacts(273) data(633) accounts({vnd.sec.contact.phone (1)=273, com.google (5)=2}) accounts deleted({}) calls([logtype:100 cnt:499, logtype:200 cnt:28, logtype:300 cnt:472, logtype:900 cnt:1]) countryIso(US) userId(0)  ]
03-08 17:15:20.179 27474 27512 D ContactsProvider_EventLog: contents_sample_state: [ agr({[5]=2, [1 ,1]=2, [1]=269})  ]
03-08 17:15:20.179 27474 27512 D ContactsProvider_EventLog: contents_sample_state: [ actCnt({android.process.acore(27474)=1})  ]
03-08 17:15:20.179 27474 27512 D ContactsProvider_EventLog: contents_sample_state: [PROFILE contacts(1) data(2) accounts({vnd.sec.contact.phone (1)=1})  ]
03-08 17:15:20.179 27474 27512 D ContactsProvider_EventLog: contents_sample_state: [SAPROFILE contacts(1) data(11) accounts({vnd.sec.contact.phone (1)=1})  ]
03-08 17:15:20.182 27474 27512 E ContactsProvider_EventLog: Flush buffer to file cnt : 1 size : 1Kb duration : 2ms lastUpdatedAfter : 60132 ms mFlush_time_threasold : 2000 mCurrentSize : 623
03-08 17:15:20.694  1440  1865 I libsuspend: !@suspend_thread_func: read wakeup_count -
03-08 17:15:20.694  1440  1865 I libsuspend: !@suspend_thread_func: write mem to /sys/power/state +
03-08 17:15:20.759  1440  1865 I libsuspend: !@suspend_thread_func: write mem to /sys/power/state -
03-08 17:15:20.861  1440  1865 I libsuspend: !@suspend_thread_func: read wakeup_count +
03-08 17:15:21.144 22672 22672 D CycledLeScannerForLollipop: Waiting to start full Bluetooth scan for another 11958 milliseconds
03-08 17:15:21.685  1440  1865 I libsuspend: !@suspend_thread_func: read wakeup_count -
03-08 17:15:21.686  1440  1865 I libsuspend: !@suspend_thread_func: write mem to /sys/power/state +
03-08 17:15:21.751  1440  1865 I libsuspend: !@suspend_thread_func: write mem to /sys/power/state -
03-08 17:15:21.853  1440  1865 I libsuspend: !@suspend_thread_func: read wakeup_count +
03-08 17:15:22.147 22672 22672 D CycledLeScannerForLollipop: Waiting to start full Bluetooth scan for another 10955 milliseconds
03-08 17:15:22.715  1440  1865 I libsuspend: !@suspend_thread_func: read wakeup_count -
03-08 17:15:22.716  1440  1865 I libsuspend: !@suspend_thread_func: write mem to /sys/power/state +
03-08 17:15:22.874  1440  1865 I libsuspend: !@suspend_thread_func: write mem to /sys/power/state -
03-08 17:15:22.976  1440  1865 I libsuspend: !@suspend_thread_func: read wakeup_count +
03-08 17:15:23.044  1440  5872 D SSRM:g  : SIOP:: AP = 230, PST = 225 (W:14), BAT = 252, CHG = 245
03-08 17:15:23.150 22672 22672 D CycledLeScannerForLollipop: Waiting to start full Bluetooth scan for another 9952 milliseconds
03-08 17:15:23.665  1440  1865 I libsuspend: !@suspend_thread_func: read wakeup_count -
03-08 17:15:23.666  1440  1865 I libsuspend: !@suspend_thread_func: write mem to /sys/power/state +
03-08 17:15:23.812  1440  1865 I libsuspend: !@suspend_thread_func: write mem to /sys/power/state -
03-08 17:15:23.914  1440  1865 I libsuspend: !@suspend_thread_func: read wakeup_count +
03-08 17:15:24.154 22672 22672 D CycledLeScannerForLollipop: Waiting to start full Bluetooth scan for another 8948 milliseconds
03-08 17:15:24.317  3720  3720 D io_stats: !@   8,0 r 5544763 196764496 w 3473237 59889256 d 228597 22814024 f 1311073 1316270 iot 5261810 2943866 th 51200 0 0 pt 0 inp 0 0 646043.423
03-08 17:15:24.824  1440  1865 I libsuspend: !@suspend_thread_func: read wakeup_count -
03-08 17:15:24.825  1440  1865 I libsuspend: !@suspend_thread_func: write mem to /sys/power/state +
03-08 17:15:24.886  1440  1865 I libsuspend: !@suspend_thread_func: write mem to /sys/power/state -
03-08 17:15:24.988  1440  1865 I libsuspend: !@suspend_thread_func: read wakeup_count +
03-08 17:15:25.157 22672 22672 D CycledLeScannerForLollipop: Waiting to start full Bluetooth scan for another 7945 milliseconds
03-08 17:15:25.665  1440  1865 I libsuspend: !@suspend_thread_func: read wakeup_count -
03-08 17:15:25.666  1440  1865 I libsuspend: !@suspend_thread_func: write mem to /sys/power/state +
03-08 17:15:25.730  1440  1865 I libsuspend: !@suspend_thread_func: write mem to /sys/power/state -
03-08 17:15:25.832  1440  1865 I libsuspend: !@suspend_thread_func: read wakeup_count +
03-08 17:15:26.160 22672 22672 D CycledLeScannerForLollipop: Waiting to start full Bluetooth scan for another 6943 milliseconds
03-08 17:15:26.705  1440  1865 I libsuspend: !@suspend_thread_func: read wakeup_count -
03-08 17:15:26.706  1440  1865 I libsuspend: !@suspend_thread_func: write mem to /sys/power/state +
03-08 17:15:26.771  1440  1865 I libsuspend: !@suspend_thread_func: write mem to /sys/power/state -
03-08 17:15:26.873  1440  1865 I libsuspend: !@suspend_thread_func: read wakeup_count +
03-08 17:15:27.163 22672 22672 D CycledLeScannerForLollipop: Waiting to start full Bluetooth scan for another 5940 milliseconds
03-08 17:15:27.735  1440  1865 I libsuspend: !@suspend_thread_func: read wakeup_count -
03-08 17:15:27.736  1440  1865 I libsuspend: !@suspend_thread_func: write mem to /sys/power/state +
03-08 17:15:27.887  1440  1865 I libsuspend: !@suspend_thread_func: write mem to /sys/power/state -
03-08 17:15:27.989  1440  1865 I libsuspend: !@suspend_thread_func: read wakeup_count +
03-08 17:15:28.166 22672 22672 D CycledLeScannerForLollipop: Waiting to start full Bluetooth scan for another 4936 milliseconds
03-08 17:15:28.444   735   900 I qti_sensors_hal: processReportInd: Accel - X: -0.157 Y: 2.026 Z: 9.394
03-08 17:15:29.064  1440  1865 I libsuspend: !@suspend_thread_func: read wakeup_count -
03-08 17:15:29.065  1440  1865 I libsuspend: !@suspend_thread_func: write mem to /sys/power/state +
03-08 17:15:29.169 22672 22672 D CycledLeScannerForLollipop: Waiting to start full Bluetooth scan for another 3933 milliseconds
03-08 17:15:29.218  1440  1865 I libsuspend: !@suspend_thread_func: write mem to /sys/power/state -
03-08 17:15:29.320  1440  1865 I libsuspend: !@suspend_thread_func: read wakeup_count +
03-08 17:15:29.327  3720  3720 D io_stats: !@   8,0 r 5544763 196764496 w 3473237 59889256 d 228597 22814024 f 1311085 1316282 iot 5261830 2943869 th 51200 0 0 pt 0 inp 0 0 646048.433
03-08 17:15:29.835  1440  1865 I libsuspend: !@suspend_thread_func: read wakeup_count -
03-08 17:15:29.836  1440  1865 I libsuspend: !@suspend_thread_func: write mem to /sys/power/state +
03-08 17:15:29.897  1440  1865 I libsuspend: !@suspend_thread_func: write mem to /sys/power/state -
03-08 17:15:29.998  1440  1865 I libsuspend: !@suspend_thread_func: read wakeup_count +
03-08 17:15:30.174 22672 22672 D CycledLeScannerForLollipop: Waiting to start full Bluetooth scan for another 2929 milliseconds
03-08 17:15:30.683  1440  1865 I libsuspend: !@suspend_thread_func: read wakeup_count -
03-08 17:15:30.684  1440  1865 I libsuspend: !@suspend_thread_func: write mem to /sys/power/state +
03-08 17:15:30.747  1440  1865 I libsuspend: !@suspend_thread_func: write mem to /sys/power/state -
03-08 17:15:30.848  1440  1865 I libsuspend: !@suspend_thread_func: read wakeup_count +
03-08 17:15:31.178 22672 22672 D CycledLeScannerForLollipop: Waiting to start full Bluetooth scan for another 1924 milliseconds
03-08 17:15:31.694  1440  1865 I libsuspend: !@suspend_thread_func: read wakeup_count -
03-08 17:15:31.694  1440  1865 I libsuspend: !@suspend_thread_func: write mem to /sys/power/state +
03-08 17:15:31.850  1440  1865 I libsuspend: !@suspend_thread_func: write mem to /sys/power/state -
03-08 17:15:31.952  1440  1865 I libsuspend: !@suspend_thread_func: read wakeup_count +
03-08 17:15:32.183 22672 22672 D CycledLeScannerForLollipop: Waiting to start full Bluetooth scan for another 920 milliseconds
03-08 17:15:32.713  1440  1865 I libsuspend: !@suspend_thread_func: read wakeup_count -
03-08 17:15:32.714  1440  1865 I libsuspend: !@suspend_thread_func: write mem to /sys/power/state +
03-08 17:15:32.806  1440  1865 I libsuspend: !@suspend_thread_func: write mem to /sys/power/state -
03-08 17:15:32.907  1440  1865 I libsuspend: !@suspend_thread_func: read wakeup_count +
03-08 17:15:33.110  5596 32651 D BluetoothAdapter: STATE_ON
03-08 17:15:33.111  1440  5872 D SSRM:g  : SIOP:: AP = 230, PST = 225 (W:14), BAT = 252, CHG = 245
03-08 17:15:33.111 22672 22672 D CycledLeScanner: starting a new scan cycle
03-08 17:15:33.112 22672 25146 D CycledLeScannerForLollipop: Stopping LE scan on scan handler
03-08 17:15:33.115  5596 32651 D BluetoothAdapter: STATE_ON
03-08 17:15:33.115  5596 32651 D BluetoothLeScanner: Stop Scan with callback
03-08 17:15:33.117 22672 25146 D BluetoothAdapter: STATE_ON
03-08 17:15:33.118 22672 22672 D CycledLeScanner: starting a new bluetooth le scan
03-08 17:15:33.122 22672 25146 D BluetoothAdapter: STATE_ON
03-08 17:15:33.122 22672 25146 D BluetoothLeScanner: Stop Scan with callback
03-08 17:15:33.126 22672 22672 D CycledLeScannerForLollipop: starting a scan in SCAN_MODE_LOW_LATENCY
03-08 17:15:33.126 22672 22672 D CycledLeScannerForLollipop: Using no scan filter since this is pre-8.1
03-08 17:15:33.127 22672 22672 D CycledLeScanner: Waiting to stop scan cycle for another 4100 milliseconds
03-08 17:15:33.127 22672 22672 D CycledLeScanner: Scan started
03-08 17:15:33.145  5596 32651 D BluetoothAdapter: STATE_ON
03-08 17:15:33.145 22672 25146 D BluetoothAdapter: STATE_ON
03-08 17:15:33.146  5596 32651 D BluetoothAdapter: STATE_ON
03-08 17:15:33.146 22672 25146 D BluetoothAdapter: STATE_ON
03-08 17:15:33.148 22672 25146 D BluetoothAdapter: STATE_ON
03-08 17:15:33.149  5596 32651 D BluetoothAdapter: STATE_ON
03-08 17:15:33.150 22672 25146 D BluetoothAdapter: STATE_ON
03-08 17:15:33.152 22672 25146 D BluetoothLeScanner: Start Scan with callback
03-08 17:15:33.153  5596 32651 D BluetoothAdapter: STATE_ON
03-08 17:15:33.153  2701  3154 E BtGatt.ScanManager: default value of curScanSetting 0 is choosen
03-08 17:15:33.154  2701  3154 D BtGatt.ScanManager: configureRegularScanParams() scan param set to 800 / 8000 (units)
03-08 17:15:33.155  2701  3246 W bt_btm  : btm_ble_disable_resolving_list() rl_state = 0x1b, rl_mask = 0x2, to_resume = 1
03-08 17:15:33.155  2701  3155 E BtGatt.GattService: [GSIM LOG]: gsimLogHandler, msg: MESSAGE_SCAN_STOP, appName: org.altbeacon.beaconreference, scannerId: 6, reportDelayMillis=0
03-08 17:15:33.156  2701  2880 E BtGatt.GattService: Scan app or callback is null for scannerId = 7
03-08 17:15:33.156  2701  3246 W bt_btm  : btm_ble_enable_resolving_list() rl_state = 0x19, rl_mask = 0x2
03-08 17:15:33.159 22672 22695 D BluetoothLeScanner: onScannerRegistered() - status=0 scannerId=6 mScannerId=0
03-08 17:15:33.159  5596 32651 D BluetoothLeScanner: Start Scan with callback
03-08 17:15:33.164  5596  3616 D BluetoothLeScanner: onScannerRegistered() - status=0 scannerId=8 mScannerId=0
03-08 17:15:33.170  2701  3154 E BtGatt.ScanManager: default value of curScanSetting 0 is choosen
03-08 17:15:33.170  2701  3154 D BluetoothAdapter: STATE_ON
03-08 17:15:33.172  2701  3154 I chatty  : uid=1002(bluetooth) BluetoothScanMa identical 2 lines
03-08 17:15:33.172  2701  3154 D BluetoothAdapter: STATE_ON
03-08 17:15:33.173  2701  3154 D BtGatt.ScanManager: configureRegularScanParams() scan param set to 800 / 8000 (units)
03-08 17:15:33.174  2701  3246 W bt_btm  : btm_ble_disable_resolving_list() rl_state = 0x1b, rl_mask = 0x2, to_resume = 1
03-08 17:15:33.174  2701  3246 W bt_btm  : btm_ble_enable_resolving_list() rl_state = 0x19, rl_mask = 0x2
03-08 17:15:33.175  2701  3155 E BtGatt.GattService: [GSIM LOG]: gsimLogHandler, msg: MESSAGE_SCAN_STOP, appName: com.simpleinout.android, scannerId: 8, reportDelayMillis=0
03-08 17:15:33.175  2701  2880 E BtGatt.GattService: Scan app or callback is null for scannerId = 7
03-08 17:15:33.177  2701  3154 D BluetoothAdapter: STATE_ON
03-08 17:15:33.179  2701  3154 D BluetoothAdapter: STATE_ON
03-08 17:15:33.180  2701  3155 E BtGatt.GattService: [GSIM LOG]: gsimLogHandler, msg: MESSAGE_SCAN_START, appName: org.altbeacon.beaconreference, scannerId: 6, reportDelayMillis=0
03-08 17:15:33.180  2701  3154 D BluetoothAdapter: STATE_ON
03-08 17:15:33.184  2701  3154 I chatty  : uid=1002(bluetooth) BluetoothScanMa identical 2 lines
03-08 17:15:33.184  2701  3154 D BluetoothAdapter: STATE_ON
03-08 17:15:33.187  2701  3154 D BtGatt.ScanManager: configureFilterParamter() : onFoundTimeout | onLostTimeout | onFoundCount | numOfTrackingEntries | scanFilterRssiThreshold | trackableScanFilterRssiThreshold | matchMode
03-08 17:15:33.187  2701  3154 D BtGatt.ScanManager: configureFilterParamter() : __________500__|________10000__|___________1__|___________________0__|___________________-128__|____________________________-128__|________1_
03-08 17:15:33.190  2701  3154 E BtGatt.ScanManager: default value of curScanSetting 0 is choosen
03-08 17:15:33.190  2701  3154 D BtGatt.ScanManager: configureRegularScanParams() scan param set to 8000 / 8000 (units)
03-08 17:15:33.191  2701  3246 W bt_btm  : btm_ble_disable_resolving_list() rl_state = 0x1b, rl_mask = 0x2, to_resume = 1
03-08 17:15:33.191  2701  3246 W bt_btm  : btm_ble_enable_resolving_list() rl_state = 0x19, rl_mask = 0x2
03-08 17:15:33.192  2701  3154 D BluetoothAdapter: STATE_ON
03-08 17:15:33.193  2701  3154 I chatty  : uid=1002(bluetooth) BluetoothScanMa identical 1 line
03-08 17:15:33.194  2701  3154 D BluetoothAdapter: STATE_ON
03-08 17:15:33.194  2701  3155 E BtGatt.GattService: [GSIM LOG]: gsimLogHandler, msg: MESSAGE_SCAN_START, appName: com.simpleinout.android, scannerId: 8, reportDelayMillis=0
03-08 17:15:33.194  2701  3154 D BluetoothAdapter: STATE_ON
03-08 17:15:33.195  2701  3154 I chatty  : uid=1002(bluetooth) BluetoothScanMa identical 1 line
03-08 17:15:33.196  2701  3154 D BluetoothAdapter: STATE_ON
03-08 17:15:33.196  2701  3154 E BtGatt.ScanManager: default value of curScanSetting 0 is choosen
03-08 17:15:33.197  2701  3154 D BtGatt.ScanManager: configureRegularScanParams() scan param set to 8000 / 8000 (units)
03-08 17:15:33.198  2701  3246 W bt_btm  : btm_ble_disable_resolving_list() rl_state = 0x1b, rl_mask = 0x2, to_resume = 1
03-08 17:15:33.198  2701  3246 W bt_btm  : btm_ble_enable_resolving_list() rl_state = 0x19, rl_mask = 0x2
03-08 17:15:33.318  2701  2880 D ScanRecord: Not a Multi Manu data
03-08 17:15:33.318  2701  2880 I chatty  : uid=1002(bluetooth) BT Service Call identical 1 line
03-08 17:15:33.318  2701  2880 D ScanRecord: Not a Multi Manu data
03-08 17:15:33.319  2701  2880 D BtGatt.GattService: onScanResult to scannerId: 6- event_type=0x1b, address_type=1, address=93:D, primary_phy=1, secondary_phy=0, advertising_sid=0xff, tx_power=127, rssi=-88, periodic_adv_int=0x0
03-08 17:15:33.321  2701  2880 D ScanRecord: Not a Multi Manu data
03-08 17:15:33.321  2701  2880 D ScanRecord: Not a Multi Manu data
03-08 17:15:33.322  2701  2880 D BtGatt.GattService: onScanResult to scannerId: 8- event_type=0x1b, address_type=1, address=93:D, primary_phy=1, secondary_phy=0, advertising_sid=0xff, tx_power=127, rssi=-88, periodic_adv_int=0x0
03-08 17:15:33.322 22672 22672 D CycledLeScannerForLollipop: got record
03-08 17:15:33.330 22672 25180 D BeaconParser: Ignoring pdu type 01
03-08 17:15:33.332 22672 25180 D BeaconParser: Processing pdu type FF: 02011a0aff4c0010050318773492000000000000000000000000000000000000000000000000000000000000000000000000000000000000000000000000 with startIndex: 5, endIndex: 13
03-08 17:15:33.336 22672 25180 D BeaconParser: This is not a matching Beacon advertisement. (Was expecting be ac.  The bytes I see are: 02011a0aff4c0010050318773492000000000000000000000000000000000000000000000000000000000000000000000000000000000000000000000000
03-08 17:15:33.336 22672 25180 D BeaconParser: Ignoring pdu type 01
03-08 17:15:33.337 22672 25180 D BeaconParser: Processing pdu type FF: 02011a0aff4c0010050318773492000000000000000000000000000000000000000000000000000000000000000000000000000000000000000000000000 with startIndex: 5, endIndex: 13
03-08 17:15:33.337 22672 25180 D BeaconParser: This is not a matching Beacon advertisement. (Was expecting 02 15.  The bytes I see are: 02011a0aff4c0010050318773492000000000000000000000000000000000000000000000000000000000000000000000000000000000000000000000000
03-08 17:15:33.357  2701  2880 D ScanRecord: Not a Multi Manu data
03-08 17:15:33.358  2701  2880 I chatty  : uid=1002(bluetooth) BT Service Call identical 1 line
03-08 17:15:33.358  2701  2880 D ScanRecord: Not a Multi Manu data
03-08 17:15:33.358  2701  2880 D BtGatt.GattService: onScanResult to scannerId: 6- event_type=0x1b, address_type=1, address=52:A, primary_phy=1, secondary_phy=0, advertising_sid=0xff, tx_power=127, rssi=-85, periodic_adv_int=0x0
03-08 17:15:33.359  2701  2880 D ScanRecord: Not a Multi Manu data
03-08 17:15:33.359  2701  2880 D ScanRecord: Not a Multi Manu data
03-08 17:15:33.359  2701  2880 D BtGatt.GattService: onScanResult to scannerId: 8- event_type=0x1b, address_type=1, address=52:A, primary_phy=1, secondary_phy=0, advertising_sid=0xff, tx_power=127, rssi=-85, periodic_adv_int=0x0
03-08 17:15:33.361 22672 22672 D CycledLeScannerForLollipop: got record
03-08 17:15:33.363 22672 25155 D BeaconParser: Ignoring pdu type 01
03-08 17:15:33.364 22672 25155 D BeaconParser: Processing pdu type FF: 02011a0aff4c0010050318a8a418000000000000000000000000000000000000000000000000000000000000000000000000000000000000000000000000 with startIndex: 5, endIndex: 13
03-08 17:15:33.365 22672 25155 D BeaconParser: This is not a matching Beacon advertisement. (Was expecting be ac.  The bytes I see are: 02011a0aff4c0010050318a8a418000000000000000000000000000000000000000000000000000000000000000000000000000000000000000000000000
03-08 17:15:33.366 22672 25155 D BeaconParser: Ignoring pdu type 01
03-08 17:15:33.367 22672 25155 D BeaconParser: Processing pdu type FF: 02011a0aff4c0010050318a8a418000000000000000000000000000000000000000000000000000000000000000000000000000000000000000000000000 with startIndex: 5, endIndex: 13
03-08 17:15:33.367 22672 25155 D BeaconParser: This is not a matching Beacon advertisement. (Was expecting 02 15.  The bytes I see are: 02011a0aff4c0010050318a8a418000000000000000000000000000000000000000000000000000000000000000000000000000000000000000000000000
03-08 17:15:33.430  2701  2880 D ScanRecord: Not a Multi Manu data
03-08 17:15:33.430  2701  2880 I chatty  : uid=1002(bluetooth) BT Service Call identical 1 line
03-08 17:15:33.430  2701  2880 D ScanRecord: Not a Multi Manu data
03-08 17:15:33.431  2701  2880 D BtGatt.GattService: onScanResult to scannerId: 6- event_type=0x1b, address_type=1, address=BD:6, primary_phy=1, secondary_phy=0, advertising_sid=0xff, tx_power=127, rssi=-97, periodic_adv_int=0x0
03-08 17:15:33.433  2701  2880 D ScanRecord: Not a Multi Manu data
03-08 17:15:33.434  2701  2880 D ScanRecord: Not a Multi Manu data
03-08 17:15:33.435 22672 22672 D CycledLeScannerForLollipop: got record
03-08 17:15:33.435  2701  2880 D BtGatt.GattService: onScanResult to scannerId: 8- event_type=0x1b, address_type=1, address=BD:6, primary_phy=1, secondary_phy=0, advertising_sid=0xff, tx_power=127, rssi=-97, periodic_adv_int=0x0
03-08 17:15:33.437 22672 25160 D BeaconParser: Ignoring pdu type 01
03-08 17:15:33.440 22672 25160 D BeaconParser: Processing pdu type FF: 02010613ff4c000c0e007537661390171d038d9d0f40ef000000000000000000000000000000000000000000000000000000000000000000000000000000 with startIndex: 5, endIndex: 22
03-08 17:15:33.440 22672 25160 D BeaconParser: This is not a matching Beacon advertisement. (Was expecting be ac.  The bytes I see are: 02010613ff4c000c0e007537661390171d038d9d0f40ef000000000000000000000000000000000000000000000000000000000000000000000000000000
03-08 17:15:33.440 22672 25160 D BeaconParser: Ignoring pdu type 01
03-08 17:15:33.441 22672 25160 D BeaconParser: Processing pdu type FF: 02010613ff4c000c0e007537661390171d038d9d0f40ef000000000000000000000000000000000000000000000000000000000000000000000000000000 with startIndex: 5, endIndex: 22
03-08 17:15:33.441 22672 25160 D BeaconParser: This is not a matching Beacon advertisement. (Was expecting 02 15.  The bytes I see are: 02010613ff4c000c0e007537661390171d038d9d0f40ef000000000000000000000000000000000000000000000000000000000000000000000000000000
03-08 17:15:33.498  2701  2880 D ScanRecord: Not a Multi Manu data
03-08 17:15:33.499  2701  2880 I chatty  : uid=1002(bluetooth) BT Service Call identical 1 line
03-08 17:15:33.499  2701  2880 D ScanRecord: Not a Multi Manu data
03-08 17:15:33.501  2701  2880 D BtGatt.GattService: onScanResult to scannerId: 6- event_type=0x1b, address_type=1, address=BD:6, primary_phy=1, secondary_phy=0, advertising_sid=0xff, tx_power=127, rssi=-99, periodic_adv_int=0x0
03-08 17:15:33.504 22672 22672 D CycledLeScannerForLollipop: got record
03-08 17:15:33.506 22672 25157 D BeaconParser: Ignoring pdu type 01
03-08 17:15:33.508 22672 25157 D BeaconParser: Processing pdu type FF: 02010613ff4c000c0e007537661390171d038d9d0f40ef000000000000000000000000000000000000000000000000000000000000000000000000000000 with startIndex: 5, endIndex: 22
03-08 17:15:33.508  2701  2880 D ScanRecord: Not a Multi Manu data
03-08 17:15:33.509  2701  2880 D ScanRecord: Not a Multi Manu data
03-08 17:15:33.509 22672 25157 D BeaconParser: This is not a matching Beacon advertisement. (Was expecting be ac.  The bytes I see are: 02010613ff4c000c0e007537661390171d038d9d0f40ef000000000000000000000000000000000000000000000000000000000000000000000000000000
03-08 17:15:33.510 22672 25157 D BeaconParser: Ignoring pdu type 01
03-08 17:15:33.510  2701  2880 D BtGatt.GattService: onScanResult to scannerId: 8- event_type=0x1b, address_type=1, address=BD:6, primary_phy=1, secondary_phy=0, advertising_sid=0xff, tx_power=127, rssi=-99, periodic_adv_int=0x0
03-08 17:15:33.511 22672 25157 D BeaconParser: Processing pdu type FF: 02010613ff4c000c0e007537661390171d038d9d0f40ef000000000000000000000000000000000000000000000000000000000000000000000000000000 with startIndex: 5, endIndex: 22
03-08 17:15:33.511 22672 25157 D BeaconParser: This is not a matching Beacon advertisement. (Was expecting 02 15.  The bytes I see are: 02010613ff4c000c0e007537661390171d038d9d0f40ef000000000000000000000000000000000000000000000000000000000000000000000000000000
03-08 17:15:33.587  2701  2880 D ScanRecord: Not a Multi Manu data
03-08 17:15:33.587  2701  2880 I chatty  : uid=1002(bluetooth) BT Service Call identical 1 line
03-08 17:15:33.587  2701  2880 D ScanRecord: Not a Multi Manu data
03-08 17:15:33.588  2701  2880 D BtGatt.GattService: onScanResult to scannerId: 6- event_type=0x1b, address_type=1, address=93:D, primary_phy=1, secondary_phy=0, advertising_sid=0xff, tx_power=127, rssi=-91, periodic_adv_int=0x0
03-08 17:15:33.590  2701  2880 D ScanRecord: Not a Multi Manu data
03-08 17:15:33.590  2701  2880 D ScanRecord: Not a Multi Manu data
03-08 17:15:33.591  2701  2880 D BtGatt.GattService: onScanResult to scannerId: 8- event_type=0x1b, address_type=1, address=93:D, primary_phy=1, secondary_phy=0, advertising_sid=0xff, tx_power=127, rssi=-91, periodic_adv_int=0x0
03-08 17:15:33.591 22672 22672 D CycledLeScannerForLollipop: got record
03-08 17:15:33.595 22672 25168 D BeaconParser: Ignoring pdu type 01
03-08 17:15:33.598 22672 25168 D BeaconParser: Processing pdu type FF: 02011a0aff4c0010050318773492000000000000000000000000000000000000000000000000000000000000000000000000000000000000000000000000 with startIndex: 5, endIndex: 13
03-08 17:15:33.599 22672 25168 D BeaconParser: This is not a matching Beacon advertisement. (Was expecting be ac.  The bytes I see are: 02011a0aff4c0010050318773492000000000000000000000000000000000000000000000000000000000000000000000000000000000000000000000000
03-08 17:15:33.599 22672 25168 D BeaconParser: Ignoring pdu type 01
