03-08 17:14:07.725 22672 25160 D BeaconParser: This is not a matching Beacon advertisement. (Was expecting 02 15.  The bytes I see are: 02011a0aff4c0010050318a8a418000000000000000000000000000000000000000000000000000000000000000000000000000000000000000000000000
03-08 17:14:07.727 22672 22672 D CycledLeScanner: Waiting to stop scan cycle for another 1096 milliseconds
03-08 17:14:07.974  2701  2880 D ScanRecord: Not a Multi Manu data
03-08 17:14:07.975  2701  2880 I chatty  : uid=1002(bluetooth) BT Service Call identical 1 line
03-08 17:14:07.975  2701  2880 D ScanRecord: Not a Multi Manu data
03-08 17:14:07.976  2701  2880 D BtGatt.GattService: onScanResult to scannerId: 6- event_type=0x1b, address_type=1, address=93:D, primary_phy=1, secondary_phy=0, advertising_sid=0xff, tx_power=127, rssi=-91, periodic_adv_int=0x0
03-08 17:14:07.977  2701  2880 D ScanRecord: Not a Multi Manu data
03-08 17:14:07.978  2701  2880 D ScanRecord: Not a Multi Manu data
03-08 17:14:07.978  2701  2880 D BtGatt.GattService: onScanResult to scannerId: 8- event_type=0x1b, address_type=1, address=93:D, primary_phy=1, secondary_phy=0, advertising_sid=0xff, tx_power=127, rssi=-91, periodic_adv_int=0x0
03-08 17:14:07.981 22672 22672 D CycledLeScannerForLollipop: got record
03-08 17:14:07.986 22672 25157 D BeaconParser: Ignoring pdu type 01
03-08 17:14:07.986 22672 25157 D BeaconParser: Processing pdu type FF: 02011a0aff4c0010050318773492000000000000000000000000000000000000000000000000000000000000000000000000000000000000000000000000 with startIndex: 5, endIndex: 13
03-08 17:14:07.987 22672 25157 D BeaconParser: This is not a matching Beacon advertisement. (Was expecting be ac.  The bytes I see are: 02011a0aff4c0010050318773492000000000000000000000000000000000000000000000000000000000000000000000000000000000000000000000000
03-08 17:14:07.987 22672 25157 D BeaconParser: Ignoring pdu type 01
03-08 17:14:07.987 22672 25157 D BeaconParser: Processing pdu type FF: 02011a0aff4c0010050318773492000000000000000000000000000000000000000000000000000000000000000000000000000000000000000000000000 with startIndex: 5, endIndex: 13
03-08 17:14:07.987 22672 25157 D BeaconParser: This is not a matching Beacon advertisement. (Was expecting 02 15.  The bytes I see are: 02011a0aff4c0010050318773492000000000000000000000000000000000000000000000000000000000000000000000000000000000000000000000000
03-08 17:14:07.994  2701  2880 D ScanRecord: Not a Multi Manu data
03-08 17:14:07.994  2701  2880 I chatty  : uid=1002(bluetooth) BT Service Call identical 1 line
03-08 17:14:07.994  2701  2880 D ScanRecord: Not a Multi Manu data
03-08 17:14:07.994  2701  2880 D BtGatt.GattService: onScanResult to scannerId: 6- event_type=0x1b, address_type=1, address=52:A, primary_phy=1, secondary_phy=0, advertising_sid=0xff, tx_power=127, rssi=-85, periodic_adv_int=0x0
03-08 17:14:07.995  2701  2880 D ScanRecord: Not a Multi Manu data
03-08 17:14:07.995  2701  2880 D ScanRecord: Not a Multi Manu data
03-08 17:14:07.996  2701  2880 D BtGatt.GattService: onScanResult to scannerId: 8- event_type=0x1b, address_type=1, address=52:A, primary_phy=1, secondary_phy=0, advertising_sid=0xff, tx_power=127, rssi=-85, periodic_adv_int=0x0
03-08 17:14:07.997 22672 22672 D CycledLeScannerForLollipop: got record
03-08 17:14:07.998 22672 25168 D BeaconParser: Ignoring pdu type 01
03-08 17:14:07.998 22672 25168 D BeaconParser: Processing pdu type FF: 02011a0aff4c0010050318a8a418000000000000000000000000000000000000000000000000000000000000000000000000000000000000000000000000 with startIndex: 5, endIndex: 13
03-08 17:14:07.998 22672 25168 D BeaconParser: This is not a matching Beacon advertisement. (Was expecting be ac.  The bytes I see are: 02011a0aff4c0010050318a8a418000000000000000000000000000000000000000000000000000000000000000000000000000000000000000000000000
03-08 17:14:07.999 22672 25168 D BeaconParser: Ignoring pdu type 01
03-08 17:14:07.999 22672 25168 D BeaconParser: Processing pdu type FF: 02011a0aff4c0010050318a8a418000000000000000000000000000000000000000000000000000000000000000000000000000000000000000000000000 with startIndex: 5, endIndex: 13
03-08 17:14:07.999 22672 25168 D BeaconParser: This is not a matching Beacon advertisement. (Was expecting 02 15.  The bytes I see are: 02011a0aff4c0010050318a8a418000000000000000000000000000000000000000000000000000000000000000000000000000000000000000000000000
03-08 17:14:08.017  2701  2880 D ScanRecord: Not a Multi Manu data
03-08 17:14:08.017  2701  2880 I chatty  : uid=1002(bluetooth) BT Service Call identical 1 line
03-08 17:14:08.017  2701  2880 D ScanRecord: Not a Multi Manu data
03-08 17:14:08.017  2701  2880 D BtGatt.GattService: onScanResult to scannerId: 6- event_type=0x1b, address_type=1, address=BD:6, primary_phy=1, secondary_phy=0, advertising_sid=0xff, tx_power=127, rssi=-100, periodic_adv_int=0x0
03-08 17:14:08.018  2701  2880 D ScanRecord: Not a Multi Manu data
03-08 17:14:08.018  2701  2880 D ScanRecord: Not a Multi Manu data
03-08 17:14:08.018  2701  2880 D BtGatt.GattService: onScanResult to scannerId: 8- event_type=0x1b, address_type=1, address=BD:6, primary_phy=1, secondary_phy=0, advertising_sid=0xff, tx_power=127, rssi=-100, periodic_adv_int=0x0
03-08 17:14:08.019 22672 22672 D CycledLeScannerForLollipop: got record
03-08 17:14:08.021 22672 25180 D BeaconParser: Ignoring pdu type 01
03-08 17:14:08.021 22672 25180 D BeaconParser: Processing pdu type FF: 02010613ff4c000c0e007237ee6a850b05bd15aee5776a000000000000000000000000000000000000000000000000000000000000000000000000000000 with startIndex: 5, endIndex: 22
03-08 17:14:08.022 22672 25180 D BeaconParser: This is not a matching Beacon advertisement. (Was expecting be ac.  The bytes I see are: 02010613ff4c000c0e007237ee6a850b05bd15aee5776a000000000000000000000000000000000000000000000000000000000000000000000000000000
03-08 17:14:08.022 22672 25180 D BeaconParser: Ignoring pdu type 01
03-08 17:14:08.022 22672 25180 D BeaconParser: Processing pdu type FF: 02010613ff4c000c0e007237ee6a850b05bd15aee5776a000000000000000000000000000000000000000000000000000000000000000000000000000000 with startIndex: 5, endIndex: 22
03-08 17:14:08.022 22672 25180 D BeaconParser: This is not a matching Beacon advertisement. (Was expecting 02 15.  The bytes I see are: 02010613ff4c000c0e007237ee6a850b05bd15aee5776a000000000000000000000000000000000000000000000000000000000000000000000000000000
03-08 17:14:08.215  2701  2880 D ScanRecord: Not a Multi Manu data
03-08 17:14:08.215  2701  2880 I chatty  : uid=1002(bluetooth) BT Service Call identical 1 line
03-08 17:14:08.215  2701  2880 D ScanRecord: Not a Multi Manu data
03-08 17:14:08.216  2701  2880 D BtGatt.GattService: onScanResult to scannerId: 6- event_type=0x1b, address_type=1, address=BD:6, primary_phy=1, secondary_phy=0, advertising_sid=0xff, tx_power=127, rssi=-102, periodic_adv_int=0x0
03-08 17:14:08.217  2701  2880 D ScanRecord: Not a Multi Manu data
03-08 17:14:08.217  2701  2880 D ScanRecord: Not a Multi Manu data
03-08 17:14:08.218  2701  2880 D BtGatt.GattService: onScanResult to scannerId: 8- event_type=0x1b, address_type=1, address=BD:6, primary_phy=1, secondary_phy=0, advertising_sid=0xff, tx_power=127, rssi=-102, periodic_adv_int=0x0
03-08 17:14:08.224 22672 22672 D CycledLeScannerForLollipop: got record
03-08 17:14:08.227 22672 25155 D BeaconParser: Ignoring pdu type 01
03-08 17:14:08.228 22672 25155 D BeaconParser: Processing pdu type FF: 02010613ff4c000c0e007237ee6a850b05bd15aee5776a000000000000000000000000000000000000000000000000000000000000000000000000000000 with startIndex: 5, endIndex: 22
03-08 17:14:08.230 22672 25155 D BeaconParser: This is not a matching Beacon advertisement. (Was expecting be ac.  The bytes I see are: 02010613ff4c000c0e007237ee6a850b05bd15aee5776a000000000000000000000000000000000000000000000000000000000000000000000000000000
03-08 17:14:08.231 22672 25155 D BeaconParser: Ignoring pdu type 01
03-08 17:14:08.232 22672 25155 D BeaconParser: Processing pdu type FF: 02010613ff4c000c0e007237ee6a850b05bd15aee5776a000000000000000000000000000000000000000000000000000000000000000000000000000000 with startIndex: 5, endIndex: 22
03-08 17:14:08.233 22672 25155 D BeaconParser: This is not a matching Beacon advertisement. (Was expecting 02 15.  The bytes I see are: 02010613ff4c000c0e007237ee6a850b05bd15aee5776a000000000000000000000000000000000000000000000000000000000000000000000000000000
03-08 17:14:08.270  2701  2880 D ScanRecord: Not a Multi Manu data
03-08 17:14:08.271  2701  2880 I chatty  : uid=1002(bluetooth) BT Service Call identical 1 line
03-08 17:14:08.271  2701  2880 D ScanRecord: Not a Multi Manu data
03-08 17:14:08.272  2701  2880 D BtGatt.GattService: onScanResult to scannerId: 6- event_type=0x1b, address_type=1, address=52:A, primary_phy=1, secondary_phy=0, advertising_sid=0xff, tx_power=127, rssi=-86, periodic_adv_int=0x0
03-08 17:14:08.273  2701  2880 D ScanRecord: Not a Multi Manu data
03-08 17:14:08.274  2701  2880 D ScanRecord: Not a Multi Manu data
03-08 17:14:08.274  2701  2880 D BtGatt.GattService: onScanResult to scannerId: 8- event_type=0x1b, address_type=1, address=52:A, primary_phy=1, secondary_phy=0, advertising_sid=0xff, tx_power=127, rssi=-86, periodic_adv_int=0x0
03-08 17:14:08.277 22672 22672 D CycledLeScannerForLollipop: got record
03-08 17:14:08.281 22672 25160 D BeaconParser: Ignoring pdu type 01
03-08 17:14:08.282 22672 25160 D BeaconParser: Processing pdu type FF: 02011a0aff4c0010050318a8a418000000000000000000000000000000000000000000000000000000000000000000000000000000000000000000000000 with startIndex: 5, endIndex: 13
03-08 17:14:08.283 22672 25160 D BeaconParser: This is not a matching Beacon advertisement. (Was expecting be ac.  The bytes I see are: 02011a0aff4c0010050318a8a418000000000000000000000000000000000000000000000000000000000000000000000000000000000000000000000000
03-08 17:14:08.283 22672 25160 D BeaconParser: Ignoring pdu type 01
03-08 17:14:08.284 22672 25160 D BeaconParser: Processing pdu type FF: 02011a0aff4c0010050318a8a418000000000000000000000000000000000000000000000000000000000000000000000000000000000000000000000000 with startIndex: 5, endIndex: 13
03-08 17:14:08.285 22672 25160 D BeaconParser: This is not a matching Beacon advertisement. (Was expecting 02 15.  The bytes I see are: 02011a0aff4c0010050318a8a418000000000000000000000000000000000000000000000000000000000000000000000000000000000000000000000000
03-08 17:14:08.406  2701  2880 D ScanRecord: Not a Multi Manu data
03-08 17:14:08.407  2701  2880 I chatty  : uid=1002(bluetooth) BT Service Call identical 1 line
03-08 17:14:08.407  2701  2880 D ScanRecord: Not a Multi Manu data
03-08 17:14:08.408  2701  2880 D BtGatt.GattService: onScanResult to scannerId: 6- event_type=0x1b, address_type=1, address=BD:6, primary_phy=1, secondary_phy=0, advertising_sid=0xff, tx_power=127, rssi=-101, periodic_adv_int=0x0
03-08 17:14:08.410  2701  2880 D ScanRecord: Not a Multi Manu data
03-08 17:14:08.410  2701  2880 D ScanRecord: Not a Multi Manu data
03-08 17:14:08.411  2701  2880 D BtGatt.GattService: onScanResult to scannerId: 8- event_type=0x1b, address_type=1, address=BD:6, primary_phy=1, secondary_phy=0, advertising_sid=0xff, tx_power=127, rssi=-101, periodic_adv_int=0x0
03-08 17:14:08.416 22672 22672 D CycledLeScannerForLollipop: got record
03-08 17:14:08.419 22672 25157 D BeaconParser: Ignoring pdu type 01
03-08 17:14:08.420 22672 25157 D BeaconParser: Processing pdu type FF: 02010613ff4c000c0e007237ee6a850b05bd15aee5776a000000000000000000000000000000000000000000000000000000000000000000000000000000 with startIndex: 5, endIndex: 22
03-08 17:14:08.420 22672 25157 D BeaconParser: This is not a matching Beacon advertisement. (Was expecting be ac.  The bytes I see are: 02010613ff4c000c0e007237ee6a850b05bd15aee5776a000000000000000000000000000000000000000000000000000000000000000000000000000000
03-08 17:14:08.421 22672 25157 D BeaconParser: Ignoring pdu type 01
03-08 17:14:08.422 22672 25157 D BeaconParser: Processing pdu type FF: 02010613ff4c000c0e007237ee6a850b05bd15aee5776a000000000000000000000000000000000000000000000000000000000000000000000000000000 with startIndex: 5, endIndex: 22
03-08 17:14:08.422 22672 25157 D BeaconParser: This is not a matching Beacon advertisement. (Was expecting 02 15.  The bytes I see are: 02010613ff4c000c0e007237ee6a850b05bd15aee5776a000000000000000000000000000000000000000000000000000000000000000000000000000000
03-08 17:14:08.529  2701  2880 D ScanRecord: Not a Multi Manu data
03-08 17:14:08.529  2701  2880 I chatty  : uid=1002(bluetooth) BT Service Call identical 1 line
03-08 17:14:08.530  2701  2880 D ScanRecord: Not a Multi Manu data
03-08 17:14:08.530  2701  2880 D BtGatt.GattService: onScanResult to scannerId: 6- event_type=0x1b, address_type=1, address=93:D, primary_phy=1, secondary_phy=0, advertising_sid=0xff, tx_power=127, rssi=-89, periodic_adv_int=0x0
03-08 17:14:08.532  2701  2880 D ScanRecord: Not a Multi Manu data
03-08 17:14:08.532  2701  2880 D ScanRecord: Not a Multi Manu data
03-08 17:14:08.533  2701  2880 D BtGatt.GattService: onScanResult to scannerId: 8- event_type=0x1b, address_type=1, address=93:D, primary_phy=1, secondary_phy=0, advertising_sid=0xff, tx_power=127, rssi=-89, periodic_adv_int=0x0
03-08 17:14:08.536 22672 22672 D CycledLeScannerForLollipop: got record
03-08 17:14:08.541 22672 25168 D BeaconParser: Ignoring pdu type 01
03-08 17:14:08.542 22672 25168 D BeaconParser: Processing pdu type FF: 02011a0aff4c0010050318773492000000000000000000000000000000000000000000000000000000000000000000000000000000000000000000000000 with startIndex: 5, endIndex: 13
03-08 17:14:08.546 22672 25168 D BeaconParser: This is not a matching Beacon advertisement. (Was expecting be ac.  The bytes I see are: 02011a0aff4c0010050318773492000000000000000000000000000000000000000000000000000000000000000000000000000000000000000000000000
03-08 17:14:08.547 22672 25168 D BeaconParser: Ignoring pdu type 01
03-08 17:14:08.548 22672 25168 D BeaconParser: Processing pdu type FF: 02011a0aff4c0010050318773492000000000000000000000000000000000000000000000000000000000000000000000000000000000000000000000000 with startIndex: 5, endIndex: 13
03-08 17:14:08.548 22672 25168 D BeaconParser: This is not a matching Beacon advertisement. (Was expecting 02 15.  The bytes I see are: 02011a0aff4c0010050318773492000000000000000000000000000000000000000000000000000000000000000000000000000000000000000000000000
03-08 17:14:08.551  2701  2880 D ScanRecord: Not a Multi Manu data
03-08 17:14:08.552  2701  2880 I chatty  : uid=1002(bluetooth) BT Service Call identical 1 line
03-08 17:14:08.552  2701  2880 D ScanRecord: Not a Multi Manu data
03-08 17:14:08.553  2701  2880 D BtGatt.GattService: onScanResult to scannerId: 6- event_type=0x1b, address_type=1, address=52:A, primary_phy=1, secondary_phy=0, advertising_sid=0xff, tx_power=127, rssi=-86, periodic_adv_int=0x0
03-08 17:14:08.555  2701  2880 D ScanRecord: Not a Multi Manu data
03-08 17:14:08.556  2701  2880 D ScanRecord: Not a Multi Manu data
03-08 17:14:08.556  2701  2880 D BtGatt.GattService: onScanResult to scannerId: 8- event_type=0x1b, address_type=1, address=52:A, primary_phy=1, secondary_phy=0, advertising_sid=0xff, tx_power=127, rssi=-86, periodic_adv_int=0x0
03-08 17:14:08.558 22672 22672 D CycledLeScannerForLollipop: got record
03-08 17:14:08.559 22672 25180 D BeaconParser: Ignoring pdu type 01
03-08 17:14:08.559 22672 25180 D BeaconParser: Processing pdu type FF: 02011a0aff4c0010050318a8a418000000000000000000000000000000000000000000000000000000000000000000000000000000000000000000000000 with startIndex: 5, endIndex: 13
03-08 17:14:08.560 22672 25180 D BeaconParser: This is not a matching Beacon advertisement. (Was expecting be ac.  The bytes I see are: 02011a0aff4c0010050318a8a418000000000000000000000000000000000000000000000000000000000000000000000000000000000000000000000000
03-08 17:14:08.560 22672 25180 D BeaconParser: Ignoring pdu type 01
03-08 17:14:08.561 22672 25180 D BeaconParser: Processing pdu type FF: 02011a0aff4c0010050318a8a418000000000000000000000000000000000000000000000000000000000000000000000000000000000000000000000000 with startIndex: 5, endIndex: 13
03-08 17:14:08.561 22672 25180 D BeaconParser: This is not a matching Beacon advertisement. (Was expecting 02 15.  The bytes I see are: 02011a0aff4c0010050318a8a418000000000000000000000000000000000000000000000000000000000000000000000000000000000000000000000000
03-08 17:14:08.577  2701  2880 D ScanRecord: Not a Multi Manu data
03-08 17:14:08.577  2701  2880 I chatty  : uid=1002(bluetooth) BT Service Call identical 1 line
03-08 17:14:08.577  2701  2880 D ScanRecord: Not a Multi Manu data
03-08 17:14:08.578  2701  2880 D BtGatt.GattService: onScanResult to scannerId: 6- event_type=0x1b, address_type=1, address=BD:6, primary_phy=1, secondary_phy=0, advertising_sid=0xff, tx_power=127, rssi=-101, periodic_adv_int=0x0
03-08 17:14:08.578  2701  2880 D ScanRecord: Not a Multi Manu data
03-08 17:14:08.579  2701  2880 D ScanRecord: Not a Multi Manu data
03-08 17:14:08.579  2701  2880 D BtGatt.GattService: onScanResult to scannerId: 8- event_type=0x1b, address_type=1, address=BD:6, primary_phy=1, secondary_phy=0, advertising_sid=0xff, tx_power=127, rssi=-101, periodic_adv_int=0x0
03-08 17:14:08.580 22672 22672 D CycledLeScannerForLollipop: got record
03-08 17:14:08.582 22672 25155 D BeaconParser: Ignoring pdu type 01
03-08 17:14:08.582 22672 25155 D BeaconParser: Processing pdu type FF: 02010613ff4c000c0e007237ee6a850b05bd15aee5776a000000000000000000000000000000000000000000000000000000000000000000000000000000 with startIndex: 5, endIndex: 22
03-08 17:14:08.582 22672 25155 D BeaconParser: This is not a matching Beacon advertisement. (Was expecting be ac.  The bytes I see are: 02010613ff4c000c0e007237ee6a850b05bd15aee5776a000000000000000000000000000000000000000000000000000000000000000000000000000000
03-08 17:14:08.583 22672 25155 D BeaconParser: Ignoring pdu type 01
03-08 17:14:08.583 22672 25155 D BeaconParser: Processing pdu type FF: 02010613ff4c000c0e007237ee6a850b05bd15aee5776a000000000000000000000000000000000000000000000000000000000000000000000000000000 with startIndex: 5, endIndex: 22
03-08 17:14:08.583 22672 25155 D BeaconParser: This is not a matching Beacon advertisement. (Was expecting 02 15.  The bytes I see are: 02010613ff4c000c0e007237ee6a850b05bd15aee5776a000000000000000000000000000000000000000000000000000000000000000000000000000000
03-08 17:14:08.729 22672 22672 D CycledLeScanner: Waiting to stop scan cycle for another 94 milliseconds
03-08 17:14:08.796  2701  2880 D ScanRecord: Not a Multi Manu data
03-08 17:14:08.796  2701  2880 I chatty  : uid=1002(bluetooth) BT Service Call identical 1 line
03-08 17:14:08.796  2701  2880 D ScanRecord: Not a Multi Manu data
03-08 17:14:08.797  2701  2880 D BtGatt.GattService: onScanResult to scannerId: 6- event_type=0x1b, address_type=1, address=93:D, primary_phy=1, secondary_phy=0, advertising_sid=0xff, tx_power=127, rssi=-90, periodic_adv_int=0x0
03-08 17:14:08.799  2701  2880 D ScanRecord: Not a Multi Manu data
03-08 17:14:08.799  2701  2880 D ScanRecord: Not a Multi Manu data
03-08 17:14:08.800  2701  2880 D BtGatt.GattService: onScanResult to scannerId: 8- event_type=0x1b, address_type=1, address=93:D, primary_phy=1, secondary_phy=0, advertising_sid=0xff, tx_power=127, rssi=-90, periodic_adv_int=0x0
03-08 17:14:08.804 22672 22672 D CycledLeScannerForLollipop: got record
03-08 17:14:08.806 22672 25160 D BeaconParser: Ignoring pdu type 01
03-08 17:14:08.806 22672 25160 D BeaconParser: Processing pdu type FF: 02011a0aff4c0010050318773492000000000000000000000000000000000000000000000000000000000000000000000000000000000000000000000000 with startIndex: 5, endIndex: 13
03-08 17:14:08.807 22672 25160 D BeaconParser: This is not a matching Beacon advertisement. (Was expecting be ac.  The bytes I see are: 02011a0aff4c0010050318773492000000000000000000000000000000000000000000000000000000000000000000000000000000000000000000000000
03-08 17:14:08.807 22672 25160 D BeaconParser: Ignoring pdu type 01
03-08 17:14:08.808 22672 25160 D BeaconParser: Processing pdu type FF: 02011a0aff4c0010050318773492000000000000000000000000000000000000000000000000000000000000000000000000000000000000000000000000 with startIndex: 5, endIndex: 13
03-08 17:14:08.809 22672 25160 D BeaconParser: This is not a matching Beacon advertisement. (Was expecting 02 15.  The bytes I see are: 02011a0aff4c0010050318773492000000000000000000000000000000000000000000000000000000000000000000000000000000000000000000000000
03-08 17:14:08.813  2701  2880 D ScanRecord: Not a Multi Manu data
03-08 17:14:08.813  2701  2880 I chatty  : uid=1002(bluetooth) BT Service Call identical 1 line
03-08 17:14:08.813  2701  2880 D ScanRecord: Not a Multi Manu data
03-08 17:14:08.814  2701  2880 D BtGatt.GattService: onScanResult to scannerId: 6- event_type=0x1b, address_type=1, address=52:A, primary_phy=1, secondary_phy=0, advertising_sid=0xff, tx_power=127, rssi=-86, periodic_adv_int=0x0
03-08 17:14:08.814  2701  2880 D ScanRecord: Not a Multi Manu data
03-08 17:14:08.815  2701  2880 D ScanRecord: Not a Multi Manu data
03-08 17:14:08.815  2701  2880 D BtGatt.GattService: onScanResult to scannerId: 8- event_type=0x1b, address_type=1, address=52:A, primary_phy=1, secondary_phy=0, advertising_sid=0xff, tx_power=127, rssi=-86, periodic_adv_int=0x0
03-08 17:14:08.817 22672 22672 D CycledLeScannerForLollipop: got record
03-08 17:14:08.819 22672 25157 D BeaconParser: Ignoring pdu type 01
03-08 17:14:08.820 22672 25157 D BeaconParser: Processing pdu type FF: 02011a0aff4c0010050318a8a418000000000000000000000000000000000000000000000000000000000000000000000000000000000000000000000000 with startIndex: 5, endIndex: 13
03-08 17:14:08.821 22672 25157 D BeaconParser: This is not a matching Beacon advertisement. (Was expecting be ac.  The bytes I see are: 02011a0aff4c0010050318a8a418000000000000000000000000000000000000000000000000000000000000000000000000000000000000000000000000
03-08 17:14:08.821 22672 25157 D BeaconParser: Ignoring pdu type 01
03-08 17:14:08.824 22672 25157 D BeaconParser: Processing pdu type FF: 02011a0aff4c0010050318a8a418000000000000000000000000000000000000000000000000000000000000000000000000000000000000000000000000 with startIndex: 5, endIndex: 13
03-08 17:14:08.825 22672 25157 D BeaconParser: This is not a matching Beacon advertisement. (Was expecting 02 15.  The bytes I see are: 02011a0aff4c0010050318a8a418000000000000000000000000000000000000000000000000000000000000000000000000000000000000000000000000
03-08 17:14:08.825 22672 22672 D CycledLeScanner: Done with scan cycle
03-08 17:14:08.826 22672 22672 D ScanHelper: Beacon simulator not enabled
03-08 17:14:08.829 22672 22672 D CycledLeScanner: stopping bluetooth le scan
03-08 17:14:08.829 22672 22672 D CycledLeScannerForLollipop: Stopping scan
03-08 17:14:08.831 22672 25146 D CycledLeScannerForLollipop: Stopping LE scan on scan handler
03-08 17:14:08.831 22672 22672 D CycledLeScanner: Normalizing between scan period from 40100 to 40067
03-08 17:14:08.831 22672 22672 D CycledLeScannerForLollipop: This is Android L. Preparing to do a filtered scan for the background.
03-08 17:14:08.833 22672 25146 D BluetoothAdapter: STATE_ON
03-08 17:14:08.834  5596 32651 D BluetoothAdapter: STATE_ON
03-08 17:14:08.836  5596 32651 D BluetoothAdapter: STATE_ON
03-08 17:14:08.836  5596 32651 D BluetoothLeScanner: Stop Scan with callback
03-08 17:14:08.838 22672 25146 D BluetoothAdapter: STATE_ON
03-08 17:14:08.838 22672 25146 D BluetoothLeScanner: Stop Scan with callback
03-08 17:14:08.838 22672 22672 D CycledLeScannerForLollipop: starting filtered scan in SCAN_MODE_LOW_POWER
03-08 17:14:08.839 22672 22672 D ScanFilterUtils: Set up a scan filter: BluetoothLeScanFilter [mDeviceName=null, mDeviceAddress=null, mUuid=null, mUuidMask=null, mServiceDataUuid=null, mServiceData=null, mServiceDataMask=null, mManufacturerId=118, mManufacturerData=BE AC, mManufacturerDataMask=FF FF]
03-08 17:14:08.839 22672 22672 D ScanFilterUtils: Set up a scan filter: BluetoothLeScanFilter [mDeviceName=null, mDeviceAddress=null, mUuid=null, mUuidMask=null, mServiceDataUuid=null, mServiceData=null, mServiceDataMask=null, mManufacturerId=4c, mManufacturerData=02 15, mManufacturerDataMask=FF FF]
03-08 17:14:08.840 22672 22672 D CycledLeScannerForLollipop: Waiting to start full Bluetooth scan for another 40067 milliseconds
03-08 17:14:08.853  2701  3154 E BtGatt.ScanManager: default value of curScanSetting 0 is choosen
03-08 17:14:08.854  2701  3154 D BtGatt.ScanManager: configureRegularScanParams() scan param set to 8000 / 8000 (units)
03-08 17:14:08.855  2701  3246 W bt_btm  : btm_ble_disable_resolving_list() rl_state = 0x1b, rl_mask = 0x2, to_resume = 1
03-08 17:14:08.855  2701  2880 E BtGatt.ContextMap: Context not found for ID 6
03-08 17:14:08.856  2701  2880 E BtGatt.GattService: Scan app or callback is null for scannerId = 6
03-08 17:14:08.856  2701  3246 W bt_btm  : btm_ble_enable_resolving_list() rl_state = 0x19, rl_mask = 0x2
03-08 17:14:08.855  2701  3155 E BtGatt.GattService: [GSIM LOG]: gsimLogHandler, msg: MESSAGE_SCAN_STOP, appName: org.altbeacon.beaconreference, scannerId: 8, reportDelayMillis=0
03-08 17:14:08.855  2701  2880 E BtGatt.ContextMap: Context not found for ID 6
03-08 17:14:08.856  2701  2880 E BtGatt.GattService: Scan app or callback is null for scannerId = 6
03-08 17:14:08.856  2701  3246 W bt_btm  : btm_ble_enable_resolving_list() rl_state = 0x19, rl_mask = 0x2
03-08 17:14:08.857  5596 32651 D BluetoothAdapter: STATE_ON
03-08 17:14:08.859  5596 32651 D BluetoothAdapter: STATE_ON
03-08 17:14:08.861 22672 25146 D BluetoothAdapter: STATE_ON
03-08 17:14:08.864  5596 32651 D BluetoothAdapter: STATE_ON
03-08 17:14:08.865 22672 25146 D BluetoothAdapter: STATE_ON
03-08 17:14:08.868  2701  3154 E BtGatt.ScanManager: default value of curScanSetting 0 is choosen
03-08 17:14:08.869  5596 32651 D BluetoothAdapter: STATE_ON
03-08 17:14:08.869  2701  3154 D BluetoothAdapter: STATE_ON
03-08 17:14:08.870  5596 32651 D BluetoothLeScanner: Start Scan with callback
03-08 17:14:08.871  2701  3154 D BluetoothAdapter: STATE_ON
03-08 17:14:08.873  2701  3154 I chatty  : uid=1002(bluetooth) BluetoothScanMa identical 1 line
03-08 17:14:08.874  2701  3154 D BluetoothAdapter: STATE_ON
03-08 17:14:08.875  5596  3616 D BluetoothLeScanner: onScannerRegistered() - status=0 scannerId=6 mScannerId=0
03-08 17:14:08.876  2701  3154 D BtGatt.ScanManager: configureRegularScanParams() scan param set to 800 / 8000 (units)
03-08 17:14:08.877  2701  2880 E BtGatt.GattService: Scan app or callback is null for scannerId = 7
03-08 17:14:08.877  2701  3246 W bt_btm  : btm_ble_disable_resolving_list() rl_state = 0x1b, rl_mask = 0x2, to_resume = 1
03-08 17:14:08.877  2701  3246 W bt_btm  : btm_ble_enable_resolving_list() rl_state = 0x19, rl_mask = 0x2
03-08 17:14:08.877  2701  3155 E BtGatt.GattService: [GSIM LOG]: gsimLogHandler, msg: MESSAGE_SCAN_STOP, appName: com.simpleinout.android, scannerId: 6, reportDelayMillis=0
03-08 17:14:08.880 22672 25146 D BluetoothAdapter: STATE_ON
03-08 17:14:08.883  1440  7589 D ConnectivityService: filterNetworkStateForUid() uid: 10025 networkInfo: [type: WIFI[] - WIFI, state: CONNECTED/CONNECTED, reason: (unspecified), extra: "Rebellious Amish Couple", failover: false, available: true, roaming: false, metered: false]
03-08 17:14:08.885  1440  9801 D ConnectivityService: filterNetworkStateForUid() uid: 10025 networkInfo: [type: WIFI[] - WIFI, state: CONNECTED/CONNECTED, reason: (unspecified), extra: "Rebellious Amish Couple", failover: false, available: true, roaming: false, metered: false]
03-08 17:14:08.886 22672 25146 D BluetoothLeScanner: Start Scan with callback
03-08 17:14:08.889 22672 22695 D BluetoothLeScanner: onScannerRegistered() - status=0 scannerId=8 mScannerId=0
03-08 17:14:08.889  2701  3154 D BluetoothAdapter: STATE_ON
03-08 17:14:08.890  2701  3154 I chatty  : uid=1002(bluetooth) BluetoothScanMa identical 1 line
03-08 17:14:08.892  2701  3154 D BluetoothAdapter: STATE_ON
03-08 17:14:08.892  2701  3155 E BtGatt.GattService: [GSIM LOG]: gsimLogHandler, msg: MESSAGE_SCAN_START, appName: com.simpleinout.android, scannerId: 6, reportDelayMillis=0
03-08 17:14:08.893  2701  3154 D BluetoothAdapter: STATE_ON
03-08 17:14:08.895  2701  3154 I chatty  : uid=1002(bluetooth) BluetoothScanMa identical 1 line
03-08 17:14:08.896  2701  3154 D BluetoothAdapter: STATE_ON
03-08 17:14:08.902  2701  3154 D BtGatt.ScanManager: configureFilterParamter() : onFoundTimeout | onLostTimeout | onFoundCount | numOfTrackingEntries | scanFilterRssiThreshold | trackableScanFilterRssiThreshold | matchMode
03-08 17:14:08.902  2701  3154 D BtGatt.ScanManager: configureFilterParamter() : __________500__|________10000__|___________1__|___________________0__|___________________-128__|____________________________-128__|________1_
03-08 17:14:08.907  2701  3154 D BtGatt.ScanManager: configureFilterParamter() : onFoundTimeout | onLostTimeout | onFoundCount | numOfTrackingEntries | scanFilterRssiThreshold | trackableScanFilterRssiThreshold | matchMode
03-08 17:14:08.907  2701  3154 D BtGatt.ScanManager: configureFilterParamter() : __________500__|________10000__|___________1__|___________________0__|___________________-128__|____________________________-128__|________1_
03-08 17:14:08.910  2701  3154 E BtGatt.ScanManager: default value of curScanSetting 0 is choosen
03-08 17:14:08.910  2701  3154 D BtGatt.ScanManager: configureRegularScanParams() scan param set to 800 / 8000 (units)
03-08 17:14:08.910  2701  3246 W bt_btm  : btm_ble_disable_resolving_list() rl_state = 0x1b, rl_mask = 0x2, to_resume = 1
03-08 17:14:08.911  2701  3246 W bt_btm  : btm_ble_enable_resolving_list() rl_state = 0x19, rl_mask = 0x2
03-08 17:14:08.913  2701  3154 D BluetoothAdapter: STATE_ON
03-08 17:14:08.915  2701  3154 D BluetoothAdapter: STATE_ON
03-08 17:14:08.917  2701  3155 E BtGatt.GattService: [GSIM LOG]: gsimLogHandler, msg: MESSAGE_SCAN_START, appName: org.altbeacon.beaconreference, scannerId: 8, reportDelayMillis=0
03-08 17:14:08.919  2701  3154 D BluetoothAdapter: STATE_ON
03-08 17:14:08.922  2701  3154 I chatty  : uid=1002(bluetooth) BluetoothScanMa identical 2 lines
03-08 17:14:08.925  2701  3154 D BluetoothAdapter: STATE_ON
03-08 17:14:08.931  2701  3154 D BtGatt.ScanManager: configureFilterParamter() : onFoundTimeout | onLostTimeout | onFoundCount | numOfTrackingEntries | scanFilterRssiThreshold | trackableScanFilterRssiThreshold | matchMode
03-08 17:14:08.931  2701  3154 D BtGatt.ScanManager: configureFilterParamter() : __________500__|________10000__|___________1__|___________________0__|___________________-128__|____________________________-128__|________1_
03-08 17:14:08.936  2701  3154 D BtGatt.ScanManager: configureFilterParamter() : onFoundTimeout | onLostTimeout | onFoundCount | numOfTrackingEntries | scanFilterRssiThreshold | trackableScanFilterRssiThreshold | matchMode
03-08 17:14:08.936  2701  3154 D BtGatt.ScanManager: configureFilterParamter() : __________500__|________10000__|___________1__|___________________0__|___________________-128__|____________________________-128__|________1_
03-08 17:14:08.939  2701  3154 E BtGatt.ScanManager: default value of curScanSetting 0 is choosen
03-08 17:14:08.939  2701  3154 D BtGatt.ScanManager: configureRegularScanParams() scan param set to 800 / 8000 (units)
03-08 17:14:08.939  2701  3246 W bt_btm  : btm_ble_disable_resolving_list() rl_state = 0x1b, rl_mask = 0x2, to_resume = 1
03-08 17:14:08.939  2701  3246 W bt_btm  : btm_ble_enable_resolving_list() rl_state = 0x19, rl_mask = 0x2
03-08 17:14:09.193  3720  3720 D io_stats: !@   8,0 r 5544658 196757824 w 3473087 59887740 d 228588 22813900 f 1310855 1316052 iot 5261290 2943722 th 51200 0 0 pt 0 inp 0 0 645968.299
03-08 17:14:09.845 22672 22672 D CycledLeScannerForLollipop: Waiting to start full Bluetooth scan for another 39055 milliseconds
03-08 17:14:10.848 22672 22672 D CycledLeScannerForLollipop: Waiting to start full Bluetooth scan for another 38051 milliseconds
03-08 17:14:11.435  1440  1865 I libsuspend: !@suspend_thread_func: read wakeup_count -
03-08 17:14:11.436  1440  1865 I libsuspend: !@suspend_thread_func: write mem to /sys/power/state +
03-08 17:14:11.508   735   900 I qti_sensors_hal: processReportInd: Accel - X: -0.161 Y: 2.037 Z: 9.394
03-08 17:14:11.563  1440  1865 I libsuspend: !@suspend_thread_func: write mem to /sys/power/state -
03-08 17:14:11.665  1440  1865 I libsuspend: !@suspend_thread_func: read wakeup_count +
03-08 17:14:11.851 22672 22672 D CycledLeScannerForLollipop: Waiting to start full Bluetooth scan for another 37048 milliseconds
03-08 17:14:12.365  1440  1865 I libsuspend: !@suspend_thread_func: read wakeup_count -
03-08 17:14:12.366  1440  1865 I libsuspend: !@suspend_thread_func: write mem to /sys/power/state +
03-08 17:14:12.524  1440  1865 I libsuspend: !@suspend_thread_func: write mem to /sys/power/state -
03-08 17:14:12.542  1440  5872 D SSRM:g  : SIOP:: AP = 230, PST = 224 (W:14), BAT = 252, CHG = 244
03-08 17:14:12.627  1440  1865 I libsuspend: !@suspend_thread_func: read wakeup_count +
03-08 17:14:12.855 22672 22672 D CycledLeScannerForLollipop: Waiting to start full Bluetooth scan for another 36045 milliseconds
03-08 17:14:13.385  1440  1865 I libsuspend: !@suspend_thread_func: read wakeup_count -
03-08 17:14:13.386  1440  1865 I libsuspend: !@suspend_thread_func: write mem to /sys/power/state +
03-08 17:14:13.537  1440  1865 I libsuspend: !@suspend_thread_func: write mem to /sys/power/state -
03-08 17:14:13.638  1440  1865 I libsuspend: !@suspend_thread_func: read wakeup_count +
03-08 17:14:13.858 22672 22672 D CycledLeScannerForLollipop: Waiting to start full Bluetooth scan for another 35042 milliseconds
03-08 17:14:14.202  3720  3720 D io_stats: !@   8,0 r 5544658 196757824 w 3473108 59887896 d 228589 22813940 f 1310869 1316066 iot 5261330 2943731 th 51200 0 0 pt 0 inp 0 0 645973.308
03-08 17:14:14.824  1440  1865 I libsuspend: !@suspend_thread_func: read wakeup_count -
03-08 17:14:14.824  1440  1865 I libsuspend: !@suspend_thread_func: write mem to /sys/power/state +
03-08 17:14:14.860 22672 22672 D CycledLeScannerForLollipop: Waiting to start full Bluetooth scan for another 34039 milliseconds
03-08 17:14:14.975  1440  1865 I libsuspend: !@suspend_thread_func: write mem to /sys/power/state -
03-08 17:14:15.077  1440  1865 I libsuspend: !@suspend_thread_func: read wakeup_count +
03-08 17:14:15.584  1440  1865 I libsuspend: !@suspend_thread_func: read wakeup_count -
03-08 17:14:15.584  1440  1865 I libsuspend: !@suspend_thread_func: write mem to /sys/power/state +
03-08 17:14:15.735  1440  1865 I libsuspend: !@suspend_thread_func: write mem to /sys/power/state -
03-08 17:14:15.837  1440  1865 I libsuspend: !@suspend_thread_func: read wakeup_count +
03-08 17:14:15.864 22672 22672 D CycledLeScannerForLollipop: Waiting to start full Bluetooth scan for another 33035 milliseconds
03-08 17:14:16.375  1440  1865 I libsuspend: !@suspend_thread_func: read wakeup_count -
03-08 17:14:16.375  1440  1865 I libsuspend: !@suspend_thread_func: write mem to /sys/power/state +
03-08 17:14:16.507  1440  1865 I libsuspend: !@suspend_thread_func: write mem to /sys/power/state -
03-08 17:14:16.608  1440  1865 I libsuspend: !@suspend_thread_func: read wakeup_count +
03-08 17:14:16.868 22672 22672 D CycledLeScannerForLollipop: Waiting to start full Bluetooth scan for another 32031 milliseconds
03-08 17:14:17.485  1440  1865 I libsuspend: !@suspend_thread_func: read wakeup_count -
03-08 17:14:17.485  1440  1865 I libsuspend: !@suspend_thread_func: write mem to /sys/power/state +
03-08 17:14:17.619  1440  1865 I libsuspend: !@suspend_thread_func: write mem to /sys/power/state -
03-08 17:14:17.720  1440  1865 I libsuspend: !@suspend_thread_func: read wakeup_count +
03-08 17:14:17.872 22672 22672 D CycledLeScannerForLollipop: Waiting to start full Bluetooth scan for another 31027 milliseconds
03-08 17:14:18.385  1440  1865 I libsuspend: !@suspend_thread_func: read wakeup_count -
03-08 17:14:18.385  1440  1865 I libsuspend: !@suspend_thread_func: write mem to /sys/power/state +
03-08 17:14:18.518  1440  1865 I libsuspend: !@suspend_thread_func: write mem to /sys/power/state -
03-08 17:14:18.620  1440  1865 I libsuspend: !@suspend_thread_func: read wakeup_count +
03-08 17:14:18.875 22672 22672 D CycledLeScannerForLollipop: Waiting to start full Bluetooth scan for another 30024 milliseconds
03-08 17:14:19.214  3720  3720 D io_stats: !@   8,0 r 5544658 196757824 w 3473108 59887896 d 228589 22813940 f 1310899 1316096 iot 5261380 2943737 th 51200 0 0 pt 0 inp 0 0 645978.319
03-08 17:14:19.833  1440  1865 I libsuspend: !@suspend_thread_func: read wakeup_count -
03-08 17:14:19.834  1440  1865 I libsuspend: !@suspend_thread_func: write mem to /sys/power/state +
03-08 17:14:19.896 22672 22672 D CycledLeScannerForLollipop: Waiting to start full Bluetooth scan for another 29003 milliseconds
03-08 17:14:19.985  1440  1865 I libsuspend: !@suspend_thread_func: write mem to /sys/power/state -
03-08 17:14:20.046 27474 27512 D ContactsProvider_EventLog: contents_sample_state: [CONTACT contacts(273) data(633) accounts({vnd.sec.contact.phone (1)=273, com.google (5)=2}) accounts deleted({}) calls([logtype:100 cnt:499, logtype:200 cnt:28, logtype:300 cnt:472, logtype:900 cnt:1]) countryIso(US) userId(0)  ]
03-08 17:14:20.046 27474 27512 D ContactsProvider_EventLog: contents_sample_state: [ agr({[5]=2, [1 ,1]=2, [1]=269})  ]
03-08 17:14:20.046 27474 27512 D ContactsProvider_EventLog: contents_sample_state: [ actCnt({android.process.acore(27474)=1})  ]
03-08 17:14:20.046 27474 27512 D ContactsProvider_EventLog: contents_sample_state: [PROFILE contacts(1) data(2) accounts({vnd.sec.contact.phone (1)=1})  ]
03-08 17:14:20.046 27474 27512 D ContactsProvider_EventLog: contents_sample_state: [SAPROFILE contacts(1) data(11) accounts({vnd.sec.contact.phone (1)=1})  ]
03-08 17:14:20.050 27474 27512 E ContactsProvider_EventLog: Flush buffer to file cnt : 1 size : 1Kb duration : 2ms lastUpdatedAfter : 60098 ms mFlush_time_threasold : 2000 mCurrentSize : 623
03-08 17:14:20.087  1440  1865 I libsuspend: !@suspend_thread_func: read wakeup_count +
03-08 17:14:20.594  1440  1865 I libsuspend: !@suspend_thread_func: read wakeup_count -
03-08 17:14:20.594  1440  1865 I libsuspend: !@suspend_thread_func: write mem to /sys/power/state +
03-08 17:14:20.659  1440  1865 I libsuspend: !@suspend_thread_func: write mem to /sys/power/state -
03-08 17:14:20.761  1440  1865 I libsuspend: !@suspend_thread_func: read wakeup_count +
03-08 17:14:20.899 22672 22672 D CycledLeScannerForLollipop: Waiting to start full Bluetooth scan for another 28000 milliseconds
03-08 17:14:21.126   735   900 I qti_sensors_hal: processReportInd: Accel - X: -0.172 Y: 2.031 Z: 9.404
03-08 17:14:21.685  1440  1865 I libsuspend: !@suspend_thread_func: read wakeup_count -
03-08 17:14:21.686  1440  1865 I libsuspend: !@suspend_thread_func: write mem to /sys/power/state +
03-08 17:14:21.848  1440  1865 I libsuspend: !@suspend_thread_func: write mem to /sys/power/state -
03-08 17:14:21.902 22672 22672 D CycledLeScannerForLollipop: Waiting to start full Bluetooth scan for another 26997 milliseconds
03-08 17:14:21.950  1440  1865 I libsuspend: !@suspend_thread_func: read wakeup_count +
03-08 17:14:22.464  1440  1865 I libsuspend: !@suspend_thread_func: read wakeup_count -
03-08 17:14:22.465  1440  1865 I libsuspend: !@suspend_thread_func: write mem to /sys/power/state +
03-08 17:14:22.615  1440  1865 I libsuspend: !@suspend_thread_func: write mem to /sys/power/state -
03-08 17:14:22.633  1440  5872 D SSRM:g  : SIOP:: AP = 230, PST = 224 (W:14), BAT = 252, CHG = 245
03-08 17:14:22.717  1440  1865 I libsuspend: !@suspend_thread_func: read wakeup_count +
03-08 17:14:22.906 22672 22672 D CycledLeScannerForLollipop: Waiting to start full Bluetooth scan for another 25994 milliseconds
03-08 17:14:23.415  1440  1865 I libsuspend: !@suspend_thread_func: read wakeup_count -
03-08 17:14:23.416  1440  1865 I libsuspend: !@suspend_thread_func: write mem to /sys/power/state +
03-08 17:14:23.567  1440  1865 I libsuspend: !@suspend_thread_func: write mem to /sys/power/state -
03-08 17:14:23.669  1440  1865 I libsuspend: !@suspend_thread_func: read wakeup_count +
03-08 17:14:23.909 22672 22672 D CycledLeScannerForLollipop: Waiting to start full Bluetooth scan for another 24990 milliseconds
03-08 17:14:24.220  3720  3720 D io_stats: !@   8,0 r 5544658 196757824 w 3473123 59888048 d 228590 22813944 f 1310925 1316122 iot 5261440 2943750 th 51200 0 0 pt 0 inp 0 0 645983.326
03-08 17:14:24.755  1440  1865 I libsuspend: !@suspend_thread_func: read wakeup_count -
03-08 17:14:24.756  1440  1865 I libsuspend: !@suspend_thread_func: write mem to /sys/power/state +
03-08 17:14:24.820  1440  1865 I libsuspend: !@suspend_thread_func: write mem to /sys/power/state -
03-08 17:14:24.912 22672 22672 D CycledLeScannerForLollipop: Waiting to start full Bluetooth scan for another 23987 milliseconds
03-08 17:14:24.922  1440  1865 I libsuspend: !@suspend_thread_func: read wakeup_count +
03-08 17:14:25.433  1440  1865 I libsuspend: !@suspend_thread_func: read wakeup_count -
03-08 17:14:25.434  1440  1865 I libsuspend: !@suspend_thread_func: write mem to /sys/power/state +
03-08 17:14:25.495  1440  1865 I libsuspend: !@suspend_thread_func: write mem to /sys/power/state -
03-08 17:14:25.597  1440  1865 I libsuspend: !@suspend_thread_func: read wakeup_count +
03-08 17:14:25.915 22672 22672 D CycledLeScannerForLollipop: Waiting to start full Bluetooth scan for another 22984 milliseconds
03-08 17:14:26.104  1440  1865 I libsuspend: !@suspend_thread_func: read wakeup_count -
03-08 17:14:26.104  1440  1865 I libsuspend: !@suspend_thread_func: write mem to /sys/power/state +
03-08 17:14:26.169  1440  1865 I libsuspend: !@suspend_thread_func: write mem to /sys/power/state -
03-08 17:14:26.271  1440  1865 I libsuspend: !@suspend_thread_func: read wakeup_count +
03-08 17:14:26.834  1440  1865 I libsuspend: !@suspend_thread_func: read wakeup_count -
03-08 17:14:26.835  1440  1865 I libsuspend: !@suspend_thread_func: write mem to /sys/power/state +
03-08 17:14:26.899  1440  1865 I libsuspend: !@suspend_thread_func: write mem to /sys/power/state -
03-08 17:14:26.918 22672 22672 D CycledLeScannerForLollipop: Waiting to start full Bluetooth scan for another 21981 milliseconds
03-08 17:14:27.001  1440  1865 I libsuspend: !@suspend_thread_func: read wakeup_count +
03-08 17:14:27.513  1440  1865 I libsuspend: !@suspend_thread_func: read wakeup_count -
03-08 17:14:27.514  1440  1865 I libsuspend: !@suspend_thread_func: write mem to /sys/power/state +
03-08 17:14:27.672  1440  1865 I libsuspend: !@suspend_thread_func: write mem to /sys/power/state -
03-08 17:14:27.774  1440  1865 I libsuspend: !@suspend_thread_func: read wakeup_count +
03-08 17:14:27.921 22672 22672 D CycledLeScannerForLollipop: Waiting to start full Bluetooth scan for another 20979 milliseconds
03-08 17:14:28.435  1440  1865 I libsuspend: !@suspend_thread_func: read wakeup_count -
03-08 17:14:28.436  1440  1865 I libsuspend: !@suspend_thread_func: write mem to /sys/power/state +
03-08 17:14:28.502  1440  1865 I libsuspend: !@suspend_thread_func: write mem to /sys/power/state -
03-08 17:14:28.605  1440  1865 I libsuspend: !@suspend_thread_func: read wakeup_count +
03-08 17:14:28.924 22672 22672 D CycledLeScannerForLollipop: Waiting to start full Bluetooth scan for another 19976 milliseconds
03-08 17:14:29.231  3720  3720 D io_stats: !@   8,0 r 5544658 196757824 w 3473123 59888048 d 228590 22813944 f 1310931 1316128 iot 5261460 2943751 th 51200 0 0 pt 0 inp 0 0 645988.337
03-08 17:14:29.783  1440  1865 I libsuspend: !@suspend_thread_func: read wakeup_count -
03-08 17:14:29.784  1440  1865 I libsuspend: !@suspend_thread_func: write mem to /sys/power/state +
03-08 17:14:29.899  1440  1865 I libsuspend: !@suspend_thread_func: write mem to /sys/power/state -
03-08 17:14:29.926 22672 22672 D CycledLeScannerForLollipop: Waiting to start full Bluetooth scan for another 18973 milliseconds
03-08 17:14:30.001  1440  1865 I libsuspend: !@suspend_thread_func: read wakeup_count +
03-08 17:14:30.515  1440  1865 I libsuspend: !@suspend_thread_func: read wakeup_count -
03-08 17:14:30.516  1440  1865 I libsuspend: !@suspend_thread_func: write mem to /sys/power/state +
03-08 17:14:30.668  1440  1865 I libsuspend: !@suspend_thread_func: write mem to /sys/power/state -
03-08 17:14:30.770  1440  1865 I libsuspend: !@suspend_thread_func: read wakeup_count +
03-08 17:14:30.878   735   900 I qti_sensors_hal: processReportInd: Accel - X: -0.165 Y: 2.017 Z: 9.385
03-08 17:14:30.928 22672 22672 D CycledLeScannerForLollipop: Waiting to start full Bluetooth scan for another 17971 milliseconds
03-08 17:14:31.443  1440  1865 I libsuspend: !@suspend_thread_func: read wakeup_count -
03-08 17:14:31.444  1440  1865 I libsuspend: !@suspend_thread_func: write mem to /sys/power/state +
03-08 17:14:31.595  1440  1865 I libsuspend: !@suspend_thread_func: write mem to /sys/power/state -
03-08 17:14:31.697  1440  1865 I libsuspend: !@suspend_thread_func: read wakeup_count +
03-08 17:14:31.932 22672 22672 D CycledLeScannerForLollipop: Waiting to start full Bluetooth scan for another 16968 milliseconds
03-08 17:14:32.534  1440  1865 I libsuspend: !@suspend_thread_func: read wakeup_count -
03-08 17:14:32.534  1440  1865 I libsuspend: !@suspend_thread_func: write mem to /sys/power/state +
03-08 17:14:32.689  1440  1865 I libsuspend: !@suspend_thread_func: write mem to /sys/power/state -
03-08 17:14:32.701  1440  5872 D SSRM:g  : SIOP:: AP = 220, PST = 223 (W:14), BAT = 252, CHG = 245
03-08 17:14:32.790  1440  1865 I libsuspend: !@suspend_thread_func: read wakeup_count +
03-08 17:14:32.935 22672 22672 D CycledLeScannerForLollipop: Waiting to start full Bluetooth scan for another 15965 milliseconds
03-08 17:14:33.443  1440  1865 I libsuspend: !@suspend_thread_func: read wakeup_count -
03-08 17:14:33.444  1440  1865 I libsuspend: !@suspend_thread_func: write mem to /sys/power/state +
03-08 17:14:33.594  1440  1865 I libsuspend: !@suspend_thread_func: write mem to /sys/power/state -
03-08 17:14:33.696  1440  1865 I libsuspend: !@suspend_thread_func: read wakeup_count +
03-08 17:14:33.938 22672 22672 D CycledLeScannerForLollipop: Waiting to start full Bluetooth scan for another 14962 milliseconds
03-08 17:14:34.240  3720  3720 D io_stats: !@   8,0 r 5544658 196757824 w 3473135 59888112 d 228590 22813944 f 1310963 1316160 iot 5261520 2943761 th 51200 0 0 pt 0 inp 0 0 645993.346
03-08 17:14:34.370  1440  7589 D BatteryService: !@BatteryListener : batteryPropertiesChanged!
03-08 17:14:34.372  1440  7589 D BatteryService: level:97, scale:100, status:3, health:2, present:true, voltage: 4140, temperature: 252, technology: Li-ion, AC powered:false, USB powered:false, POGO powered:false, Wireless powered:false, icon:17303837, invalid charger:0, maxChargingCurrent:0, maxChargingVoltage:0, chargeCounter:0
03-08 17:14:34.372  1440  7589 D BatteryService: online:1, current avg:-145, charge type:0, power sharing:false, high voltage charger:false, capacity:280000, batterySWSelfDischarging:false, misc_event:0, current_event:0, current_now:-269
03-08 17:14:34.374  1440  1440 D BatteryService: Sending ACTION_BATTERY_CHANGED.
03-08 17:14:34.380  1440  1440 I MotionRecognitionService: On Battery, 0
03-08 17:14:34.380  1440  1440 D MotionRecognitionService:   mCableConnection= 0
03-08 17:14:34.381  1440  1440 D SamsungPhoneWindowManager: ACTION_BATTERY_CHANGED - Level :: 97, battStatus :: 3
03-08 17:14:34.384  1440  1856 D UsbDeviceManager: handleMessage -> MSG_UPDATE_CHARGING_STATE = 0
03-08 17:14:34.388  2734  2734 D KeyguardUpdateMonitor: received broadcast android.intent.action.BATTERY_CHANGED
03-08 17:14:34.398  2734  2734 D BatteryController: onReceive-ACTION_BATTERY_CHANGED : mLevel=97, mBatteryStatus=3
03-08 17:14:34.400  3005  3005 D PhoneApp: PhoneAppBroadcastReceiver onReceive android.intent.action.BATTERY_CHANGED
03-08 17:14:34.400  3005  3005 D TelephonyExtensionManager: lowBatterySound - isLowBatterySoundScheduled: false
03-08 17:14:34.401  3005  3005 D TelephonyExtensionManager: lowBatterySound - isPlayNow: false
03-08 17:14:34.401  2701  2701 V HeadsetService: Received Intent.ACTION_BATTERY_CHANGED
03-08 17:14:34.404  3005  3005 D TelephonyExtensionManager: isSpeakerON - false
03-08 17:14:34.404  2701  3290 D HeadsetStateMachine: Disconnected process message: 10, size: 0
03-08 17:14:34.407  2734  2734 D PowerUI : priorPlugType = 0 mPlugType =  0
03-08 17:14:34.409  3005  3005 D TelephonyExtensionManager: lowBatterySound - batteryStatus: 3
03-08 17:14:34.409  3005  3005 D TelephonyExtensionManager: lowBatterySound - batteryLevel: 97
03-08 17:14:34.409  3005  3005 D TelephonyExtensionManager: lowBatterySound - cancel
03-08 17:14:34.410  1440  8038 D SamsungAlarmManager: Cancel Alarm calling from uid:1001 pid :3005 / op:PendingIntent{671746c: PendingIntentRecord{76f4282 com.android.phone broadcastIntent}}
03-08 17:14:34.410  3005  3005 D TelephonyExtension: Not stopping low battery tone
03-08 17:14:34.914  1440  1865 I libsuspend: !@suspend_thread_func: read wakeup_count -
03-08 17:14:34.915  1440  1865 I libsuspend: !@suspend_thread_func: write mem to /sys/power/state +
03-08 17:14:34.941 22672 22672 D CycledLeScannerForLollipop: Waiting to start full Bluetooth scan for another 13958 milliseconds
03-08 17:14:34.980  1440  1865 I libsuspend: !@suspend_thread_func: write mem to /sys/power/state -
03-08 17:14:35.008  1440  2829 E Watchdog: !@Sync 21516 [2019-03-08 17:14:35.008]
03-08 17:14:35.082  1440  1865 I libsuspend: !@suspend_thread_func: read wakeup_count +
03-08 17:14:35.595  1440  1865 I libsuspend: !@suspend_thread_func: read wakeup_count -
