03-08 17:14:35.596  1440  1865 I libsuspend: !@suspend_thread_func: write mem to /sys/power/state +
03-08 17:14:35.660  1440  1865 I libsuspend: !@suspend_thread_func: write mem to /sys/power/state -
03-08 17:14:35.762  1440  1865 I libsuspend: !@suspend_thread_func: read wakeup_count +
03-08 17:14:35.944 22672 22672 D CycledLeScannerForLollipop: Waiting to start full Bluetooth scan for another 12955 milliseconds
03-08 17:14:36.453  1440  1865 I libsuspend: !@suspend_thread_func: read wakeup_count -
03-08 17:14:36.454  1440  1865 I libsuspend: !@suspend_thread_func: write mem to /sys/power/state +
03-08 17:14:36.612  1440  1865 I libsuspend: !@suspend_thread_func: write mem to /sys/power/state -
03-08 17:14:36.714  1440  1865 I libsuspend: !@suspend_thread_func: read wakeup_count +
03-08 17:14:36.948 22672 22672 D CycledLeScannerForLollipop: Waiting to start full Bluetooth scan for another 11951 milliseconds
03-08 17:14:37.555  1440  1865 I libsuspend: !@suspend_thread_func: read wakeup_count -
03-08 17:14:37.556  1440  1865 I libsuspend: !@suspend_thread_func: write mem to /sys/power/state +
03-08 17:14:37.621  1440  1865 I libsuspend: !@suspend_thread_func: write mem to /sys/power/state -
03-08 17:14:37.723  1440  1865 I libsuspend: !@suspend_thread_func: read wakeup_count +
03-08 17:14:37.953 22672 22672 D CycledLeScannerForLollipop: Waiting to start full Bluetooth scan for another 10947 milliseconds
03-08 17:14:38.473  1440  1865 I libsuspend: !@suspend_thread_func: read wakeup_count -
03-08 17:14:38.474  1440  1865 I libsuspend: !@suspend_thread_func: write mem to /sys/power/state +
03-08 17:14:38.608  1440  1865 I libsuspend: !@suspend_thread_func: write mem to /sys/power/state -
03-08 17:14:38.710  1440  1865 I libsuspend: !@suspend_thread_func: read wakeup_count +
03-08 17:14:38.956 22672 22672 D CycledLeScannerForLollipop: Waiting to start full Bluetooth scan for another 9943 milliseconds
03-08 17:14:39.247  3720  3720 D io_stats: !@   8,0 r 5544658 196757824 w 3473135 59888112 d 228590 22813944 f 1310975 1316172 iot 5261550 2943763 th 51200 0 0 pt 0 inp 0 0 645998.353
03-08 17:14:39.803  1440  1865 I libsuspend: !@suspend_thread_func: read wakeup_count -
03-08 17:14:39.804  1440  1865 I libsuspend: !@suspend_thread_func: write mem to /sys/power/state +
03-08 17:14:39.959 22672 22672 D CycledLeScannerForLollipop: Waiting to start full Bluetooth scan for another 8940 milliseconds
03-08 17:14:39.964  1440  1865 I libsuspend: !@suspend_thread_func: write mem to /sys/power/state -
03-08 17:14:40.066  1440  1865 I libsuspend: !@suspend_thread_func: read wakeup_count +
03-08 17:14:40.361   735   900 I qti_sensors_hal: processReportInd: Accel - X: -0.161 Y: 2.029 Z: 9.409
03-08 17:14:40.506  1440  2436 I TLC_TIMA_PKM_initialize: initializing...
03-08 17:14:40.507  1440  2436 I TLC_TIMA_PKM_initialize: root = /firmware/image, root_strlen = 15
03-08 17:14:40.507  1440  2436 I TLC_TIMA_PKM_initialize: process = tima_pkm, process_strlen = 8
03-08 17:14:40.507  1440  2436 I TZ: qc_tlc_communication: root = /firmware/image, root_len = 15
03-08 17:14:40.507  1440  2436 I TZ: qc_tlc_communication: process = tima_pkm, process_strlen = 8
03-08 17:14:40.507  1440  2436 I TZ: qc_tlc_communication: aligned max_sendmsg_size = 262208 = 0x40040
03-08 17:14:40.507  1440  2436 I TZ: qc_tlc_communication: aligned max_recvmsg_size = 262208 = 0x40040
03-08 17:14:40.507  1440  2436 I TZ: qc_tlc_communication: max_message_size = 524416 = 0x80080
03-08 17:14:40.508  1440  2436 D QSEECOMAPI: QSEECom_get_handle sb_length = 0x80080
03-08 17:14:40.509  1440  2436 D QSEECOMAPI: App is not loaded in QSEE
03-08 17:14:40.510  1440  2436 D QSEECOMAPI: app_arch = 1, total_files = 8
03-08 17:14:40.572  1440  2436 D QSEECOMAPI: Loaded image: APP id = 2258
03-08 17:14:40.574  1440  2436 I TZ: qc_tlc_communication: TLC_COMM: path = /firmware/image, fname = tima_pkm, tzapp is loaded
03-08 17:14:40.574  1440  2436 E TLC_TIMA_PKM_initialize: tima_pkm : /system/etc/tima/kern_sec_info1
03-08 17:14:40.580  1440  2436 E TLC_TIMA_PKM_initialize: tima_pkm : /system/etc/tima/kern_sec_info2
03-08 17:14:40.582  1440  2436 E TLC_TIMA_PKM_initialize: tima_pkm : /system/etc/tima/kern_sec_info3
03-08 17:14:40.584  1440  2436 E TLC_TIMA_PKM_initialize: tima_pkm : /system/etc/tima/kern_sec_info4
03-08 17:14:40.587  1440  2436 E TLC_TIMA_PKM_initialize: tima_pkm : /system/etc/tima/kern_sec_info5
03-08 17:14:40.601  1440  2436 E TLC_TIMA_PKM_initialize: tima_pkm : /system/etc/tima/kern_sec_info6
03-08 17:14:40.603  1440  2436 E TLC_TIMA_PKM_initialize: tima_pkm : /system/etc/tima/kern_sec_info7
03-08 17:14:40.605  1440  2436 E TLC_TIMA_PKM_initialize: tima_pkm : /system/etc/tima/kern_sec_info8
03-08 17:14:40.607  1440  2436 I TLC_TIMA_PKM_initialize: Trustlet response is completed
03-08 17:14:40.962 22672 22672 D CycledLeScannerForLollipop: Waiting to start full Bluetooth scan for another 7937 milliseconds
03-08 17:14:41.964 22672 22672 D CycledLeScannerForLollipop: Waiting to start full Bluetooth scan for another 6935 milliseconds
03-08 17:14:42.761  1440  5872 D SSRM:g  : SIOP:: AP = 230, PST = 223 (W:14), BAT = 252, CHG = 244
03-08 17:14:42.967 22672 22672 D CycledLeScannerForLollipop: Waiting to start full Bluetooth scan for another 5932 milliseconds
03-08 17:14:43.970 22672 22672 D CycledLeScannerForLollipop: Waiting to start full Bluetooth scan for another 4929 milliseconds
03-08 17:14:44.255  3720  3720 D io_stats: !@   8,0 r 5544658 196757824 w 3473135 59888112 d 228590 22813944 f 1310981 1316178 iot 5261560 2943765 th 51200 0 0 pt 0 inp 0 0 646003.360
03-08 17:14:44.974 22672 22672 D CycledLeScannerForLollipop: Waiting to start full Bluetooth scan for another 3926 milliseconds
03-08 17:14:45.977 22672 22672 D CycledLeScannerForLollipop: Waiting to start full Bluetooth scan for another 2923 milliseconds
03-08 17:14:46.980 22672 22672 D CycledLeScannerForLollipop: Waiting to start full Bluetooth scan for another 1920 milliseconds
03-08 17:14:47.291  1440  2436 I TLC_TIMA_PKM_measure_kernel: TIMA: response_id = 3
03-08 17:14:47.291  1440  2436 I TLC_TIMA_PKM_measure_kernel: TIMA: response ret = 0, result_ondemand = MSG=Kernel Verification Success;
03-08 17:14:47.291  1440  2436 D QSEECOMAPI: QSEECom_dealloc_memory 
03-08 17:14:47.291  1440  2436 D QSEECOMAPI: QSEECom_shutdown_app, app_id = 2258
03-08 17:14:47.845  1440  1865 I libsuspend: !@suspend_thread_func: read wakeup_count -
03-08 17:14:47.846  1440  1865 I libsuspend: !@suspend_thread_func: write mem to /sys/power/state +
03-08 17:14:47.913  1440  1865 I libsuspend: !@suspend_thread_func: write mem to /sys/power/state -
03-08 17:14:47.983 22672 22672 D CycledLeScannerForLollipop: Waiting to start full Bluetooth scan for another 917 milliseconds
03-08 17:14:48.015  1440  1865 I libsuspend: !@suspend_thread_func: read wakeup_count +
03-08 17:14:48.523  1440  1865 I libsuspend: !@suspend_thread_func: read wakeup_count -
03-08 17:14:48.524  1440  1865 I libsuspend: !@suspend_thread_func: write mem to /sys/power/state +
03-08 17:14:48.588  1440  1865 I libsuspend: !@suspend_thread_func: write mem to /sys/power/state -
03-08 17:14:48.690  1440  1865 I libsuspend: !@suspend_thread_func: read wakeup_count +
03-08 17:14:48.909 22672 22672 D CycledLeScanner: starting a new scan cycle
03-08 17:14:48.909 22672 25146 D CycledLeScannerForLollipop: Stopping LE scan on scan handler
03-08 17:14:48.911  5596 32651 D BluetoothAdapter: STATE_ON
03-08 17:14:48.913 22672 22672 D CycledLeScanner: starting a new bluetooth le scan
03-08 17:14:48.914 22672 25146 D BluetoothAdapter: STATE_ON
03-08 17:14:48.916  5596 32651 D BluetoothAdapter: STATE_ON
03-08 17:14:48.917  5596 32651 D BluetoothLeScanner: Stop Scan with callback
03-08 17:14:48.919 22672 25146 D BluetoothAdapter: STATE_ON
03-08 17:14:48.920 22672 25146 D BluetoothLeScanner: Stop Scan with callback
03-08 17:14:48.926 22672 22672 D CycledLeScannerForLollipop: starting a scan in SCAN_MODE_LOW_LATENCY
03-08 17:14:48.928 22672 22672 D CycledLeScannerForLollipop: Using no scan filter since this is pre-8.1
03-08 17:14:48.929 22672 22672 D CycledLeScanner: Waiting to stop scan cycle for another 4100 milliseconds
03-08 17:14:48.929 22672 22672 D CycledLeScanner: Scan started
03-08 17:14:48.932  5596 32651 D BluetoothAdapter: STATE_ON
03-08 17:14:48.935  5596 32651 D BluetoothAdapter: STATE_ON
03-08 17:14:48.936 22672 25146 D BluetoothAdapter: STATE_ON
03-08 17:14:48.939 22672 25146 D BluetoothAdapter: STATE_ON
03-08 17:14:48.940  5596 32651 D BluetoothAdapter: STATE_ON
03-08 17:14:48.942  5596 32651 D BluetoothAdapter: STATE_ON
03-08 17:14:48.945  5596 32651 D BluetoothLeScanner: Start Scan with callback
03-08 17:14:48.945 22672 25146 D BluetoothAdapter: STATE_ON
03-08 17:14:48.947  2701  3154 E BtGatt.ScanManager: default value of curScanSetting 0 is choosen
03-08 17:14:48.948  2701  3154 D BtGatt.ScanManager: configureRegularScanParams() scan param set to 800 / 8000 (units)
03-08 17:14:48.948 22672 25146 D BluetoothAdapter: STATE_ON
03-08 17:14:48.949  2701  3246 W bt_btm  : btm_ble_disable_resolving_list() rl_state = 0x1b, rl_mask = 0x2, to_resume = 1
03-08 17:14:48.949  2701  3246 W bt_btm  : btm_ble_enable_resolving_list() rl_state = 0x19, rl_mask = 0x2
03-08 17:14:48.949  2701  2880 E BtGatt.GattService: Scan app or callback is null for scannerId = 7
03-08 17:14:48.949  2701  3155 E BtGatt.GattService: [GSIM LOG]: gsimLogHandler, msg: MESSAGE_SCAN_STOP, appName: com.simpleinout.android, scannerId: 6, reportDelayMillis=0
03-08 17:14:48.949  2701  3246 W bt_btm  : btm_ble_enable_resolving_list() rl_state = 0x19, rl_mask = 0x2
03-08 17:14:48.949  2701  2880 E BtGatt.GattService: Scan app or callback is null for scannerId = 7
03-08 17:14:48.950 22672 25146 D BluetoothLeScanner: Start Scan with callback
03-08 17:14:48.952  5596  3616 D BluetoothLeScanner: onScannerRegistered() - status=0 scannerId=6 mScannerId=0
03-08 17:14:48.957 22672 22695 D BluetoothLeScanner: onScannerRegistered() - status=0 scannerId=8 mScannerId=0
03-08 17:14:48.966  2701  3154 E BtGatt.ScanManager: default value of curScanSetting 0 is choosen
03-08 17:14:48.967  2701  3154 D BluetoothAdapter: STATE_ON
03-08 17:14:48.970  2701  3154 I chatty  : uid=1002(bluetooth) BluetoothScanMa identical 2 lines
03-08 17:14:48.972  2701  3154 D BluetoothAdapter: STATE_ON
03-08 17:14:48.973  2701  3154 D BtGatt.ScanManager: configureRegularScanParams() scan param set to 800 / 8000 (units)
03-08 17:14:48.974  2701  2880 E BtGatt.GattService: Scan app or callback is null for scannerId = 7
03-08 17:14:48.974  2701  3155 E BtGatt.GattService: [GSIM LOG]: gsimLogHandler, msg: MESSAGE_SCAN_STOP, appName: org.altbeacon.beaconreference, scannerId: 8, reportDelayMillis=0
03-08 17:14:48.974  2701  3246 W bt_btm  : btm_ble_disable_resolving_list() rl_state = 0x1b, rl_mask = 0x2, to_resume = 1
03-08 17:14:48.975  2701  3246 W bt_btm  : btm_ble_enable_resolving_list() rl_state = 0x19, rl_mask = 0x2
03-08 17:14:48.976  2701  3154 D BluetoothAdapter: STATE_ON
03-08 17:14:48.978  2701  3154 D BluetoothAdapter: STATE_ON
03-08 17:14:48.980  2701  3155 E BtGatt.GattService: [GSIM LOG]: gsimLogHandler, msg: MESSAGE_SCAN_START, appName: com.simpleinout.android, scannerId: 6, reportDelayMillis=0
03-08 17:14:48.980  2701  3154 D BluetoothAdapter: STATE_ON
03-08 17:14:48.983  2701  3154 I chatty  : uid=1002(bluetooth) BluetoothScanMa identical 2 lines
03-08 17:14:48.984  2701  3154 D BluetoothAdapter: STATE_ON
03-08 17:14:48.990  2701  3154 D BtGatt.ScanManager: configureFilterParamter() : onFoundTimeout | onLostTimeout | onFoundCount | numOfTrackingEntries | scanFilterRssiThreshold | trackableScanFilterRssiThreshold | matchMode
03-08 17:14:48.990  2701  3154 D BtGatt.ScanManager: configureFilterParamter() : __________500__|________10000__|___________1__|___________________0__|___________________-128__|____________________________-128__|________1_
03-08 17:14:48.995  2701  3154 E BtGatt.ScanManager: default value of curScanSetting 0 is choosen
03-08 17:14:48.995  2701  3154 D BtGatt.ScanManager: configureRegularScanParams() scan param set to 8000 / 8000 (units)
03-08 17:14:48.996  2701  3246 W bt_btm  : btm_ble_disable_resolving_list() rl_state = 0x1b, rl_mask = 0x2, to_resume = 1
03-08 17:14:48.996  2701  3246 W bt_btm  : btm_ble_enable_resolving_list() rl_state = 0x19, rl_mask = 0x2
03-08 17:14:48.998  2701  3154 D BluetoothAdapter: STATE_ON
03-08 17:14:48.999  2701  3154 D BluetoothAdapter: STATE_ON
03-08 17:14:49.000  2701  3155 E BtGatt.GattService: [GSIM LOG]: gsimLogHandler, msg: MESSAGE_SCAN_START, appName: org.altbeacon.beaconreference, scannerId: 8, reportDelayMillis=0
03-08 17:14:49.000  2701  3154 D BluetoothAdapter: STATE_ON
03-08 17:14:49.005  2701  3154 I chatty  : uid=1002(bluetooth) BluetoothScanMa identical 2 lines
03-08 17:14:49.007  2701  3154 D BluetoothAdapter: STATE_ON
03-08 17:14:49.008  2701  3154 E BtGatt.ScanManager: default value of curScanSetting 0 is choosen
03-08 17:14:49.008  2701  3154 D BtGatt.ScanManager: configureRegularScanParams() scan param set to 8000 / 8000 (units)
03-08 17:14:49.009  2701  3246 W bt_btm  : btm_ble_disable_resolving_list() rl_state = 0x1b, rl_mask = 0x2, to_resume = 1
03-08 17:14:49.010  2701  3246 W bt_btm  : btm_ble_enable_resolving_list() rl_state = 0x19, rl_mask = 0x2
03-08 17:14:49.066  2701  2880 D ScanRecord: Not a Multi Manu data
03-08 17:14:49.066  2701  2880 I chatty  : uid=1002(bluetooth) BT Service Call identical 1 line
03-08 17:14:49.066  2701  2880 D ScanRecord: Not a Multi Manu data
03-08 17:14:49.067  2701  2880 D BtGatt.GattService: onScanResult to scannerId: 6- event_type=0x1b, address_type=1, address=52:A, primary_phy=1, secondary_phy=0, advertising_sid=0xff, tx_power=127, rssi=-85, periodic_adv_int=0x0
03-08 17:14:49.067  2701  2880 D ScanRecord: Not a Multi Manu data
03-08 17:14:49.067  2701  2880 D ScanRecord: Not a Multi Manu data
03-08 17:14:49.067  2701  2880 D BtGatt.GattService: onScanResult to scannerId: 8- event_type=0x1b, address_type=1, address=52:A, primary_phy=1, secondary_phy=0, advertising_sid=0xff, tx_power=127, rssi=-85, periodic_adv_int=0x0
03-08 17:14:49.068 22672 22672 D CycledLeScannerForLollipop: got record
03-08 17:14:49.069 22672 25168 D BeaconParser: Ignoring pdu type 01
03-08 17:14:49.070 22672 25168 D BeaconParser: Processing pdu type FF: 02011a0aff4c0010050318a8a418000000000000000000000000000000000000000000000000000000000000000000000000000000000000000000000000 with startIndex: 5, endIndex: 13
03-08 17:14:49.070 22672 25168 D BeaconParser: This is not a matching Beacon advertisement. (Was expecting be ac.  The bytes I see are: 02011a0aff4c0010050318a8a418000000000000000000000000000000000000000000000000000000000000000000000000000000000000000000000000
03-08 17:14:49.070 22672 25168 D BeaconParser: Ignoring pdu type 01
03-08 17:14:49.070 22672 25168 D BeaconParser: Processing pdu type FF: 02011a0aff4c0010050318a8a418000000000000000000000000000000000000000000000000000000000000000000000000000000000000000000000000 with startIndex: 5, endIndex: 13
03-08 17:14:49.071 22672 25168 D BeaconParser: This is not a matching Beacon advertisement. (Was expecting 02 15.  The bytes I see are: 02011a0aff4c0010050318a8a418000000000000000000000000000000000000000000000000000000000000000000000000000000000000000000000000
03-08 17:14:49.321  2701  2880 D ScanRecord: Not a Multi Manu data
03-08 17:14:49.321  2701  2880 I chatty  : uid=1002(bluetooth) BT Service Call identical 1 line
03-08 17:14:49.321  2701  2880 D ScanRecord: Not a Multi Manu data
03-08 17:14:49.322  2701  2880 D BtGatt.GattService: onScanResult to scannerId: 6- event_type=0x1b, address_type=1, address=93:D, primary_phy=1, secondary_phy=0, advertising_sid=0xff, tx_power=127, rssi=-89, periodic_adv_int=0x0
03-08 17:14:49.324  2701  2880 D ScanRecord: Not a Multi Manu data
03-08 17:14:49.324  2701  2880 D ScanRecord: Not a Multi Manu data
03-08 17:14:49.324  2701  2880 D BtGatt.GattService: onScanResult to scannerId: 8- event_type=0x1b, address_type=1, address=93:D, primary_phy=1, secondary_phy=0, advertising_sid=0xff, tx_power=127, rssi=-89, periodic_adv_int=0x0
03-08 17:14:49.328 22672 22672 D CycledLeScannerForLollipop: got record
03-08 17:14:49.329 22672 25180 D BeaconParser: Ignoring pdu type 01
03-08 17:14:49.329 22672 25180 D BeaconParser: Processing pdu type FF: 02011a0aff4c0010050318773492000000000000000000000000000000000000000000000000000000000000000000000000000000000000000000000000 with startIndex: 5, endIndex: 13
03-08 17:14:49.329 22672 25180 D BeaconParser: This is not a matching Beacon advertisement. (Was expecting be ac.  The bytes I see are: 02011a0aff4c0010050318773492000000000000000000000000000000000000000000000000000000000000000000000000000000000000000000000000
03-08 17:14:49.330 22672 25180 D BeaconParser: Ignoring pdu type 01
03-08 17:14:49.330 22672 25180 D BeaconParser: Processing pdu type FF: 02011a0aff4c0010050318773492000000000000000000000000000000000000000000000000000000000000000000000000000000000000000000000000 with startIndex: 5, endIndex: 13
03-08 17:14:49.330 22672 25180 D BeaconParser: This is not a matching Beacon advertisement. (Was expecting 02 15.  The bytes I see are: 02011a0aff4c0010050318773492000000000000000000000000000000000000000000000000000000000000000000000000000000000000000000000000
03-08 17:14:49.337  2701  2880 D ScanRecord: Not a Multi Manu data
03-08 17:14:49.338  2701  2880 I chatty  : uid=1002(bluetooth) BT Service Call identical 1 line
03-08 17:14:49.338  2701  2880 D ScanRecord: Not a Multi Manu data
03-08 17:14:49.338  2701  2880 D BtGatt.GattService: onScanResult to scannerId: 6- event_type=0x1b, address_type=1, address=52:A, primary_phy=1, secondary_phy=0, advertising_sid=0xff, tx_power=127, rssi=-85, periodic_adv_int=0x0
03-08 17:14:49.340  2701  2880 D ScanRecord: Not a Multi Manu data
03-08 17:14:49.340  2701  2880 D ScanRecord: Not a Multi Manu data
03-08 17:14:49.341  2701  2880 D BtGatt.GattService: onScanResult to scannerId: 8- event_type=0x1b, address_type=1, address=52:A, primary_phy=1, secondary_phy=0, advertising_sid=0xff, tx_power=127, rssi=-85, periodic_adv_int=0x0
03-08 17:14:49.343 22672 22672 D CycledLeScannerForLollipop: got record
03-08 17:14:49.344 22672 25155 D BeaconParser: Ignoring pdu type 01
03-08 17:14:49.344 22672 25155 D BeaconParser: Processing pdu type FF: 02011a0aff4c0010050318a8a418000000000000000000000000000000000000000000000000000000000000000000000000000000000000000000000000 with startIndex: 5, endIndex: 13
03-08 17:14:49.345 22672 25155 D BeaconParser: This is not a matching Beacon advertisement. (Was expecting be ac.  The bytes I see are: 02011a0aff4c0010050318a8a418000000000000000000000000000000000000000000000000000000000000000000000000000000000000000000000000
03-08 17:14:49.345 22672 25155 D BeaconParser: Ignoring pdu type 01
03-08 17:14:49.346 22672 25155 D BeaconParser: Processing pdu type FF: 02011a0aff4c0010050318a8a418000000000000000000000000000000000000000000000000000000000000000000000000000000000000000000000000 with startIndex: 5, endIndex: 13
03-08 17:14:49.346 22672 25155 D BeaconParser: This is not a matching Beacon advertisement. (Was expecting 02 15.  The bytes I see are: 02011a0aff4c0010050318a8a418000000000000000000000000000000000000000000000000000000000000000000000000000000000000000000000000
03-08 17:14:49.559  1440  1857 W StorageManager: getStorageFullBytes DEFAULT_FULL_THRESHOLD_BYTES : 20971520, threadhold : 20971520
03-08 17:14:49.560  1440  1857 W StorageManager: getStorageLowBytes lowPercent : 5, lowBytes : 1225677414, maxLowBytes : 524288000
03-08 17:14:49.562  1440  1857 W DeviceStorageMonitorService: updateBroadcasts(/data) oldLevel:0, newLevel:0, seq:1
03-08 17:14:49.565  1440  1857 W DeviceStorageMonitorService: updateBroadcasts_filenode(/data) fn_oldLevel:0, fn_newLevel:0, seq:1
03-08 17:14:49.589  2701  2880 D ScanRecord: Not a Multi Manu data
03-08 17:14:49.589  2701  2880 I chatty  : uid=1002(bluetooth) BT Service Call identical 1 line
03-08 17:14:49.590  2701  2880 D ScanRecord: Not a Multi Manu data
03-08 17:14:49.590  2701  2880 D BtGatt.GattService: onScanResult to scannerId: 6- event_type=0x1b, address_type=1, address=93:D, primary_phy=1, secondary_phy=0, advertising_sid=0xff, tx_power=127, rssi=-85, periodic_adv_int=0x0
03-08 17:14:49.592  2701  2880 D ScanRecord: Not a Multi Manu data
03-08 17:14:49.592  2701  2880 D ScanRecord: Not a Multi Manu data
03-08 17:14:49.592  2701  2880 D BtGatt.GattService: onScanResult to scannerId: 8- event_type=0x1b, address_type=1, address=93:D, primary_phy=1, secondary_phy=0, advertising_sid=0xff, tx_power=127, rssi=-85, periodic_adv_int=0x0
03-08 17:14:49.599 22672 22672 D CycledLeScannerForLollipop: got record
03-08 17:14:49.601 22672 25160 D BeaconParser: Ignoring pdu type 01
03-08 17:14:49.602 22672 25160 D BeaconParser: Processing pdu type FF: 02011a0aff4c0010050318773492000000000000000000000000000000000000000000000000000000000000000000000000000000000000000000000000 with startIndex: 5, endIndex: 13
03-08 17:14:49.602 22672 25160 D BeaconParser: This is not a matching Beacon advertisement. (Was expecting be ac.  The bytes I see are: 02011a0aff4c0010050318773492000000000000000000000000000000000000000000000000000000000000000000000000000000000000000000000000
03-08 17:14:49.602 22672 25160 D BeaconParser: Ignoring pdu type 01
03-08 17:14:49.602 22672 25160 D BeaconParser: Processing pdu type FF: 02011a0aff4c0010050318773492000000000000000000000000000000000000000000000000000000000000000000000000000000000000000000000000 with startIndex: 5, endIndex: 13
03-08 17:14:49.603 22672 25160 D BeaconParser: This is not a matching Beacon advertisement. (Was expecting 02 15.  The bytes I see are: 02011a0aff4c0010050318773492000000000000000000000000000000000000000000000000000000000000000000000000000000000000000000000000
03-08 17:14:49.611  2701  2880 D ScanRecord: Not a Multi Manu data
03-08 17:14:49.611  2701  2880 I chatty  : uid=1002(bluetooth) BT Service Call identical 1 line
03-08 17:14:49.611  2701  2880 D ScanRecord: Not a Multi Manu data
03-08 17:14:49.611  2701  2880 D BtGatt.GattService: onScanResult to scannerId: 6- event_type=0x1b, address_type=1, address=90:B, primary_phy=1, secondary_phy=0, advertising_sid=0xff, tx_power=127, rssi=-100, periodic_adv_int=0x0
03-08 17:14:49.613  2701  2880 D ScanRecord: Not a Multi Manu data
03-08 17:14:49.613  2701  2880 D ScanRecord: Not a Multi Manu data
03-08 17:14:49.613  2701  2880 D BtGatt.GattService: onScanResult to scannerId: 8- event_type=0x1b, address_type=1, address=90:B, primary_phy=1, secondary_phy=0, advertising_sid=0xff, tx_power=127, rssi=-100, periodic_adv_int=0x0
03-08 17:14:49.615 22672 22672 D CycledLeScannerForLollipop: got record
03-08 17:14:49.616 22672 22672 D CycledLeScannerForLollipop: with service uuid: 0000fe50-0000-1000-8000-00805f9b34fb
03-08 17:14:49.617 22672 25157 D BeaconParser: Ignoring pdu type 01
03-08 17:14:49.617 22672 25157 D BeaconParser: Ignoring pdu type 03
03-08 17:14:49.618 22672 25157 D BeaconParser: Processing pdu type 16: 020102030350fe051650fedc6000000000000000000000000000000000000000000000000000000000000000000000000000000000000000000000000000 with startIndex: 9, endIndex: 12
03-08 17:14:49.618 22672 25157 D BeaconParser: This is not a matching Beacon advertisement. (Was expecting be ac.  The bytes I see are: 020102030350fe051650fedc6000000000000000000000000000000000000000000000000000000000000000000000000000000000000000000000000000
03-08 17:14:49.619 22672 25157 D BeaconParser: Ignoring pdu type 01
03-08 17:14:49.619 22672 25157 D BeaconParser: Ignoring pdu type 03
03-08 17:14:49.619 22672 25157 D BeaconParser: Processing pdu type 16: 020102030350fe051650fedc6000000000000000000000000000000000000000000000000000000000000000000000000000000000000000000000000000 with startIndex: 9, endIndex: 12
03-08 17:14:49.619 22672 25157 D BeaconParser: This is not a matching Beacon advertisement. (Was expecting 02 15.  The bytes I see are: 020102030350fe051650fedc6000000000000000000000000000000000000000000000000000000000000000000000000000000000000000000000000000
03-08 17:14:49.627  2701  2880 D ScanRecord: Not a Multi Manu data
03-08 17:14:49.627  2701  2880 I chatty  : uid=1002(bluetooth) BT Service Call identical 1 line
03-08 17:14:49.627  2701  2880 D ScanRecord: Not a Multi Manu data
03-08 17:14:49.627  2701  2880 D BtGatt.GattService: onScanResult to scannerId: 6- event_type=0x1b, address_type=1, address=52:A, primary_phy=1, secondary_phy=0, advertising_sid=0xff, tx_power=127, rssi=-83, periodic_adv_int=0x0
03-08 17:14:49.628  2701  2880 D ScanRecord: Not a Multi Manu data
03-08 17:14:49.628  2701  2880 D ScanRecord: Not a Multi Manu data
03-08 17:14:49.629  2701  2880 D BtGatt.GattService: onScanResult to scannerId: 8- event_type=0x1b, address_type=1, address=52:A, primary_phy=1, secondary_phy=0, advertising_sid=0xff, tx_power=127, rssi=-83, periodic_adv_int=0x0
03-08 17:14:49.630 22672 22672 D CycledLeScannerForLollipop: got record
03-08 17:14:49.631 22672 25168 D BeaconParser: Ignoring pdu type 01
03-08 17:14:49.632 22672 25168 D BeaconParser: Processing pdu type FF: 02011a0aff4c0010050318a8a418000000000000000000000000000000000000000000000000000000000000000000000000000000000000000000000000 with startIndex: 5, endIndex: 13
03-08 17:14:49.632 22672 25168 D BeaconParser: This is not a matching Beacon advertisement. (Was expecting be ac.  The bytes I see are: 02011a0aff4c0010050318a8a418000000000000000000000000000000000000000000000000000000000000000000000000000000000000000000000000
03-08 17:14:49.632 22672 25168 D BeaconParser: Ignoring pdu type 01
03-08 17:14:49.633 22672 25168 D BeaconParser: Processing pdu type FF: 02011a0aff4c0010050318a8a418000000000000000000000000000000000000000000000000000000000000000000000000000000000000000000000000 with startIndex: 5, endIndex: 13
03-08 17:14:49.633 22672 25168 D BeaconParser: This is not a matching Beacon advertisement. (Was expecting 02 15.  The bytes I see are: 02011a0aff4c0010050318a8a418000000000000000000000000000000000000000000000000000000000000000000000000000000000000000000000000
03-08 17:14:49.731  2701  2880 D ScanRecord: Not a Multi Manu data
03-08 17:14:49.732  2701  2880 I chatty  : uid=1002(bluetooth) BT Service Call identical 1 line
03-08 17:14:49.732  2701  2880 D ScanRecord: Not a Multi Manu data
03-08 17:14:49.732  2701  2880 D BtGatt.GattService: onScanResult to scannerId: 6- event_type=0x1b, address_type=1, address=DF:0, primary_phy=1, secondary_phy=0, advertising_sid=0xff, tx_power=127, rssi=-96, periodic_adv_int=0x0
03-08 17:14:49.734  2701  2880 D ScanRecord: Not a Multi Manu data
03-08 17:14:49.734  2701  2880 D ScanRecord: Not a Multi Manu data
03-08 17:14:49.735  2701  2880 D BtGatt.GattService: onScanResult to scannerId: 8- event_type=0x1b, address_type=1, address=DF:0, primary_phy=1, secondary_phy=0, advertising_sid=0xff, tx_power=127, rssi=-96, periodic_adv_int=0x0
03-08 17:14:49.737 22672 22672 D CycledLeScannerForLollipop: got record
03-08 17:14:49.739 22672 25180 D BeaconParser: Ignoring pdu type 01
03-08 17:14:49.740 22672 25180 D BeaconParser: Processing pdu type FF: 02011a0aff4c001005011c2fa7cc000000000000000000000000000000000000000000000000000000000000000000000000000000000000000000000000 with startIndex: 5, endIndex: 13
03-08 17:14:49.741 22672 25180 D BeaconParser: This is not a matching Beacon advertisement. (Was expecting be ac.  The bytes I see are: 02011a0aff4c001005011c2fa7cc000000000000000000000000000000000000000000000000000000000000000000000000000000000000000000000000
03-08 17:14:49.741 22672 25180 D BeaconParser: Ignoring pdu type 01
03-08 17:14:49.742 22672 25180 D BeaconParser: Processing pdu type FF: 02011a0aff4c001005011c2fa7cc000000000000000000000000000000000000000000000000000000000000000000000000000000000000000000000000 with startIndex: 5, endIndex: 13
03-08 17:14:49.742 22672 25180 D BeaconParser: This is not a matching Beacon advertisement. (Was expecting 02 15.  The bytes I see are: 02011a0aff4c001005011c2fa7cc000000000000000000000000000000000000000000000000000000000000000000000000000000000000000000000000
03-08 17:14:49.862  2701  2880 D ScanRecord: Not a Multi Manu data
03-08 17:14:49.862  2701  2880 I chatty  : uid=1002(bluetooth) BT Service Call identical 1 line
03-08 17:14:49.863  2701  2880 D ScanRecord: Not a Multi Manu data
03-08 17:14:49.864  2701  2880 D BtGatt.GattService: onScanResult to scannerId: 6- event_type=0x1b, address_type=1, address=93:D, primary_phy=1, secondary_phy=0, advertising_sid=0xff, tx_power=127, rssi=-85, periodic_adv_int=0x0
03-08 17:14:49.865  2701  2880 D ScanRecord: Not a Multi Manu data
03-08 17:14:49.865  2701  2880 D ScanRecord: Not a Multi Manu data
03-08 17:14:49.866  2701  2880 D BtGatt.GattService: onScanResult to scannerId: 8- event_type=0x1b, address_type=1, address=93:D, primary_phy=1, secondary_phy=0, advertising_sid=0xff, tx_power=127, rssi=-85, periodic_adv_int=0x0
03-08 17:14:49.868 22672 22672 D CycledLeScannerForLollipop: got record
03-08 17:14:49.872 22672 25155 D BeaconParser: Ignoring pdu type 01
03-08 17:14:49.885 22672 25155 D BeaconParser: Processing pdu type FF: 02011a0aff4c0010050318773492000000000000000000000000000000000000000000000000000000000000000000000000000000000000000000000000 with startIndex: 5, endIndex: 13
03-08 17:14:49.886 22672 25155 D BeaconParser: This is not a matching Beacon advertisement. (Was expecting be ac.  The bytes I see are: 02011a0aff4c0010050318773492000000000000000000000000000000000000000000000000000000000000000000000000000000000000000000000000
03-08 17:14:49.887 22672 25155 D BeaconParser: Ignoring pdu type 01
03-08 17:14:49.887 22672 25155 D BeaconParser: Processing pdu type FF: 02011a0aff4c0010050318773492000000000000000000000000000000000000000000000000000000000000000000000000000000000000000000000000 with startIndex: 5, endIndex: 13
03-08 17:14:49.887 22672 25155 D BeaconParser: This is not a matching Beacon advertisement. (Was expecting 02 15.  The bytes I see are: 02011a0aff4c0010050318773492000000000000000000000000000000000000000000000000000000000000000000000000000000000000000000000000
03-08 17:14:49.893  2701  2880 D ScanRecord: Not a Multi Manu data
03-08 17:14:49.894  2701  2880 I chatty  : uid=1002(bluetooth) BT Service Call identical 1 line
03-08 17:14:49.894  2701  2880 D ScanRecord: Not a Multi Manu data
03-08 17:14:49.894  2701  2880 D BtGatt.GattService: onScanResult to scannerId: 6- event_type=0x1b, address_type=1, address=52:A, primary_phy=1, secondary_phy=0, advertising_sid=0xff, tx_power=127, rssi=-85, periodic_adv_int=0x0
03-08 17:14:49.895  2701  2880 D ScanRecord: Not a Multi Manu data
03-08 17:14:49.895  2701  2880 D ScanRecord: Not a Multi Manu data
03-08 17:14:49.895  2701  2880 D BtGatt.GattService: onScanResult to scannerId: 8- event_type=0x1b, address_type=1, address=52:A, primary_phy=1, secondary_phy=0, advertising_sid=0xff, tx_power=127, rssi=-85, periodic_adv_int=0x0
03-08 17:14:49.897 22672 22672 D CycledLeScannerForLollipop: got record
03-08 17:14:49.898 22672 25160 D BeaconParser: Ignoring pdu type 01
03-08 17:14:49.900 22672 25160 D BeaconParser: Processing pdu type FF: 02011a0aff4c0010050318a8a418000000000000000000000000000000000000000000000000000000000000000000000000000000000000000000000000 with startIndex: 5, endIndex: 13
03-08 17:14:49.901 22672 25160 D BeaconParser: This is not a matching Beacon advertisement. (Was expecting be ac.  The bytes I see are: 02011a0aff4c0010050318a8a418000000000000000000000000000000000000000000000000000000000000000000000000000000000000000000000000
03-08 17:14:49.901 22672 25160 D BeaconParser: Ignoring pdu type 01
03-08 17:14:49.902 22672 25160 D BeaconParser: Processing pdu type FF: 02011a0aff4c0010050318a8a418000000000000000000000000000000000000000000000000000000000000000000000000000000000000000000000000 with startIndex: 5, endIndex: 13
03-08 17:14:49.903 22672 25160 D BeaconParser: This is not a matching Beacon advertisement. (Was expecting 02 15.  The bytes I see are: 02011a0aff4c0010050318a8a418000000000000000000000000000000000000000000000000000000000000000000000000000000000000000000000000
03-08 17:14:49.904  2701  2880 D ScanRecord: Not a Multi Manu data
03-08 17:14:49.905  2701  2880 I chatty  : uid=1002(bluetooth) BT Service Call identical 1 line
03-08 17:14:49.905  2701  2880 D ScanRecord: Not a Multi Manu data
03-08 17:14:49.906  2701  2880 D BtGatt.GattService: onScanResult to scannerId: 6- event_type=0x1b, address_type=1, address=90:B, primary_phy=1, secondary_phy=0, advertising_sid=0xff, tx_power=127, rssi=-101, periodic_adv_int=0x0
03-08 17:14:49.906  2701  2880 D ScanRecord: Not a Multi Manu data
03-08 17:14:49.906  2701  2880 D ScanRecord: Not a Multi Manu data
03-08 17:14:49.907  2701  2880 D BtGatt.GattService: onScanResult to scannerId: 8- event_type=0x1b, address_type=1, address=90:B, primary_phy=1, secondary_phy=0, advertising_sid=0xff, tx_power=127, rssi=-101, periodic_adv_int=0x0
03-08 17:14:49.908 22672 22672 D CycledLeScannerForLollipop: got record
03-08 17:14:49.909 22672 22672 D CycledLeScannerForLollipop: with service uuid: 0000fe50-0000-1000-8000-00805f9b34fb
03-08 17:14:49.910 22672 25157 D BeaconParser: Ignoring pdu type 01
03-08 17:14:49.910 22672 25157 D BeaconParser: Ignoring pdu type 03
03-08 17:14:49.911 22672 25157 D BeaconParser: Processing pdu type 16: 020102030350fe051650fedc6000000000000000000000000000000000000000000000000000000000000000000000000000000000000000000000000000 with startIndex: 9, endIndex: 12
03-08 17:14:49.911 22672 25157 D BeaconParser: This is not a matching Beacon advertisement. (Was expecting be ac.  The bytes I see are: 020102030350fe051650fedc6000000000000000000000000000000000000000000000000000000000000000000000000000000000000000000000000000
03-08 17:14:49.911 22672 25157 D BeaconParser: Ignoring pdu type 01
03-08 17:14:49.911 22672 25157 D BeaconParser: Ignoring pdu type 03
03-08 17:14:49.912 22672 25157 D BeaconParser: Processing pdu type 16: 020102030350fe051650fedc6000000000000000000000000000000000000000000000000000000000000000000000000000000000000000000000000000 with startIndex: 9, endIndex: 12
03-08 17:14:49.912 22672 25157 D BeaconParser: This is not a matching Beacon advertisement. (Was expecting 02 15.  The bytes I see are: 020102030350fe051650fedc6000000000000000000000000000000000000000000000000000000000000000000000000000000000000000000000000000
03-08 17:14:49.930 22672 22672 D CycledLeScanner: Waiting to stop scan cycle for another 3099 milliseconds
03-08 17:14:49.974   735   900 I qti_sensors_hal: processReportInd: Accel - X: -0.159 Y: 2.025 Z: 9.398
03-08 17:14:50.004  2701  2880 D ScanRecord: Not a Multi Manu data
03-08 17:14:50.004  2701  2880 I chatty  : uid=1002(bluetooth) BT Service Call identical 1 line
03-08 17:14:50.004  2701  2880 D ScanRecord: Not a Multi Manu data
03-08 17:14:50.005  2701  2880 D BtGatt.GattService: onScanResult to scannerId: 6- event_type=0x1b, address_type=1, address=DF:0, primary_phy=1, secondary_phy=0, advertising_sid=0xff, tx_power=127, rssi=-97, periodic_adv_int=0x0
03-08 17:14:50.006  2701  2880 D ScanRecord: Not a Multi Manu data
03-08 17:14:50.006  2701  2880 D ScanRecord: Not a Multi Manu data
03-08 17:14:50.007  2701  2880 D BtGatt.GattService: onScanResult to scannerId: 8- event_type=0x1b, address_type=1, address=DF:0, primary_phy=1, secondary_phy=0, advertising_sid=0xff, tx_power=127, rssi=-97, periodic_adv_int=0x0
03-08 17:14:50.009 22672 22672 D CycledLeScannerForLollipop: got record
03-08 17:14:50.011 22672 25168 D BeaconParser: Ignoring pdu type 01
03-08 17:14:50.012 22672 25168 D BeaconParser: Processing pdu type FF: 02011a0aff4c001005011c2fa7cc000000000000000000000000000000000000000000000000000000000000000000000000000000000000000000000000 with startIndex: 5, endIndex: 13
03-08 17:14:50.012 22672 25168 D BeaconParser: This is not a matching Beacon advertisement. (Was expecting be ac.  The bytes I see are: 02011a0aff4c001005011c2fa7cc000000000000000000000000000000000000000000000000000000000000000000000000000000000000000000000000
03-08 17:14:50.013 22672 25168 D BeaconParser: Ignoring pdu type 01
03-08 17:14:50.015 22672 25168 D BeaconParser: Processing pdu type FF: 02011a0aff4c001005011c2fa7cc000000000000000000000000000000000000000000000000000000000000000000000000000000000000000000000000 with startIndex: 5, endIndex: 13
03-08 17:14:50.016 22672 25168 D BeaconParser: This is not a matching Beacon advertisement. (Was expecting 02 15.  The bytes I see are: 02011a0aff4c001005011c2fa7cc000000000000000000000000000000000000000000000000000000000000000000000000000000000000000000000000
03-08 17:14:50.130  2701  2880 D ScanRecord: Not a Multi Manu data
03-08 17:14:50.130  2701  2880 I chatty  : uid=1002(bluetooth) BT Service Call identical 1 line
03-08 17:14:50.131  2701  2880 D ScanRecord: Not a Multi Manu data
03-08 17:14:50.131  2701  2880 D BtGatt.GattService: onScanResult to scannerId: 6- event_type=0x1b, address_type=1, address=BD:6, primary_phy=1, secondary_phy=0, advertising_sid=0xff, tx_power=127, rssi=-100, periodic_adv_int=0x0
03-08 17:14:50.133  2701  2880 D ScanRecord: Not a Multi Manu data
03-08 17:14:50.133  2701  2880 D ScanRecord: Not a Multi Manu data
03-08 17:14:50.134  2701  2880 D BtGatt.GattService: onScanResult to scannerId: 8- event_type=0x1b, address_type=1, address=BD:6, primary_phy=1, secondary_phy=0, advertising_sid=0xff, tx_power=127, rssi=-100, periodic_adv_int=0x0
03-08 17:14:50.137 22672 22672 D CycledLeScannerForLollipop: got record
03-08 17:14:50.141 22672 25180 D BeaconParser: Ignoring pdu type 01
03-08 17:14:50.142 22672 25180 D BeaconParser: Processing pdu type FF: 02010613ff4c000c0e007337d50697996eff6bbdea118b000000000000000000000000000000000000000000000000000000000000000000000000000000 with startIndex: 5, endIndex: 22
03-08 17:14:50.146 22672 25180 D BeaconParser: This is not a matching Beacon advertisement. (Was expecting be ac.  The bytes I see are: 02010613ff4c000c0e007337d50697996eff6bbdea118b000000000000000000000000000000000000000000000000000000000000000000000000000000
03-08 17:14:50.147 22672 25180 D BeaconParser: Ignoring pdu type 01
03-08 17:14:50.147 22672 25180 D BeaconParser: Processing pdu type FF: 02010613ff4c000c0e007337d50697996eff6bbdea118b000000000000000000000000000000000000000000000000000000000000000000000000000000 with startIndex: 5, endIndex: 22
03-08 17:14:50.148 22672 25180 D BeaconParser: This is not a matching Beacon advertisement. (Was expecting 02 15.  The bytes I see are: 02010613ff4c000c0e007337d50697996eff6bbdea118b000000000000000000000000000000000000000000000000000000000000000000000000000000
03-08 17:14:50.156  2701  2880 D ScanRecord: Not a Multi Manu data
03-08 17:14:50.156  2701  2880 I chatty  : uid=1002(bluetooth) BT Service Call identical 1 line
03-08 17:14:50.156  2701  2880 D ScanRecord: Not a Multi Manu data
03-08 17:14:50.157  2701  2880 D BtGatt.GattService: onScanResult to scannerId: 6- event_type=0x1b, address_type=1, address=52:A, primary_phy=1, secondary_phy=0, advertising_sid=0xff, tx_power=127, rssi=-85, periodic_adv_int=0x0
03-08 17:14:50.159  2701  2880 D ScanRecord: Not a Multi Manu data
03-08 17:14:50.160  2701  2880 D ScanRecord: Not a Multi Manu data
03-08 17:14:50.160  2701  2880 D BtGatt.GattService: onScanResult to scannerId: 8- event_type=0x1b, address_type=1, address=52:A, primary_phy=1, secondary_phy=0, advertising_sid=0xff, tx_power=127, rssi=-85, periodic_adv_int=0x0
03-08 17:14:50.162 22672 22672 D CycledLeScannerForLollipop: got record
03-08 17:14:50.166 22672 25155 D BeaconParser: Ignoring pdu type 01
03-08 17:14:50.166 22672 25155 D BeaconParser: Processing pdu type FF: 02011a0aff4c0010050318a8a418000000000000000000000000000000000000000000000000000000000000000000000000000000000000000000000000 with startIndex: 5, endIndex: 13
03-08 17:14:50.167 22672 25155 D BeaconParser: This is not a matching Beacon advertisement. (Was expecting be ac.  The bytes I see are: 02011a0aff4c0010050318a8a418000000000000000000000000000000000000000000000000000000000000000000000000000000000000000000000000
03-08 17:14:50.167 22672 25155 D BeaconParser: Ignoring pdu type 01
03-08 17:14:50.167 22672 25155 D BeaconParser: Processing pdu type FF: 02011a0aff4c0010050318a8a418000000000000000000000000000000000000000000000000000000000000000000000000000000000000000000000000 with startIndex: 5, endIndex: 13
03-08 17:14:50.167 22672 25155 D BeaconParser: This is not a matching Beacon advertisement. (Was expecting 02 15.  The bytes I see are: 02011a0aff4c0010050318a8a418000000000000000000000000000000000000000000000000000000000000000000000000000000000000000000000000
03-08 17:14:50.172  2701  2880 D ScanRecord: Not a Multi Manu data
03-08 17:14:50.172  2701  2880 I chatty  : uid=1002(bluetooth) BT Service Call identical 1 line
03-08 17:14:50.172  2701  2880 D ScanRecord: Not a Multi Manu data
03-08 17:14:50.174  2701  2880 D BtGatt.GattService: onScanResult to scannerId: 6- event_type=0x1b, address_type=1, address=90:B, primary_phy=1, secondary_phy=0, advertising_sid=0xff, tx_power=127, rssi=-101, periodic_adv_int=0x0
03-08 17:14:50.175  2701  2880 D ScanRecord: Not a Multi Manu data
03-08 17:14:50.175  2701  2880 D ScanRecord: Not a Multi Manu data
03-08 17:14:50.175  2701  2880 D BtGatt.GattService: onScanResult to scannerId: 8- event_type=0x1b, address_type=1, address=90:B, primary_phy=1, secondary_phy=0, advertising_sid=0xff, tx_power=127, rssi=-101, periodic_adv_int=0x0
03-08 17:14:50.177 22672 22672 D CycledLeScannerForLollipop: got record
03-08 17:14:50.177 22672 22672 D CycledLeScannerForLollipop: with service uuid: 0000fe50-0000-1000-8000-00805f9b34fb
03-08 17:14:50.178 22672 25160 D BeaconParser: Ignoring pdu type 01
03-08 17:14:50.178 22672 25160 D BeaconParser: Ignoring pdu type 03
03-08 17:14:50.178 22672 25160 D BeaconParser: Processing pdu type 16: 020102030350fe051650fedc6000000000000000000000000000000000000000000000000000000000000000000000000000000000000000000000000000 with startIndex: 9, endIndex: 12
03-08 17:14:50.179 22672 25160 D BeaconParser: This is not a matching Beacon advertisement. (Was expecting be ac.  The bytes I see are: 020102030350fe051650fedc6000000000000000000000000000000000000000000000000000000000000000000000000000000000000000000000000000
03-08 17:14:50.179 22672 25160 D BeaconParser: Ignoring pdu type 01
03-08 17:14:50.180 22672 25160 D BeaconParser: Ignoring pdu type 03
03-08 17:14:50.180 22672 25160 D BeaconParser: Processing pdu type 16: 020102030350fe051650fedc6000000000000000000000000000000000000000000000000000000000000000000000000000000000000000000000000000 with startIndex: 9, endIndex: 12
03-08 17:14:50.180 22672 25160 D BeaconParser: This is not a matching Beacon advertisement. (Was expecting 02 15.  The bytes I see are: 020102030350fe051650fedc6000000000000000000000000000000000000000000000000000000000000000000000000000000000000000000000000000
03-08 17:14:50.275  2701  2880 D ScanRecord: Not a Multi Manu data
03-08 17:14:50.276  2701  2880 I chatty  : uid=1002(bluetooth) BT Service Call identical 1 line
03-08 17:14:50.276  2701  2880 D ScanRecord: Not a Multi Manu data
03-08 17:14:50.277  2701  2880 D BtGatt.GattService: onScanResult to scannerId: 6- event_type=0x1b, address_type=1, address=DF:0, primary_phy=1, secondary_phy=0, advertising_sid=0xff, tx_power=127, rssi=-96, periodic_adv_int=0x0
03-08 17:14:50.278  2701  2880 D ScanRecord: Not a Multi Manu data
03-08 17:14:50.278  2701  2880 D ScanRecord: Not a Multi Manu data
03-08 17:14:50.279  2701  2880 D BtGatt.GattService: onScanResult to scannerId: 8- event_type=0x1b, address_type=1, address=DF:0, primary_phy=1, secondary_phy=0, advertising_sid=0xff, tx_power=127, rssi=-96, periodic_adv_int=0x0
03-08 17:14:50.282 22672 22672 D CycledLeScannerForLollipop: got record
03-08 17:14:50.284 22672 25157 D BeaconParser: Ignoring pdu type 01
03-08 17:14:50.285 22672 25157 D BeaconParser: Processing pdu type FF: 02011a0aff4c001005011c2fa7cc000000000000000000000000000000000000000000000000000000000000000000000000000000000000000000000000 with startIndex: 5, endIndex: 13
03-08 17:14:50.285 22672 25157 D BeaconParser: This is not a matching Beacon advertisement. (Was expecting be ac.  The bytes I see are: 02011a0aff4c001005011c2fa7cc000000000000000000000000000000000000000000000000000000000000000000000000000000000000000000000000
03-08 17:14:50.285 22672 25157 D BeaconParser: Ignoring pdu type 01
03-08 17:14:50.285 22672 25157 D BeaconParser: Processing pdu type FF: 02011a0aff4c001005011c2fa7cc000000000000000000000000000000000000000000000000000000000000000000000000000000000000000000000000 with startIndex: 5, endIndex: 13
03-08 17:14:50.286 22672 25157 D BeaconParser: This is not a matching Beacon advertisement. (Was expecting 02 15.  The bytes I see are: 02011a0aff4c001005011c2fa7cc000000000000000000000000000000000000000000000000000000000000000000000000000000000000000000000000
03-08 17:14:50.403  2701  2880 D ScanRecord: Not a Multi Manu data
03-08 17:14:50.403  2701  2880 I chatty  : uid=1002(bluetooth) BT Service Call identical 1 line
03-08 17:14:50.403  2701  2880 D ScanRecord: Not a Multi Manu data
03-08 17:14:50.404  2701  2880 D BtGatt.GattService: onScanResult to scannerId: 6- event_type=0x1b, address_type=1, address=93:D, primary_phy=1, secondary_phy=0, advertising_sid=0xff, tx_power=127, rssi=-85, periodic_adv_int=0x0
03-08 17:14:50.407  2701  2880 D ScanRecord: Not a Multi Manu data
03-08 17:14:50.407  2701  2880 D ScanRecord: Not a Multi Manu data
03-08 17:14:50.408  2701  2880 D BtGatt.GattService: onScanResult to scannerId: 8- event_type=0x1b, address_type=1, address=93:D, primary_phy=1, secondary_phy=0, advertising_sid=0xff, tx_power=127, rssi=-85, periodic_adv_int=0x0
03-08 17:14:50.411 22672 22672 D CycledLeScannerForLollipop: got record
03-08 17:14:50.415 22672 25168 D BeaconParser: Ignoring pdu type 01
03-08 17:14:50.416 22672 25168 D BeaconParser: Processing pdu type FF: 02011a0aff4c0010050318773492000000000000000000000000000000000000000000000000000000000000000000000000000000000000000000000000 with startIndex: 5, endIndex: 13
03-08 17:14:50.417 22672 25168 D BeaconParser: This is not a matching Beacon advertisement. (Was expecting be ac.  The bytes I see are: 02011a0aff4c0010050318773492000000000000000000000000000000000000000000000000000000000000000000000000000000000000000000000000
03-08 17:14:50.418 22672 25168 D BeaconParser: Ignoring pdu type 01
03-08 17:14:50.418 22672 25168 D BeaconParser: Processing pdu type FF: 02011a0aff4c0010050318773492000000000000000000000000000000000000000000000000000000000000000000000000000000000000000000000000 with startIndex: 5, endIndex: 13
03-08 17:14:50.419 22672 25168 D BeaconParser: This is not a matching Beacon advertisement. (Was expecting 02 15.  The bytes I see are: 02011a0aff4c0010050318773492000000000000000000000000000000000000000000000000000000000000000000000000000000000000000000000000
03-08 17:14:50.425  2701  2880 D ScanRecord: Not a Multi Manu data
03-08 17:14:50.425  2701  2880 I chatty  : uid=1002(bluetooth) BT Service Call identical 1 line
03-08 17:14:50.425  2701  2880 D ScanRecord: Not a Multi Manu data
03-08 17:14:50.426  2701  2880 D BtGatt.GattService: onScanResult to scannerId: 6- event_type=0x1b, address_type=1, address=52:A, primary_phy=1, secondary_phy=0, advertising_sid=0xff, tx_power=127, rssi=-85, periodic_adv_int=0x0
03-08 17:14:50.427  2701  2880 D ScanRecord: Not a Multi Manu data
03-08 17:14:50.427  2701  2880 D ScanRecord: Not a Multi Manu data
03-08 17:14:50.427  2701  2880 D BtGatt.GattService: onScanResult to scannerId: 8- event_type=0x1b, address_type=1, address=52:A, primary_phy=1, secondary_phy=0, advertising_sid=0xff, tx_power=127, rssi=-85, periodic_adv_int=0x0
03-08 17:14:50.429 22672 22672 D CycledLeScannerForLollipop: got record
03-08 17:14:50.430 22672 25180 D BeaconParser: Ignoring pdu type 01
03-08 17:14:50.431 22672 25180 D BeaconParser: Processing pdu type FF: 02011a0aff4c0010050318a8a418000000000000000000000000000000000000000000000000000000000000000000000000000000000000000000000000 with startIndex: 5, endIndex: 13
03-08 17:14:50.431 22672 25180 D BeaconParser: This is not a matching Beacon advertisement. (Was expecting be ac.  The bytes I see are: 02011a0aff4c0010050318a8a418000000000000000000000000000000000000000000000000000000000000000000000000000000000000000000000000
03-08 17:14:50.432 22672 25180 D BeaconParser: Ignoring pdu type 01
03-08 17:14:50.432 22672 25180 D BeaconParser: Processing pdu type FF: 02011a0aff4c0010050318a8a418000000000000000000000000000000000000000000000000000000000000000000000000000000000000000000000000 with startIndex: 5, endIndex: 13
03-08 17:14:50.432 22672 25180 D BeaconParser: This is not a matching Beacon advertisement. (Was expecting 02 15.  The bytes I see are: 02011a0aff4c0010050318a8a418000000000000000000000000000000000000000000000000000000000000000000000000000000000000000000000000
03-08 17:14:50.476  2701  2880 D ScanRecord: Not a Multi Manu data
03-08 17:14:50.476  2701  2880 I chatty  : uid=1002(bluetooth) BT Service Call identical 1 line
03-08 17:14:50.476  2701  2880 D ScanRecord: Not a Multi Manu data
03-08 17:14:50.477  2701  2880 D BtGatt.GattService: onScanResult to scannerId: 6- event_type=0x1b, address_type=1, address=90:B, primary_phy=1, secondary_phy=0, advertising_sid=0xff, tx_power=127, rssi=-99, periodic_adv_int=0x0
03-08 17:14:50.478  2701  2880 D ScanRecord: Not a Multi Manu data
03-08 17:14:50.478  2701  2880 D ScanRecord: Not a Multi Manu data
03-08 17:14:50.479  2701  2880 D BtGatt.GattService: onScanResult to scannerId: 8- event_type=0x1b, address_type=1, address=90:B, primary_phy=1, secondary_phy=0, advertising_sid=0xff, tx_power=127, rssi=-99, periodic_adv_int=0x0
03-08 17:14:50.482 22672 22672 D CycledLeScannerForLollipop: got record
